node.exe : npm warn Unknown cli config "--run". This will stop working in the next major version of npm.
At C:\nvm4w\nodejs\npm.ps1:16 char:5
+     & "$basedir/node$exe"  "$basedir/node_modules/npm/bin/npm-cli.js" ...
+     ~~~~~~~~~~~~~~~~~~~~~~~~~~~~~~~~~~~~~~~~~~~~~~~~~~~~~~~~~~~~~~~~~
    + CategoryInfo          : NotSpecified: (npm warn Unknow...version of npm.:String) [], RemoteException
    + FullyQualifiedErrorId : NativeCommandError
 
npm warn Unknown cli config "--testPathPattern". This will stop working in the next major version of npm.
npm warn Unknown cli config "--coverage". This will stop working in the next major version of npm.

> test
> vitest


[1m[44m DEV [49m[22m [34mv4.0.15 [39m[90mD:/Documents/Mis_proyectos/Proyectos_Actuales/aiutox_erp_core/frontend[39m

[90mstderr[2m | app/features/views/hooks/__tests__/useSavedFilters.test.ts[2m > [22m[2museSavedFilters[2m > [22m[2mshould get default filter for a module
[22m[39mThe current testing environment is not configured to support act(...)
The current testing environment is not configured to support act(...)
The current testing environment is not configured to support act(...)

[90mstderr[2m | app/features/views/hooks/__tests__/useSavedFilters.test.ts[2m > [22m[2museSavedFilters[2m > [22m[2mshould get default filter for a module
[22m[39mThe current testing environment is not configured to support act(...)

[90mstderr[2m | app/features/views/hooks/__tests__/useSavedFilters.test.ts[2m > [22m[2museSavedFilters[2m > [22m[2mshould get default filter for a module
[22m[39mThe current testing environment is not configured to support act(...)

 [31mÔØ»[39m app/features/files/hooks/__tests__/useFilePermissions.test.tsx [2m([22m[2m5 tests[22m[2m | [22m[31m3 failed[39m[2m)[22m[33m 1161[2mms[22m[39m
     [32mÔ£ô[39m should return no permissions when fileId is null[32m 134[2mms[22m[39m
     [32mÔ£ô[39m should return all permissions when user is owner[32m 133[2mms[22m[39m
[31m     [31m├ù[31m should use module-level permissions when user has files.view[39m[32m 144[2mms[22m[39m
[31m     [31m├ù[31m should use file-specific permissions when available[39m[32m 145[2mms[22m[39m
[31m     [31m├ù[31m should handle errors gracefully[39m[33m 1148[2mms[22m[39m
 [31mÔØ»[39m app/features/files/hooks/__tests__/useFolderPermissions.test.tsx [2m([22m[2m5 tests[22m[2m | [22m[31m3 failed[39m[2m)[22m[33m 1152[2mms[22m[39m
     [32mÔ£ô[39m should return no permissions when folderId is null[32m 139[2mms[22m[39m
     [32mÔ£ô[39m should return all permissions when user is owner[32m 140[2mms[22m[39m
[31m     [31m├ù[31m should use module-level permissions when user has folders.view[39m[32m 150[2mms[22m[39m
[31m     [31m├ù[31m should use folder-specific permissions when available[39m[32m 151[2mms[22m[39m
[31m     [31m├ù[31m should handle errors gracefully[39m[33m 1133[2mms[22m[39m
 [31mÔØ»[39m app/features/views/hooks/__tests__/useSavedFilters.test.ts [2m([22m[2m6 tests[22m[2m | [22m[31m2 failed[39m[2m)[22m[33m 1133[2mms[22m[39m
     [32mÔ£ô[39m should initialize with empty state[32m 92[2mms[22m[39m
     [32mÔ£ô[39m should load filters automatically when autoLoad is true[32m 112[2mms[22m[39m
     [32mÔ£ô[39m should handle errors when loading filters[32m 107[2mms[22m[39m
[31m     [31m├ù[31m should create a filter[39m[32m 105[2mms[22m[39m
     [32mÔ£ô[39m should get default filter for a module[32m 108[2mms[22m[39m
[31m     [31m├ù[31m should get my filters (not shared)[39m[33m 1031[2mms[22m[39m
 [31mÔØ»[39m app/features/views/hooks/__tests__/useFilterUrlSync.test.ts [2m([22m[2m4 tests[22m[2m | [22m[31m2 failed[39m[2m)[22m[33m 2163[2mms[22m[39m
     [32mÔ£ô[39m should initialize with filter ID from URL[32m 116[2mms[22m[39m
     [32mÔ£ô[39m should initialize with null when no filter ID in URL[32m 116[2mms[22m[39m
[31m     [31m├ù[31m should update filter ID in URL[39m[33m 2150[2mms[22m[39m
[31m     [31m├ù[31m should clear filter ID from URL[39m[33m 2152[2mms[22m[39m
 [31mÔØ»[39m app/features/files/components/previewers/__tests__/MermaidPreview.test.tsx [2m([22m[2m3 tests[22m[2m | [22m[31m1 failed[39m[2m)[22m[33m 3154[2mms[22m[39m
     [32mÔ£ô[39m should display loading state[32m 160[2mms[22m[39m
     [32mÔ£ô[39m should display error state[32m 160[2mms[22m[39m
[31m     [31m├ù[31m should render Mermaid diagram[39m[33m 3145[2mms[22m[39m
 [31mÔØ»[39m app/hooks/__tests__/useThemeConfig.test.tsx [2m([22m[2m13 tests[22m[2m | [22m[31m6 failed[39m[2m)[22m[33m 5213[2mms[22m[39m
       [32mÔ£ô[39m should fetch theme config successfully[32m 140[2mms[22m[39m
       [32mÔ£ô[39m should handle loading state[32m 174[2mms[22m[39m
[31m       [31m├ù[31m should handle fetch error[39m[32m 167[2mms[22m[39m
[31m       [31m├ù[31m should return empty config when no theme data[39m[32m 189[2mms[22m[39m
[31m       [31m├ù[31m should apply theme colors to CSS variables[39m[33m 5104[2mms[22m[39m
[31m       [31m├ù[31m should update favicon when provided[39m[33m 5022[2mms[22m[39m
[31m       [31m├ù[31m should not apply CSS variables for unmapped keys[39m[33m 5013[2mms[22m[39m
[31m       [31m├ù[31m should update theme successfully[39m[33m 5028[2mms[22m[39m
       [32mÔ£ô[39m should handle update error[32m 93[2mms[22m[39m
       [32mÔ£ô[39m should show updating state during mutation[32m 72[2mms[22m[39m
       [32mÔ£ô[39m should update single property successfully[32m 79[2mms[22m[39m
       [32mÔ£ô[39m should refetch theme after updating property[32m 82[2mms[22m[39m
       [32mÔ£ô[39m should cache theme data[32m 72[2mms[22m[39m
[2m9:33:04 PM[22m [33m[1m[vite][22m[39m [33m[2m(client)[22m[39m [33mwarning: [33mDuplicate key "testConnection" in object literal[33m
478 |        fromNameRequired: "Sender Name is required",
479 |        errorSaving: "Error saving configuration",
480 |        testConnection: "Test Connection",
    |        ^
481 |        enabled: "Enabled",
482 |        templatesTitle: "Notification Templates",
[39m
  Plugin: [35mvite:esbuild[39m
  File: [36mD:/Documents/Mis_proyectos/Proyectos_Actuales/aiutox_erp_core/frontend/app/lib/i18n/translations/en.ts[39m
[2m9:33:04 PM[22m [33m[1m[vite][22m[39m [33m[2m(client)[22m[39m [33mwarning: [33mDuplicate key "timeline" in object literal[33m
767 |        deleteFailed: "Failed to delete activity. Please try again.",
768 |      },
769 |      timeline: {
    |      ^
770 |        title: "Activities Timeline",
771 |        description: "Chronological history of all activities",
[39m
  Plugin: [35mvite:esbuild[39m
  File: [36mD:/Documents/Mis_proyectos/Proyectos_Actuales/aiutox_erp_core/frontend/app/lib/i18n/translations/en.ts[39m
[2m9:33:04 PM[22m [33m[1m[vite][22m[39m [33m[2m(client)[22m[39m [33mwarning: [33mDuplicate key "metadata" in object literal[33m
774 |        loadingMore: "Loading more activities...",
775 |      },
776 |      metadata: {
    |      ^
777 |        priority: "Priority",
778 |        assignedTo: "Assigned to",
[39m
  Plugin: [35mvite:esbuild[39m
  File: [36mD:/Documents/Mis_proyectos/Proyectos_Actuales/aiutox_erp_core/frontend/app/lib/i18n/translations/en.ts[39m
[2m9:33:04 PM[22m [33m[1m[vite][22m[39m [33m[2m(client)[22m[39m [33mwarning: [33mDuplicate key "timeline" in object literal[33m
166 |        deleteFailed: "Error al eliminar actividad. Intenta nuevamente.",
167 |      },
168 |      timeline: {
    |      ^
169 |        title: "Timeline de Actividades",
170 |        description: "Historial cronol├│gico de todas las actividades",
[39m
  Plugin: [35mvite:esbuild[39m
  File: [36mD:/Documents/Mis_proyectos/Proyectos_Actuales/aiutox_erp_core/frontend/app/lib/i18n/translations/es.ts[39m
 [31mÔØ»[39m app/lib/storage/__tests__/encryptedStorage.test.ts [2m([22m[2m8 tests[22m[2m | [22m[31m3 failed[39m[2m)[22m[33m 409[2mms[22m[39m
[31m       [31m├ù[31m should encrypt and decrypt data correctly[39m[32m 186[2mms[22m[39m
       [32mÔ£ô[39m should fail to decrypt with wrong secret[32m 108[2mms[22m[39m
       [32mÔ£ô[39m should fail to decrypt with wrong tenant[32m 104[2mms[22m[39m
       [32mÔ£ô[39m should store and retrieve encrypted data[32m 196[2mms[22m[39m
       [32mÔ£ô[39m should return null for non-existent key[32m 11[2mms[22m[39m
[31m       [31m├ù[31m should return null for expired data[39m[32m 293[2mms[22m[39m
       [32mÔ£ô[39m should remove encrypted data[32m 84[2mms[22m[39m
[31m       [31m├ù[31m should clear expired entries[39m[32m 284[2mms[22m[39m
 [31mÔØ»[39m app/routes/__tests__/config.theme.test.tsx [2m([22m[2m20 tests[22m[2m | [22m[31m13 failed[39m[2m)[22m[33m 6997[2mms[22m[39m
       [33m[2mÔ£ô[22m[39m should render theme configuration page [33m 904[2mms[22m[39m
[31m       [31m├ù[31m should show loading state[39m[33m 903[2mms[22m[39m
[31m       [31m├ù[31m should show error message when error occurs[39m[33m 904[2mms[22m[39m
       [33m[2mÔ£ô[22m[39m should render all tabs [33m 904[2mms[22m[39m
       [33m[2mÔ£ô[22m[39m should render action buttons [33m 904[2mms[22m[39m
       [33m[2mÔ£ô[22m[39m should render color inputs [33m 2094[2mms[22m[39m
       [33m[2mÔ£ô[22m[39m should display current color values [33m 2094[2mms[22m[39m
[31m       [31m├ù[31m should update color value on change[39m[33m 5728[2mms[22m[39m
[31m       [31m├ù[31m should render logo inputs[39m[33m 2094[2mms[22m[39m
[31m       [31m├ù[31m should display current logo values[39m[33m 2094[2mms[22m[39m
[31m       [31m├ù[31m should update logo value on change[39m[33m 3990[2mms[22m[39m
[31m       [31m├ù[31m should render typography inputs[39m[33m 1283[2mms[22m[39m
[31m       [31m├ù[31m should display current typography values[39m[33m 1283[2mms[22m[39m
[31m       [31m├ù[31m should render component style inputs[39m[33m 1283[2mms[22m[39m
[31m       [31m├ù[31m should call updateTheme when save button is clicked[39m[33m 2354[2mms[22m[39m
       [33m[2mÔ£ô[22m[39m should disable save button while updating [33m 1001[2mms[22m[39m
[31m       [31m├ù[31m should reset changes when reset button is clicked[39m[33m 2354[2mms[22m[39m
       [32mÔ£ô[39m should disable reset button while updating[32m 134[2mms[22m[39m
[31m       [31m├ù[31m should use default values when theme is empty[39m[32m 153[2mms[22m[39m
[31m       [31m├ù[31m should switch between tabs[39m[33m 1024[2mms[22m[39m
[90mstdout[2m | app/features/files/components/__tests__/FileList.test.tsx[2m > [22m[2mFileList[2m > [22m[2mshould have download functionality available
[22m[39m[apiClient] Request to users: {
  url: [32m'/users'[39m,
  method: [32m'get'[39m,
  hasToken: [33mfalse[39m,
  baseURL: [32m'http://localhost:8000/api/v1'[39m,
  fullURL: [32m'http://localhost:8000/api/v1/users'[39m,
  data: [90mundefined[39m
}
[apiClient] Request to users: {
  url: [32m'/users'[39m,
  method: [32m'get'[39m,
  hasToken: [33mfalse[39m,
  baseURL: [32m'http://localhost:8000/api/v1'[39m,
  fullURL: [32m'http://localhost:8000/api/v1/users'[39m,
  data: [90mundefined[39m
}

 [31mÔØ»[39m app/features/files/components/__tests__/FileList.test.tsx [2m([22m[2m6 tests[22m[2m | [22m[31m4 failed[39m[2m)[22m[32m 213[2mms[22m[39m
     [32mÔ£ô[39m should render loading state[32m 175[2mms[22m[39m
[31m     [31m├ù[31m should render files list[39m[32m 173[2mms[22m[39m
     [32mÔ£ô[39m should render empty state when no files[32m 174[2mms[22m[39m
[31m     [31m├ù[31m should have delete functionality available[39m[32m 174[2mms[22m[39m
[31m     [31m├ù[31m should have download functionality available[39m[32m 174[2mms[22m[39m
[31m     [31m├ù[31m should display pagination when there are multiple pages[39m[32m 27[2mms[22m[39m
 [31mÔØ»[39m app/features/reporting/__tests__/ReportList.test.tsx [2m([22m[2m27 tests[22m[2m | [22m[31m22 failed[39m[2m)[22m[33m 669[2mms[22m[39m
[31m       [31m├ù[31m renders report list with actions[39m[33m 470[2mms[22m[39m
[31m       [31m├ù[31m calls onEdit when edit button is clicked[39m[33m 470[2mms[22m[39m
[31m       [31m├ù[31m calls onDelete when delete button is clicked[39m[33m 471[2mms[22m[39m
[31m       [31m├ù[31m calls onExecute when execute button is clicked[39m[33m 471[2mms[22m[39m
[31m       [31m├ù[31m calls onSearch when search is performed[39m[33m 470[2mms[22m[39m
[31m       [31m├ù[31m shows loading state[39m[32m 100[2mms[22m[39m
[31m       [31m├ù[31m shows empty state[39m[32m 99[2mms[22m[39m
[31m       [31m├ù[31m renders builder form with all fields[39m[32m 99[2mms[22m[39m
[31m       [31m├ù[31m calls onSubmit when form is submitted[39m[32m 99[2mms[22m[39m
[31m       [31m├ù[31m calls onCancel when cancel button is clicked[39m[32m 99[2mms[22m[39m
[31m       [31m├ù[31m adds visualizations when add button is clicked[39m[32m 37[2mms[22m[39m
[31m       [31m├ù[31m adds parameters when add button is clicked[39m[32m 37[2mms[22m[39m
[31m       [31m├ù[31m renders viewer with report information[39m[32m 37[2mms[22m[39m
[31m       [31m├ù[31m shows execution status when execution is provided[39m[32m 36[2mms[22m[39m
[31m       [31m├ù[31m calls onExecute when execute button is clicked[39m[32m 36[2mms[22m[39m
[31m       [31m├ù[31m calls onExport when export button is clicked[39m[32m 30[2mms[22m[39m
[31m       [31m├ù[31m renders parameters when report has parameters[39m[32m 30[2mms[22m[39m
[31m       [31m├ù[31m shows no results message when no execution[39m[32m 30[2mms[22m[39m
[31m       [31m├ù[31m renders export options[39m[32m 30[2mms[22m[39m
[31m       [31m├ù[31m calls onExport when export button is clicked[39m[32m 29[2mms[22m[39m
[31m       [31m├ù[31m shows disabled state when execution is not completed[39m[32m 10[2mms[22m[39m
[31m       [31m├ù[31m shows loading state during export[39m[32m 10[2mms[22m[39m
       [32mÔ£ô[39m has required report fields[32m 10[2mms[22m[39m
       [32mÔ£ô[39m has required data source fields[32m 10[2mms[22m[39m
       [32mÔ£ô[39m has required execution fields[32m 10[2mms[22m[39m
       [32mÔ£ô[39m has correct visualization types[32m 4[2mms[22m[39m
       [32mÔ£ô[39m has correct parameter structure[32m 4[2mms[22m[39m
 [31mÔØ»[39m app/routes/__tests__/forgot-password.test.tsx [2m([22m[2m2 tests[22m[2m | [22m[31m1 failed[39m[2m)[22m[33m 373[2mms[22m[39m
     [33m[2mÔ£ô[22m[39m should render forgot password form [33m 363[2mms[22m[39m
[31m     [31m├ù[31m should have link to login page[39m[33m 362[2mms[22m[39m
[90mstdout[2m | app/lib/api/__tests__/client.test.ts[2m > [22m[2mapiClient - Refresh Token[2m > [22m[2mResponse Interceptor - 401 Handling[2m > [22m[2mshould redirect to login if refresh token is expired
[22m[39m[apiClient] Token is not a valid JWT format, skipping proactive refresh

[90mstderr[2m | app/lib/api/__tests__/client.test.ts[2m > [22m[2mapiClient - Refresh Token[2m > [22m[2mCookie Support[2m > [22m[2mshould not store refresh token in localStorage when using cookies
[22m[39m[MSW] Warning: intercepted a request without a matching request handler:

  ÔÇó POST http://127.0.0.1:7242/ingest/bd91a56b-aa7d-44fb-ac11-0977789d60c5

  ÔÇó Request body: {"location":"client.test.ts:206","message":"mockRefreshClientPost configured BEFORE interceptor 
call","data":{"callCount":1,"mockConfigured":true},"timestamp":1767493987802,"sessionId":"debug-session","runId":"run2","hypothesisId":"D"}

If you still wish to intercept this unhandled request, please create a request handler for it.
Read more: https://mswjs.io/docs/http/intercepting-requests
[MSW] Warning: intercepted a request without a matching request handler:

  ÔÇó POST http://127.0.0.1:7242/ingest/bd91a56b-aa7d-44fb-ac11-0977789d60c5

  ÔÇó Request body: {"location":"client.test.ts:264","message":"requestMock configured on apiClient","data":{"hasRequest":true,"isRequestMock":false},"timestamp":1767493987826,"sessionId":"debug-session","runId":"run10","hypothesisId":"K"}

If you still wish to intercept this unhandled request, please create a request handler for it.
Read more: https://mswjs.io/docs/http/intercepting-requests
[MSW] Warning: intercepted a request without a matching request handler:

  ÔÇó POST http://127.0.0.1:7242/ingest/bd91a56b-aa7d-44fb-ac11-0977789d60c5

  ÔÇó Request body: {"location":"client.test.ts:218","message":"before calling responseError","data":{"callCount":1},"timestamp":1767493987830,"sessionId":"debug-session","runId":"run2","hypothesisId":"E"}

If you still wish to intercept this unhandled request, please create a request handler for it.
Read more: https://mswjs.io/docs/http/intercepting-requests
[MSW] Warning: intercepted a request without a matching request handler:

  ÔÇó POST http://127.0.0.1:7242/ingest/bd91a56b-aa7d-44fb-ac11-0977789d60c5

  ÔÇó Request body: {"location":"client.test.ts:36","message":"axios.create called","data":{"currentCall":2,"isFirstCall":false,"createCallCount":2},"timestamp":1767493987832,"sessionId":"debug-session","runId":"run2","hypothesisId":"A"}

If you still wish to intercept this unhandled request, please create a request handler for it.
Read more: https://mswjs.io/docs/http/intercepting-requests
[MSW] Warning: intercepted a request without a matching request handler:

  ÔÇó POST http://127.0.0.1:7242/ingest/bd91a56b-aa7d-44fb-ac11-0977789d60c5

  ÔÇó Request body: {"location":"client.test.ts:61","message":"post called","data":{"callNumber":2,"isFirst":false,"args":"/auth/refresh"},"timestamp":1767493987834,"sessionId":"debug-session","runId":"run2","hypothesisId":"B"}

If you still wish to intercept this unhandled request, please create a request handler for it.
Read more: https://mswjs.io/docs/http/intercepting-requests
[MSW] Warning: intercepted a request without a matching request handler:

  ÔÇó POST http://127.0.0.1:7242/ingest/bd91a56b-aa7d-44fb-ac11-0977789d60c5

  ÔÇó Request body: {"location":"client.test.ts:65","message":"post mock 
selection","data":{"callNumber":2,"usingFirstInstance":false,"mockRefreshConfigured":true},"timestamp":1767493987834,"sessionId":"debug-session","runId":"run2","hypothesisId":"C"}

If you still wish to intercept this unhandled request, please create a request handler for it.
Read more: https://mswjs.io/docs/http/intercepting-requests

[90mstdout[2m | app/lib/api/__tests__/client.test.ts[2m > [22m[2mapiClient - Refresh Token[2m > [22m[2mCookie Support[2m > [22m[2mshould not store refresh token in localStorage when using cookies
[22m[39m[apiClient] Token is not a valid JWT format, skipping proactive refresh

[90mstderr[2m | app/lib/api/__tests__/client.test.ts[2m > [22m[2mapiClient - Refresh Token[2m > [22m[2mCookie Support[2m > [22m[2mshould not store refresh token in localStorage when using cookies
[22m[39m[MSW] Warning: intercepted a request without a matching request handler:

  ÔÇó POST http://127.0.0.1:7242/ingest/bd91a56b-aa7d-44fb-ac11-0977789d60c5

  ÔÇó Request body: {"location":"client.test.ts:85","message":"callableInstance called","data":{"callNumber":1,"isFirstCall":true,"configUrl":{"headers":{"Authorization":"Bearer 
new_access_token_789"},"_retry":true},"hasRequest":true,"requestIsMock":true},"timestamp":1767493987839,"sessionId":"debug-session","runId":"run19","hypothesisId":"J"}

If you still wish to intercept this unhandled request, please create a request handler for it.
Read more: https://mswjs.io/docs/http/intercepting-requests
[MSW] Warning: intercepted a request without a matching request handler:

  ÔÇó POST http://127.0.0.1:7242/ingest/bd91a56b-aa7d-44fb-ac11-0977789d60c5

  ÔÇó Request body: {"location":"client.test.ts:85","message":"callableInstance called","data":{"callNumber":1,"isFirstCall":true,"configUrl":{"headers":{"Authorization":"Bearer 
new_access_token_789"},"_retry":false},"hasRequest":true,"requestIsMock":true},"timestamp":1767493987845,"sessionId":"debug-session","runId":"run19","hypothesisId":"J"}

If you still wish to intercept this unhandled request, please create a request handler for it.
Read more: https://mswjs.io/docs/http/intercepting-requests
[MSW] Warning: intercepted a request without a matching request handler:

  ÔÇó POST http://127.0.0.1:7242/ingest/bd91a56b-aa7d-44fb-ac11-0977789d60c5

  ÔÇó Request body: {"location":"client.test.ts:85","message":"callableInstance called","data":{"callNumber":1,"isFirstCall":true,"configUrl":{"headers":{"Authorization":"Bearer 
new_access_token_789"},"_retry":false},"hasRequest":true,"requestIsMock":true},"timestamp":1767493987846,"sessionId":"debug-session","runId":"run19","hypothesisId":"J"}

If you still wish to intercept this unhandled request, please create a request handler for it.
Read more: https://mswjs.io/docs/http/intercepting-requests
[MSW] Warning: intercepted a request without a matching request handler:

  ÔÇó POST http://127.0.0.1:7242/ingest/bd91a56b-aa7d-44fb-ac11-0977789d60c5

  ÔÇó Request body: {"location":"client.test.ts:85","message":"callableInstance called","data":{"callNumber":1,"isFirstCall":true,"configUrl":{"headers":{"Authorization":"Bearer 
new_access_token_789"},"_retry":false},"hasRequest":true,"requestIsMock":true},"timestamp":1767493987847,"sessionId":"debug-session","runId":"run19","hypothesisId":"J"}

If you still wish to intercept this unhandled request, please create a request handler for it.
Read more: https://mswjs.io/docs/http/intercepting-requests

[90mstderr[2m | app/lib/api/__tests__/client.test.ts[2m > [22m[2mapiClient - Refresh Token[2m > [22m[2mCookie Support[2m > [22m[2mshould not store refresh token in localStorage when using cookies
[22m[39m[MSW] Warning: intercepted a request without a matching request handler:

  ÔÇó POST http://127.0.0.1:7242/ingest/bd91a56b-aa7d-44fb-ac11-0977789d60c5

  ÔÇó Request body: {"location":"client.test.ts:222","message":"after calling 
responseError","data":{"result":{"data":"success"},"callCount":2,"mockRefreshCalled":1},"timestamp":1767493987849,"sessionId":"debug-session","runId":"run2","hypothesisId":"E"}

If you still wish to intercept this unhandled request, please create a request handler for it.
Read more: https://mswjs.io/docs/http/intercepting-requests

 [31mÔØ»[39m app/hooks/__tests__/useThemeConfig.test.ts [2m([22m[2m13 tests[22m[2m | [22m[31m8 failed[39m[2m)[22m[33m 10091[2mms[22m[39m
       [32mÔ£ô[39m should fetch theme config successfully[32m 135[2mms[22m[39m
[31m       [31m├ù[31m should handle loading state[39m[33m 5076[2mms[22m[39m
[31m       [31m├ù[31m should handle fetch error[39m[33m 5090[2mms[22m[39m
       [32mÔ£ô[39m should return empty config when no theme data[32m 144[2mms[22m[39m
[31m       [31m├ù[31m should apply theme colors to CSS variables[39m[32m 158[2mms[22m[39m
[31m       [31m├ù[31m should update favicon when provided[39m[33m 5012[2mms[22m[39m
       [32mÔ£ô[39m should not apply CSS variables for unmapped keys[32m 80[2mms[22m[39m
       [32mÔ£ô[39m should update theme successfully[32m 87[2mms[22m[39m
       [32mÔ£ô[39m should handle update error[32m 41[2mms[22m[39m
[31m       [31m├ù[31m should show updating state during mutation[39m[32m 33[2mms[22m[39m
[31m       [31m├ù[31m should update single property successfully[39m[33m 5009[2mms[22m[39m
[31m       [31m├ù[31m should refetch theme after updating property[39m[33m 5029[2mms[22m[39m
[31m       [31m├ù[31m should cache theme data[39m[33m 5005[2mms[22m[39m
[90mstdout[2m | app/lib/api/__tests__/client.test.ts[2m > [22m[2mapiClient - Refresh Token[2m > [22m[2mCookie Support[2m > [22m[2mshould not store refresh token in localStorage when using cookies
[22m[39m[apiClient] Token is not a valid JWT format, skipping proactive refresh

[90mstdout[2m | app/lib/api/__tests__/client.test.ts[2m > [22m[2mapiClient - Refresh Token[2m > [22m[2mCookie Support
[22m[39m[apiClient] Proactive refresh scheduled in 5 minutes
[apiClient] Token expires too soon, skipping proactive refresh

[90mstdout[2m | app/lib/api/__tests__/client.test.ts[2m > [22m[2mapiClient - Refresh Token[2m > [22m[2mProactive Refresh[2m > [22m[2mshould handle invalid token gracefully
[22m[39m[apiClient] Proactive refresh scheduled in 5 minutes
[apiClient] Proactive refresh scheduled in 10 minutes

[90mstderr[2m | app/lib/api/__tests__/client.test.ts[2m > [22m[2mapiClient - Refresh Token[2m > [22m[2mProactive Refresh[2m > [22m[2mshould handle invalid token gracefully
[22m[39m[MSW] Warning: intercepted a request without a matching request handler:

  ÔÇó POST http://127.0.0.1:7242/ingest/bd91a56b-aa7d-44fb-ac11-0977789d60c5

  ÔÇó Request body: {"location":"client.test.ts:36","message":"axios.create called","data":{"currentCall":2,"isFirstCall":false,"createCallCount":2},"timestamp":1767493987917,"sessionId":"debug-session","runId":"run2","hypothesisId":"A"}

If you still wish to intercept this unhandled request, please create a request handler for it.
Read more: https://mswjs.io/docs/http/intercepting-requests
[MSW] Warning: intercepted a request without a matching request handler:

  ÔÇó POST http://127.0.0.1:7242/ingest/bd91a56b-aa7d-44fb-ac11-0977789d60c5

  ÔÇó Request body: {"location":"client.test.ts:61","message":"post called","data":{"callNumber":2,"isFirst":false,"args":"/auth/refresh"},"timestamp":1767493987918,"sessionId":"debug-session","runId":"run2","hypothesisId":"B"}

If you still wish to intercept this unhandled request, please create a request handler for it.
Read more: https://mswjs.io/docs/http/intercepting-requests
[MSW] Warning: intercepted a request without a matching request handler:

  ÔÇó POST http://127.0.0.1:7242/ingest/bd91a56b-aa7d-44fb-ac11-0977789d60c5

  ÔÇó Request body: {"location":"client.test.ts:65","message":"post mock 
selection","data":{"callNumber":2,"usingFirstInstance":false,"mockRefreshConfigured":true},"timestamp":1767493987919,"sessionId":"debug-session","runId":"run2","hypothesisId":"C"}

If you still wish to intercept this unhandled request, please create a request handler for it.
Read more: https://mswjs.io/docs/http/intercepting-requests

[90mstderr[2m | app/lib/api/__tests__/client.test.ts[2m > [22m[2mapiClient - Refresh Token
[22m[39m[MSW] Warning: intercepted a request without a matching request handler:

  ÔÇó POST http://127.0.0.1:7242/ingest/bd91a56b-aa7d-44fb-ac11-0977789d60c5

  ÔÇó Request body: {"location":"client.test.ts:85","message":"callableInstance called","data":{"callNumber":1,"isFirstCall":true,"configUrl":{"headers":{"Authorization":"Bearer 
new_access_token_789"},"_retry":true},"hasRequest":true,"requestIsMock":true},"timestamp":1767493987923,"sessionId":"debug-session","runId":"run19","hypothesisId":"J"}

If you still wish to intercept this unhandled request, please create a request handler for it.
Read more: https://mswjs.io/docs/http/intercepting-requests
[MSW] Warning: intercepted a request without a matching request handler:

  ÔÇó POST http://127.0.0.1:7242/ingest/bd91a56b-aa7d-44fb-ac11-0977789d60c5

  ÔÇó Request body: {"location":"client.test.ts:85","message":"callableInstance called","data":{"callNumber":1,"isFirstCall":true,"configUrl":{"headers":{"Authorization":"Bearer 
new_access_token_789"},"_retry":false},"hasRequest":true,"requestIsMock":true},"timestamp":1767493987927,"sessionId":"debug-session","runId":"run19","hypothesisId":"J"}

If you still wish to intercept this unhandled request, please create a request handler for it.
Read more: https://mswjs.io/docs/http/intercepting-requests
[MSW] Warning: intercepted a request without a matching request handler:

  ÔÇó POST http://127.0.0.1:7242/ingest/bd91a56b-aa7d-44fb-ac11-0977789d60c5

  ÔÇó Request body: {"location":"client.test.ts:36","message":"axios.create called","data":{"currentCall":3,"isFirstCall":false,"createCallCount":3},"timestamp":1767493987929,"sessionId":"debug-session","runId":"run2","hypothesisId":"A"}

If you still wish to intercept this unhandled request, please create a request handler for it.
Read more: https://mswjs.io/docs/http/intercepting-requests
[MSW] Warning: intercepted a request without a matching request handler:

  ÔÇó POST http://127.0.0.1:7242/ingest/bd91a56b-aa7d-44fb-ac11-0977789d60c5

  ÔÇó Request body: {"location":"client.test.ts:61","message":"post called","data":{"callNumber":3,"isFirst":false,"args":"/auth/refresh"},"timestamp":1767493987930,"sessionId":"debug-session","runId":"run2","hypothesisId":"B"}

If you still wish to intercept this unhandled request, please create a request handler for it.
Read more: https://mswjs.io/docs/http/intercepting-requests
[MSW] Warning: intercepted a request without a matching request handler:

  ÔÇó POST http://127.0.0.1:7242/ingest/bd91a56b-aa7d-44fb-ac11-0977789d60c5

  ÔÇó Request body: {"location":"client.test.ts:65","message":"post mock 
selection","data":{"callNumber":3,"usingFirstInstance":false,"mockRefreshConfigured":true},"timestamp":1767493987932,"sessionId":"debug-session","runId":"run2","hypothesisId":"C"}

If you still wish to intercept this unhandled request, please create a request handler for it.
Read more: https://mswjs.io/docs/http/intercepting-requests

[90mstderr[2m | app/lib/api/__tests__/client.test.ts[2m > [22m[2mapiClient - Refresh Token
[22m[39m[MSW] Warning: intercepted a request without a matching request handler:

  ÔÇó POST http://127.0.0.1:7242/ingest/bd91a56b-aa7d-44fb-ac11-0977789d60c5

  ÔÇó Request body: {"location":"client.test.ts:85","message":"callableInstance called","data":{"callNumber":1,"isFirstCall":true,"configUrl":{"headers":{"Authorization":"Bearer 
new_access_token_789"},"_retry":true},"hasRequest":true,"requestIsMock":true},"timestamp":1767493987956,"sessionId":"debug-session","runId":"run19","hypothesisId":"J"}

If you still wish to intercept this unhandled request, please create a request handler for it.
Read more: https://mswjs.io/docs/http/intercepting-requests

 [31mÔØ»[39m app/lib/api/__tests__/client.test.ts [2m([22m[2m14 tests[22m[2m | [22m[31m2 failed[39m[2m)[22m[32m 265[2mms[22m[39m
       [32mÔ£ô[39m should add Authorization header when token exists[32m 89[2mms[22m[39m
       [32mÔ£ô[39m should not add Authorization header when token does not exist[32m 88[2mms[22m[39m
       [32mÔ£ô[39m should refresh token and retry request on 401[32m 98[2mms[22m[39m
       [32mÔ£ô[39m should queue multiple requests during refresh[32m 105[2mms[22m[39m
[31m       [31m├ù[31m should redirect to login if refresh token is expired[39m[32m 101[2mms[22m[39m
       [32mÔ£ô[39m should not retry if request already retried[32m 109[2mms[22m[39m
       [32mÔ£ô[39m should pass through non-401 errors[32m 109[2mms[22m[39m
       [32mÔ£ô[39m should read refresh token from cookie first when both cookie and localStorage exist[32m 114[2mms[22m[39m
[31m       [31m├ù[31m should fallback to localStorage if cookie is not available[39m[32m 112[2mms[22m[39m
       [32mÔ£ô[39m should not store refresh token in localStorage when using cookies[32m 113[2mms[22m[39m
       [32mÔ£ô[39m should schedule proactive refresh correctly[32m 27[2mms[22m[39m
       [32mÔ£ô[39m should not schedule refresh if token expires too soon[32m 26[2mms[22m[39m
       [32mÔ£ô[39m should clear existing timeout before scheduling new one[32m 23[2mms[22m[39m
       [32mÔ£ô[39m should handle invalid token gracefully[32m 23[2mms[22m[39m
[2m9:33:11 PM[22m [33m[1m[vite][22m[39m [33m[2m(client)[22m[39m [33mwarning: [33mDuplicate key "automation.rules.table.actions" in object literal[33m
89 |          "automation.rules.table.priority": "Priority",
90 |          "automation.rules.table.status": "Status",
91 |          "automation.rules.table.actions": "Actions",
   |          ^
92 |          "automation.status.active": "Active",
93 |          "automation.status.inactive": "Inactive",
[39m
  Plugin: [35mvite:esbuild[39m
  File: [36mD:/Documents/Mis_proyectos/Proyectos_Actuales/aiutox_erp_core/frontend/app/features/automation/__tests__/Automation.test.tsx[39m
 [31mÔØ»[39m app/features/import-export/__tests__/ImportExport.test.tsx [2m([22m[2m18 tests[22m[2m | [22m[31m18 failed[39m[2m)[22m[32m 102[2mms[22m[39m
[31m       [31m├ù[31m useImportJobs should fetch import jobs[39m[32m 33[2mms[22m[39m
[31m       [31m├ù[31m useExportJobs should fetch export jobs[39m[32m 32[2mms[22m[39m
[31m       [31m├ù[31m useImportTemplates should fetch import templates[39m[32m 32[2mms[22m[39m
[31m       [31m├ù[31m useImportExportStats should fetch statistics[39m[32m 32[2mms[22m[39m
[31m       [31m├ù[31m useAvailableModules should fetch available modules[39m[32m 32[2mms[22m[39m
[31m       [31m├ù[31m useCreateImportJob should create import job[39m[32m 28[2mms[22m[39m
[31m       [31m├ù[31m useCreateExportJob should create export job[39m[32m 26[2mms[22m[39m
[31m       [31m├ù[31m has required ImportJob fields[39m[32m 26[2mms[22m[39m
[31m       [31m├ù[31m has required ExportJob fields[39m[32m 26[2mms[22m[39m
[31m       [31m├ù[31m has required ImportTemplate fields[39m[32m 25[2mms[22m[39m
[31m       [31m├ù[31m has required ImportExportStats fields[39m[32m 21[2mms[22m[39m
[31m       [31m├ù[31m has correct result summary structure[39m[32m 21[2mms[22m[39m
[31m       [31m├ù[31m has correct field mapping structure[39m[32m 21[2mms[22m[39m
[31m       [31m├ù[31m has correct most used modules structure[39m[32m 21[2mms[22m[39m
[31m       [31m├ù[31m has valid import job status[39m[32m 21[2mms[22m[39m
[31m       [31m├ù[31m has valid export job status[39m[32m 7[2mms[22m[39m
[31m       [31m├ù[31m has valid progress values[39m[32m 7[2mms[22m[39m
[31m       [31m├ù[31m has valid row counts[39m[32m 7[2mms[22m[39m
 [31mÔØ»[39m app/__tests__/integration/config/theme-api.test.ts [2m([22m[2m12 tests[22m[2m | [22m[31m7 failed[39m[2m)[22m[32m 97[2mms[22m[39m
       [32mÔ£ô[39m should fetch theme configuration successfully[32m 50[2mms[22m[39m
       [32mÔ£ô[39m should handle API error response[32m 50[2mms[22m[39m
       [32mÔ£ô[39m should handle network error[32m 50[2mms[22m[39m
       [32mÔ£ô[39m should return default theme when no config exists[32m 49[2mms[22m[39m
       [32mÔ£ô[39m should create/update theme configuration successfully[32m 50[2mms[22m[39m
[31m       [31m├ù[31m should handle validation error for invalid color format[39m[32m 29[2mms[22m[39m
[31m       [31m├ù[31m should handle permission error[39m[32m 29[2mms[22m[39m
[31m       [31m├ù[31m should update single theme property successfully[39m[32m 28[2mms[22m[39m
[31m       [31m├ù[31m should handle validation error for invalid color[39m[32m 28[2mms[22m[39m
[31m       [31m├ù[31m should update non-color properties without validation[39m[32m 28[2mms[22m[39m
[31m       [31m├ù[31m should send requests with correct base URL[39m[32m 6[2mms[22m[39m
[31m       [31m├ù[31m should include Content-Type header[39m[32m 6[2mms[22m[39m
 [31mÔØ»[39m app/components/config/__tests__/ConfigPageLayout.test.tsx [2m([22m[2m11 tests[22m[2m | [22m[31m11 failed[39m[2m)[22m[32m 122[2mms[22m[39m
[31m     [31m├ù[31m renderiza t├¡tulo correctamente[39m[32m 78[2mms[22m[39m
[31m     [31m├ù[31m renderiza bot├│n Guardar cuando onSave se proporciona[39m[32m 78[2mms[22m[39m
[31m     [31m├ù[31m renderiza bot├│n Reset cuando onReset se proporciona[39m[32m 78[2mms[22m[39m
[31m     [31m├ù[31m deshabilita bot├│n Guardar cuando no hay cambios[39m[32m 78[2mms[22m[39m
[31m     [31m├ù[31m habilita bot├│n Guardar cuando hay cambios[39m[32m 78[2mms[22m[39m
[31m     [31m├ù[31m deshabilita botones cuando est├í guardando[39m[32m 31[2mms[22m[39m
[31m     [31m├ù[31m muestra texto personalizado en bot├│n Guardar[39m[32m 31[2mms[22m[39m
[31m     [31m├ù[31m muestra texto personalizado en bot├│n Reset[39m[32m 31[2mms[22m[39m
[31m     [31m├ù[31m llama onSave cuando se hace clic en Guardar[39m[32m 31[2mms[22m[39m
[31m     [31m├ù[31m llama onReset cuando se hace clic en Reset[39m[32m 31[2mms[22m[39m
[31m     [31m├ù[31m renderiza footerContent cuando se proporciona[39m[32m 5[2mms[22m[39m
 [31mÔØ»[39m app/features/files/components/previewers/__tests__/CsvPreview.test.tsx [2m([22m[2m4 tests[22m[2m | [22m[31m1 failed[39m[2m)[22m[32m 186[2mms[22m[39m
     [32mÔ£ô[39m should display loading state[32m 177[2mms[22m[39m
     [32mÔ£ô[39m should display error state[32m 176[2mms[22m[39m
     [32mÔ£ô[39m should display CSV content as table[32m 177[2mms[22m[39m
[31m     [31m├ù[31m should display message when CSV is empty[39m[32m 176[2mms[22m[39m
 [31mÔØ»[39m app/features/comments/__tests__/CommentThread.test.tsx [2m([22m[2m15 tests[22m[2m | [22m[31m12 failed[39m[2m)[22m[33m 428[2mms[22m[39m
[31m       [31m├ù[31m renders thread with main comment and replies[39m[32m 82[2mms[22m[39m
[31m       [31m├ù[31m calls onReply when reply button is clicked[39m[32m 81[2mms[22m[39m
[31m       [31m├ù[31m calls onEdit when edit button is clicked[39m[32m 81[2mms[22m[39m
[31m       [31m├ù[31m calls onDelete when delete button is clicked[39m[32m 81[2mms[22m[39m
[31m       [31m├ù[31m shows loading state[39m[32m 81[2mms[22m[39m
[31m       [31m├ù[31m renders comment with user info and actions[39m[32m 253[2mms[22m[39m
[31m       [31m├ù[31m shows edited badge when comment is edited[39m[32m 253[2mms[22m[39m
       [32mÔ£ô[39m shows mentions when present[32m 255[2mms[22m[39m
[31m       [31m├ù[31m renders form with textarea and buttons[39m[32m 255[2mms[22m[39m
[31m       [31m├ù[31m calls onSubmit when form is submitted[39m[32m 255[2mms[22m[39m
[31m       [31m├ù[31m calls onCancel when cancel button is clicked[39m[32m 70[2mms[22m[39m
[31m       [31m├ù[31m disables submit button when content is empty[39m[32m 69[2mms[22m[39m
[31m       [31m├ù[31m shows loading state when submitting[39m[32m 69[2mms[22m[39m
       [32mÔ£ô[39m has required comment fields[32m 68[2mms[22m[39m
       [32mÔ£ô[39m has correct thread structure[32m 64[2mms[22m[39m
 [31mÔØ»[39m app/components/layout/__tests__/Sidebar.test.tsx [2m([22m[2m4 tests[22m[2m | [22m[31m2 failed[39m[2m)[22m[32m 208[2mms[22m[39m
[31m     [31m├ù[31m should render navigation items[39m[32m 198[2mms[22m[39m
[31m     [31m├ù[31m should filter items by permissions[39m[32m 198[2mms[22m[39m
     [32mÔ£ô[39m should be hidden when isOpen is false[32m 198[2mms[22m[39m
     [32mÔ£ô[39m should show backdrop on mobile when open[32m 198[2mms[22m[39m
 [31mÔØ»[39m app/features/notifications/__tests__/Notifications.test.tsx [2m([22m[2m29 tests[22m[2m | [22m[31m29 failed[39m[2m)[22m[32m 131[2mms[22m[39m
[31m       [31m├ù[31m useNotificationTemplates should fetch templates[39m[32m 38[2mms[22m[39m
[31m       [31m├ù[31m useNotificationTemplate should fetch single template[39m[32m 38[2mms[22m[39m
[31m       [31m├ù[31m useNotificationQueue should fetch queue entries[39m[32m 38[2mms[22m[39m
[31m       [31m├ù[31m useNotificationChannels should fetch channels configuration[39m[32m 38[2mms[22m[39m
[31m       [31m├ù[31m useNotificationStats should fetch statistics[39m[32m 38[2mms[22m[39m
[31m       [31m├ù[31m useNotificationEventTypes should fetch event types[39m[32m 20[2mms[22m[39m
[31m       [31m├ù[31m useCreateNotificationTemplate should create template[39m[32m 20[2mms[22m[39m
[31m       [31m├ù[31m useSendNotification should send notification[39m[32m 20[2mms[22m[39m
[31m       [31m├ù[31m useTestSMTPConnection should test SMTP connection[39m[32m 20[2mms[22m[39m
[31m       [31m├ù[31m useTestWebhookConnection should test webhook connection[39m[32m 20[2mms[22m[39m
[31m       [31m├ù[31m has required NotificationTemplate fields[39m[32m 15[2mms[22m[39m
[31m       [31m├ù[31m has valid notification status[39m[32m 15[2mms[22m[39m
[31m       [31m├ù[31m has valid notification channel[39m[32m 15[2mms[22m[39m
[31m       [31m├ù[31m has required NotificationQueue fields[39m[32m 15[2mms[22m[39m
[31m       [31m├ù[31m has required NotificationChannels fields[39m[32m 15[2mms[22m[39m
[31m       [31m├ù[31m has required SMTP config fields[39m[32m 14[2mms[22m[39m
[31m       [31m├ù[31m has required SMS config fields[39m[32m 14[2mms[22m[39m
[31m       [31m├ù[31m has required Webhook config fields[39m[32m 14[2mms[22m[39m
[31m       [31m├ù[31m has required NotificationStats fields[39m[32m 14[2mms[22m[39m
[31m       [31m├ù[31m has correct most used channels structure[39m[32m 14[2mms[22m[39m
[31m       [31m├ù[31m has correct most used events structure[39m[32m 24[2mms[22m[39m
[31m       [31m├ù[31m has correct recent activity structure[39m[32m 24[2mms[22m[39m
[31m       [31m├ù[31m has required NotificationPreferences fields[39m[32m 24[2mms[22m[39m
[31m       [31m├ù[31m has valid preference channels[39m[32m 24[2mms[22m[39m
[31m       [31m├ù[31m has required NotificationDeliveryReport fields[39m[32m 24[2mms[22m[39m
[31m       [31m├ù[31m has valid delivery status[39m[32m 11[2mms[22m[39m
[31m       [31m├ù[31m has required NotificationSubscription fields[39m[32m 11[2mms[22m[39m
[31m       [31m├ù[31m has required NotificationEventType fields[39m[32m 11[2mms[22m[39m
[31m       [31m├ù[31m has correct required data structure[39m[32m 11[2mms[22m[39m
 [31mÔØ»[39m app/features/automation/__tests__/Automation.test.tsx [2m([22m[2m27 tests[22m[2m | [22m[31m27 failed[39m[2m)[22m[32m 103[2mms[22m[39m
[31m       [31m├ù[31m renders automation page with title and description[39m[32m 26[2mms[22m[39m
[31m       [31m├ù[31m renders tabs for rules and executions[39m[32m 26[2mms[22m[39m
[31m       [31m├ù[31m shows create button in rules tab[39m[32m 26[2mms[22m[39m
[31m       [31m├ù[31m opens create dialog when create button is clicked[39m[32m 26[2mms[22m[39m
[31m       [31m├ù[31m shows loading state initially[39m[32m 26[2mms[22m[39m
[31m       [31m├ù[31m shows error state when API fails[39m[32m 15[2mms[22m[39m
[31m       [31m├ù[31m renders automation rule list with actions[39m[32m 15[2mms[22m[39m
[31m       [31m├ù[31m calls edit when edit button is clicked[39m[32m 14[2mms[22m[39m
[31m       [31m├ù[31m calls view when view button is clicked[39m[32m 14[2mms[22m[39m
[31m       [31m├ù[31m calls executions when executions button is clicked[39m[32m 14[2mms[22m[39m
[31m       [31m├ù[31m calls test when test button is clicked[39m[32m 13[2mms[22m[39m
[31m       [31m├ù[31m calls execute when execute button is clicked[39m[32m 13[2mms[22m[39m
[31m       [31m├ù[31m calls clone when clone button is clicked[39m[32m 13[2mms[22m[39m
[31m       [31m├ù[31m calls toggle active when enable/disable button is clicked[39m[32m 13[2mms[22m[39m
[31m       [31m├ù[31m calls delete when delete button is clicked[39m[32m 13[2mms[22m[39m
[31m       [31m├ù[31m shows empty state when no rules[39m[32m 13[2mms[22m[39m
[31m       [31m├ù[31m renders form fields for creating rule[39m[32m 13[2mms[22m[39m
[31m       [31m├ù[31m renders form fields for editing rule[39m[32m 13[2mms[22m[39m
[31m       [31m├ù[31m adds condition when add condition button is clicked[39m[32m 13[2mms[22m[39m
[31m       [31m├ù[31m adds action when add action button is clicked[39m[32m 13[2mms[22m[39m
[31m       [31m├ù[31m renders execution list when executions tab is selected[39m[32m 20[2mms[22m[39m
[31m       [31m├ù[31m shows execution details when view button is clicked[39m[32m 19[2mms[22m[39m
[31m       [31m├ù[31m shows empty state when no executions[39m[32m 19[2mms[22m[39m
[31m       [31m├ù[31m has required automation rule fields[39m[32m 19[2mms[22m[39m
[31m       [31m├ù[31m has correct trigger structure[39m[32m 19[2mms[22m[39m
[31m       [31m├ù[31m has correct condition structure[39m[32m 6[2mms[22m[39m
[31m       [31m├ù[31m has correct action structure[39m[32m 6[2mms[22m[39m
 [31mÔØ»[39m app/features/files/components/previewers/__tests__/JsonPreview.test.tsx [2m([22m[2m4 tests[22m[2m | [22m[31m1 failed[39m[2m)[22m[32m 136[2mms[22m[39m
     [32mÔ£ô[39m should display loading state[32m 122[2mms[22m[39m
     [32mÔ£ô[39m should display error state[32m 121[2mms[22m[39m
[31m     [31m├ù[31m should display valid JSON content[39m[32m 121[2mms[22m[39m
     [32mÔ£ô[39m should display invalid JSON error[32m 121[2mms[22m[39m
 [31mÔØ»[39m app/features/integrations/__tests__/Integrations.test.tsx [2m([22m[2m28 tests[22m[2m | [22m[31m28 failed[39m[2m)[22m[32m 126[2mms[22m[39m
[31m       [31m├ù[31m useIntegrations should fetch integrations[39m[32m 27[2mms[22m[39m
[31m       [31m├ù[31m useIntegration should fetch single integration[39m[32m 27[2mms[22m[39m
[31m       [31m├ù[31m useIntegrationStats should fetch statistics[39m[32m 27[2mms[22m[39m
[31m       [31m├ù[31m useAvailableIntegrationTypes should fetch available types[39m[32m 27[2mms[22m[39m
[31m       [31m├ù[31m useCreateIntegration should create integration[39m[32m 27[2mms[22m[39m
[31m       [31m├ù[31m useActivateIntegration should activate integration[39m[32m 16[2mms[22m[39m
[31m       [31m├ù[31m useTestIntegration should test integration[39m[32m 15[2mms[22m[39m
[31m       [31m├ù[31m useIntegrationWebhooks should fetch webhooks[39m[32m 15[2mms[22m[39m
[31m       [31m├ù[31m useIntegrationLogs should fetch logs[39m[32m 15[2mms[22m[39m
[31m       [31m├ù[31m useIntegrationEvents should fetch events[39m[32m 15[2mms[22m[39m
[31m       [31m├ù[31m useIntegrationHealth should fetch health status[39m[32m 17[2mms[22m[39m
[31m       [31m├ù[31m useIntegrationCredentials should fetch credentials[39m[32m 17[2mms[22m[39m
[31m       [31m├ù[31m useIntegrationConfig should fetch configuration[39m[32m 17[2mms[22m[39m
[31m       [31m├ù[31m has required Integration fields[39m[32m 17[2mms[22m[39m
[31m       [31m├ù[31m has valid integration status[39m[32m 17[2mms[22m[39m
[31m       [31m├ù[31m has required IntegrationStats fields[39m[32m 25[2mms[22m[39m
[31m       [31m├ù[31m has correct most used types structure[39m[32m 25[2mms[22m[39m
[31m       [31m├ù[31m has correct recent activity structure[39m[32m 25[2mms[22m[39m
[31m       [31m├ù[31m has required IntegrationWebhook fields[39m[32m 25[2mms[22m[39m
[31m       [31m├ù[31m has required IntegrationLog fields[39m[32m 25[2mms[22m[39m
[31m       [31m├ù[31m has valid log level[39m[32m 20[2mms[22m[39m
[31m       [31m├ù[31m has required IntegrationEvent fields[39m[32m 20[2mms[22m[39m
[31m       [31m├ù[31m has required IntegrationHealth fields[39m[32m 20[2mms[22m[39m
[31m       [31m├ù[31m has valid health status[39m[32m 20[2mms[22m[39m
[31m       [31m├ù[31m has required IntegrationCredentials fields[39m[32m 20[2mms[22m[39m
[31m       [31m├ù[31m has valid credential type[39m[32m 12[2mms[22m[39m
[31m       [31m├ù[31m has required IntegrationConfig fields[39m[32m 12[2mms[22m[39m
[31m       [31m├ù[31m has valid config type[39m[32m 12[2mms[22m[39m
 [31mÔØ»[39m app/features/files/components/__tests__/FileDetail.test.tsx [2m([22m[2m3 tests[22m[2m | [22m[31m2 failed[39m[2m)[22m[32m 193[2mms[22m[39m
     [32mÔ£ô[39m should render loading state[32m 184[2mms[22m[39m
[31m     [31m├ù[31m should render file details[39m[32m 183[2mms[22m[39m
[31m     [31m├ù[31m should render tabs for preview, versions, permissions, and metadata[39m[32m 183[2mms[22m[39m
 [31mÔØ»[39m app/features/products/__tests__/ProductList.test.tsx [2m([22m[2m24 tests[22m[2m | [22m[31m24 failed[39m[2m)[22m[32m 117[2mms[22m[39m
[31m       [31m├ù[31m renders products page with title and description[39m[32m 24[2mms[22m[39m
[31m       [31m├ù[31m renders tabs for different views[39m[32m 23[2mms[22m[39m
[31m       [31m├ù[31m shows create button in list tab[39m[32m 23[2mms[22m[39m
[31m       [31m├ù[31m opens create dialog when create button is clicked[39m[32m 23[2mms[22m[39m
[31m       [31m├ù[31m shows loading state initially[39m[32m 23[2mms[22m[39m
[31m       [31m├ù[31m shows error state when API fails[39m[32m 18[2mms[22m[39m
[31m       [31m├ù[31m renders product list with actions[39m[32m 17[2mms[22m[39m
[31m       [31m├ù[31m calls edit when edit button is clicked[39m[32m 17[2mms[22m[39m
[31m       [31m├ù[31m calls view when view button is clicked[39m[32m 17[2mms[22m[39m
[31m       [31m├ù[31m calls delete when delete button is clicked[39m[32m 17[2mms[22m[39m
[31m       [31m├ù[31m shows empty state when no products[39m[32m 22[2mms[22m[39m
[31m       [31m├ù[31m renders form fields for creating product[39m[32m 22[2mms[22m[39m
[31m       [31m├ù[31m renders form fields for editing product[39m[32m 22[2mms[22m[39m
[31m       [31m├ù[31m calculates margin and profit correctly[39m[32m 22[2mms[22m[39m
[31m       [31m├ù[31m renders product details when product is selected[39m[32m 22[2mms[22m[39m
[31m       [31m├ù[31m shows error state when product not found[39m[32m 14[2mms[22m[39m
[31m       [31m├ù[31m renders variants list when product has variants[39m[32m 14[2mms[22m[39m
[31m       [31m├ù[31m shows empty state when product has no variants[39m[32m 14[2mms[22m[39m
[31m       [31m├ù[31m renders barcodes list when product has barcodes[39m[32m 14[2mms[22m[39m
[31m       [31m├ù[31m shows empty state when product has no barcodes[39m[32m 14[2mms[22m[39m
[31m       [31m├ù[31m has required product fields[39m[32m 24[2mms[22m[39m
[31m       [31m├ù[31m has optional product fields[39m[32m 24[2mms[22m[39m
[31m       [31m├ù[31m has correct category structure[39m[32m 24[2mms[22m[39m
[31m       [31m├ù[31m has correct dimensions structure[39m[32m 24[2mms[22m[39m
 [31mÔØ»[39m app/features/files/components/previewers/__tests__/MarkdownPreview.test.tsx [2m([22m[2m4 tests[22m[2m | [22m[31m4 failed[39m[2m)[22m[32m 74[2mms[22m[39m
[31m     [31m├ù[31m should display loading state[39m[32m 68[2mms[22m[39m
[31m     [31m├ù[31m should display error state[39m[32m 68[2mms[22m[39m
[31m     [31m├ù[31m should display markdown content[39m[32m 68[2mms[22m[39m
[31m     [31m├ù[31m should display file too large message for large files[39m[32m 68[2mms[22m[39m
 [31mÔØ»[39m app/components/layout/__tests__/Header.test.tsx [2m([22m[2m4 tests[22m[2m | [22m[31m4 failed[39m[2m)[22m[32m 73[2mms[22m[39m
[31m     [31m├ù[31m should render correctly[39m[32m 65[2mms[22m[39m
[31m     [31m├ù[31m should render SidebarToggle[39m[32m 64[2mms[22m[39m
[31m     [31m├ù[31m should call onSidebarToggle when toggle is clicked[39m[32m 65[2mms[22m[39m
[31m     [31m├ù[31m should have correct ARIA attributes[39m[32m 64[2mms[22m[39m
 [31mÔØ»[39m app/features/users/hooks/__tests__/useUsers.test.ts [2m([22m[2m4 tests[22m[2m | [22m[31m4 failed[39m[2m)[22m[32m 66[2mms[22m[39m
[31m       [31m├ù[31m should fetch users list[39m[32m 60[2mms[22m[39m
[31m       [31m├ù[31m should handle errors[39m[32m 60[2mms[22m[39m
[31m       [31m├ù[31m should fetch single user[39m[32m 60[2mms[22m[39m
[31m       [31m├ù[31m should return null for non-existent user[39m[32m 60[2mms[22m[39m
 [32mÔ£ô[39m app/routes/__tests__/config.import-export.test.tsx [2m([22m[2m4 tests[22m[2m)[22m[33m 492[2mms[22m[39m
       [33m[2mÔ£ô[22m[39m should render import/export configuration page [33m 484[2mms[22m[39m
       [33m[2mÔ£ô[22m[39m should render import, export, and history tabs [33m 484[2mms[22m[39m
       [33m[2mÔ£ô[22m[39m should render import form [33m 484[2mms[22m[39m
       [33m[2mÔ£ô[22m[39m should render export form [33m 484[2mms[22m[39m
 [32mÔ£ô[39m app/routes/__tests__/config.integrations.test.tsx [2m([22m[2m6 tests[22m[2m)[22m[32m 201[2mms[22m[39m
 [32mÔ£ô[39m app/routes/__tests__/config.general.test.tsx [2m([22m[2m14 tests[22m[2m)[22m[33m 1293[2mms[22m[39m
       [33m[2mÔ£ô[22m[39m should render general configuration page [33m 653[2mms[22m[39m
       [33m[2mÔ£ô[22m[39m should handle error state [33m 666[2mms[22m[39m
       [33m[2mÔ£ô[22m[39m should render all form fields [33m 684[2mms[22m[39m
       [33m[2mÔ£ô[22m[39m should render action buttons [33m 695[2mms[22m[39m
       [33m[2mÔ£ô[22m[39m should display current configuration values [33m 1080[2mms[22m[39m
       [33m[2mÔ£ô[22m[39m should render timezone select with current value [33m 352[2mms[22m[39m
       [33m[2mÔ£ô[22m[39m should render date format select with current value [33m 344[2mms[22m[39m
       [33m[2mÔ£ô[22m[39m should render time format select with current value [33m 331[2mms[22m[39m
       [33m[2mÔ£ô[22m[39m should render currency select with current value [33m 336[2mms[22m[39m
 [31mÔØ»[39m app/features/approvals/__tests__/ApprovalRequestList.test.tsx [2m([22m[2m13 tests[22m[2m | [22m[31m8 failed[39m[2m)[22m[32m 122[2mms[22m[39m
[31m       [31m├ù[31m renders loading state[39m[32m 80[2mms[22m[39m
[31m       [31m├ù[31m renders empty state[39m[32m 78[2mms[22m[39m
[31m       [31m├ù[31m renders requests list[39m[32m 79[2mms[22m[39m
[31m       [31m├ù[31m calls onRefresh when refresh button is clicked[39m[32m 79[2mms[22m[39m
[31m       [31m├ù[31m calls onRequestCreate when create button is clicked[39m[32m 79[2mms[22m[39m
[31m       [31m├ù[31m calls onRequestApprove when approve button is clicked[39m[32m 24[2mms[22m[39m
[31m       [31m├ù[31m calls onRequestReject when reject button is clicked[39m[32m 24[2mms[22m[39m
[31m       [31m├ù[31m calls onRequestDelegate when delegate button is clicked[39m[32m 24[2mms[22m[39m
       [32mÔ£ô[39m has correct approval status values[32m 24[2mms[22m[39m
       [32mÔ£ô[39m has correct step status values[32m 25[2mms[22m[39m
       [32mÔ£ô[39m has required approval request fields[32m 5[2mms[22m[39m
       [32mÔ£ô[39m has correct step structure[32m 4[2mms[22m[39m
       [32mÔ£ô[39m has approved step with decision[32m 4[2mms[22m[39m
 [31mÔØ»[39m app/features/files/components/previewers/__tests__/CodePreview.test.tsx [2m([22m[2m4 tests[22m[2m | [22m[31m2 failed[39m[2m)[22m[32m 127[2mms[22m[39m
     [32mÔ£ô[39m should display loading state[32m 119[2mms[22m[39m
     [32mÔ£ô[39m should display error state[32m 118[2mms[22m[39m
[31m     [31m├ù[31m should display code content[39m[32m 118[2mms[22m[39m
[31m     [31m├ù[31m should detect language from file extension[39m[32m 118[2mms[22m[39m
 [31mÔØ»[39m app/features/search/components/__tests__/SearchResultsList.test.tsx [2m([22m[2m10 tests[22m[2m | [22m[31m4 failed[39m[2m)[22m[33m 724[2mms[22m[39m
     [33m[2mÔ£ô[22m[39m renders loading state [33m 635[2mms[22m[39m
     [33m[2mÔ£ô[22m[39m renders empty state when no results [33m 634[2mms[22m[39m
     [33m[2mÔ£ô[22m[39m renders search results with correct data [33m 634[2mms[22m[39m
     [33m[2mÔ£ô[22m[39m calls onLoadMore when load more button is clicked [33m 634[2mms[22m[39m
[31m     [31m├ù[31m calls onSearch when search query changes[39m[33m 634[2mms[22m[39m
[31m     [31m├ù[31m handles keyboard navigation[39m[32m 74[2mms[22m[39m
     [32mÔ£ô[39m displays loading more indicator when fetching more results[32m 74[2mms[22m[39m
[31m     [31m├ù[31m displays result metadata when available[39m[32m 74[2mms[22m[39m
[31m     [31m├ù[31m displays score when available[39m[32m 74[2mms[22m[39m
     [32mÔ£ô[39m applies custom class name[32m 74[2mms[22m[39m
 [32mÔ£ô[39m app/routes/__tests__/login.test.tsx [2m([22m[2m6 tests[22m[2m)[22m[33m 577[2mms[22m[39m
     [33m[2mÔ£ô[22m[39m should render login form [33m 447[2mms[22m[39m
     [33m[2mÔ£ô[22m[39m should show form fields [33m 446[2mms[22m[39m
     [33m[2mÔ£ô[22m[39m should render remember me checkbox [33m 446[2mms[22m[39m
     [33m[2mÔ£ô[22m[39m should have remember_me=false by default in form [33m 446[2mms[22m[39m
     [33m[2mÔ£ô[22m[39m should have remember_me field in form schema [33m 446[2mms[22m[39m
[90mstdout[2m | app/features/files/components/__tests__/FileUpload.test.tsx[2m > [22m[2mFileUpload[2m > [22m[2mshould show progress during upload
[22m[39m[apiClient] Request to users: {
  url: [32m'/users'[39m,
  method: [32m'get'[39m,
  hasToken: [33mfalse[39m,
  baseURL: [32m'http://localhost:8000/api/v1'[39m,
  fullURL: [32m'http://localhost:8000/api/v1/users'[39m,
  data: [90mundefined[39m
}
[apiClient] Request to users: {
  url: [32m'/users'[39m,
  method: [32m'get'[39m,
  hasToken: [33mfalse[39m,
  baseURL: [32m'http://localhost:8000/api/v1'[39m,
  fullURL: [32m'http://localhost:8000/api/v1/users'[39m,
  data: [90mundefined[39m
}
[apiClient] Request to users: {
  url: [32m'/users'[39m,
  method: [32m'get'[39m,
  hasToken: [33mfalse[39m,
  baseURL: [32m'http://localhost:8000/api/v1'[39m,
  fullURL: [32m'http://localhost:8000/api/v1/users'[39m,
  data: [90mundefined[39m
}
[apiClient] Request to users: {
  url: [32m'/users'[39m,
  method: [32m'get'[39m,
  hasToken: [33mfalse[39m,
  baseURL: [32m'http://localhost:8000/api/v1'[39m,
  fullURL: [32m'http://localhost:8000/api/v1/users'[39m,
  data: [90mundefined[39m
}

[90mstderr[2m | app/features/files/components/__tests__/FileUpload.test.tsx
[22m[39m[MSW] Warning: intercepted a request without a matching request handler:

  ÔÇó GET http://localhost:8000/api/v1/folders/tree

If you still wish to intercept this unhandled request, please create a request handler for it.
Read more: https://mswjs.io/docs/http/intercepting-requests
[MSW] Warning: intercepted a request without a matching request handler:

  ÔÇó GET http://localhost:8000/api/v1/tags

If you still wish to intercept this unhandled request, please create a request handler for it.
Read more: https://mswjs.io/docs/http/intercepting-requests
[MSW] Warning: intercepted a request without a matching request handler:

  ÔÇó GET http://localhost:8000/api/v1/tags

If you still wish to intercept this unhandled request, please create a request handler for it.
Read more: https://mswjs.io/docs/http/intercepting-requests
[MSW] Warning: intercepted a request without a matching request handler:

  ÔÇó GET http://localhost:8000/api/v1/organizations?page_size=100

If you still wish to intercept this unhandled request, please create a request handler for it.
Read more: https://mswjs.io/docs/http/intercepting-requests
[MSW] Warning: intercepted a request without a matching request handler:

  ÔÇó GET http://localhost:8000/api/v1/organizations?page_size=100

If you still wish to intercept this unhandled request, please create a request handler for it.
Read more: https://mswjs.io/docs/http/intercepting-requests
[MSW] Warning: intercepted a request without a matching request handler:

  ÔÇó GET http://localhost:8000/api/v1/folders/tree

If you still wish to intercept this unhandled request, please create a request handler for it.
Read more: https://mswjs.io/docs/http/intercepting-requests
[MSW] Warning: intercepted a request without a matching request handler:

  ÔÇó GET http://localhost:8000/api/v1/tags

If you still wish to intercept this unhandled request, please create a request handler for it.
Read more: https://mswjs.io/docs/http/intercepting-requests
[MSW] Warning: intercepted a request without a matching request handler:

  ÔÇó GET http://localhost:8000/api/v1/tags

If you still wish to intercept this unhandled request, please create a request handler for it.
Read more: https://mswjs.io/docs/http/intercepting-requests
[MSW] Warning: intercepted a request without a matching request handler:

  ÔÇó GET http://localhost:8000/api/v1/organizations?page_size=100

If you still wish to intercept this unhandled request, please create a request handler for it.
Read more: https://mswjs.io/docs/http/intercepting-requests
[MSW] Warning: intercepted a request without a matching request handler:

  ÔÇó GET http://localhost:8000/api/v1/organizations?page_size=100

If you still wish to intercept this unhandled request, please create a request handler for it.
Read more: https://mswjs.io/docs/http/intercepting-requests
[MSW] Warning: intercepted a request without a matching request handler:

  ÔÇó GET http://localhost:8000/api/v1/folders/tree

If you still wish to intercept this unhandled request, please create a request handler for it.
Read more: https://mswjs.io/docs/http/intercepting-requests
[MSW] Warning: intercepted a request without a matching request handler:

  ÔÇó GET http://localhost:8000/api/v1/tags

If you still wish to intercept this unhandled request, please create a request handler for it.
Read more: https://mswjs.io/docs/http/intercepting-requests
[MSW] Warning: intercepted a request without a matching request handler:

  ÔÇó GET http://localhost:8000/api/v1/tags

If you still wish to intercept this unhandled request, please create a request handler for it.
Read more: https://mswjs.io/docs/http/intercepting-requests
[MSW] Warning: intercepted a request without a matching request handler:

  ÔÇó GET http://localhost:8000/api/v1/organizations?page_size=100

If you still wish to intercept this unhandled request, please create a request handler for it.
Read more: https://mswjs.io/docs/http/intercepting-requests
[MSW] Warning: intercepted a request without a matching request handler:

  ÔÇó GET http://localhost:8000/api/v1/organizations?page_size=100

If you still wish to intercept this unhandled request, please create a request handler for it.
Read more: https://mswjs.io/docs/http/intercepting-requests
[MSW] Warning: intercepted a request without a matching request handler:

  ÔÇó GET http://localhost:8000/api/v1/folders/tree

If you still wish to intercept this unhandled request, please create a request handler for it.
Read more: https://mswjs.io/docs/http/intercepting-requests
[MSW] Warning: intercepted a request without a matching request handler:

  ÔÇó GET http://localhost:8000/api/v1/tags

If you still wish to intercept this unhandled request, please create a request handler for it.
Read more: https://mswjs.io/docs/http/intercepting-requests
[MSW] Warning: intercepted a request without a matching request handler:

  ÔÇó GET http://localhost:8000/api/v1/tags

If you still wish to intercept this unhandled request, please create a request handler for it.
Read more: https://mswjs.io/docs/http/intercepting-requests
[MSW] Warning: intercepted a request without a matching request handler:

  ÔÇó GET http://localhost:8000/api/v1/organizations?page_size=100

If you still wish to intercept this unhandled request, please create a request handler for it.
Read more: https://mswjs.io/docs/http/intercepting-requests
[MSW] Warning: intercepted a request without a matching request handler:

  ÔÇó GET http://localhost:8000/api/v1/organizations?page_size=100

If you still wish to intercept this unhandled request, please create a request handler for it.
Read more: https://mswjs.io/docs/http/intercepting-requests

 [32mÔ£ô[39m app/features/files/components/__tests__/FileUpload.test.tsx [2m([22m[2m4 tests[22m[2m)[22m[33m 601[2mms[22m[39m
     [33m[2mÔ£ô[22m[39m should render upload area [33m 514[2mms[22m[39m
     [33m[2mÔ£ô[22m[39m should render upload button [33m 513[2mms[22m[39m
     [33m[2mÔ£ô[22m[39m should have upload functionality available [33m 513[2mms[22m[39m
     [33m[2mÔ£ô[22m[39m should show progress during upload [33m 513[2mms[22m[39m
 [32mÔ£ô[39m app/components/layout/__tests__/PageLayout.test.tsx [2m([22m[2m11 tests[22m[2m)[22m[32m 183[2mms[22m[39m
 [32mÔ£ô[39m app/routes/__tests__/config.notifications.test.tsx [2m([22m[2m8 tests[22m[2m)[22m[32m 230[2mms[22m[39m
 [32mÔ£ô[39m app/routes/__tests__/not-found.test.tsx [2m([22m[2m1 test[22m[2m)[22m[32m 204[2mms[22m[39m
 [32mÔ£ô[39m app/__tests__/integration/layout/page-layout-integration.test.tsx [2m([22m[2m4 tests[22m[2m)[22m[32m 149[2mms[22m[39m
 [32mÔ£ô[39m app/routes/__tests__/config.audit.test.tsx [2m([22m[2m11 tests[22m[2m)[22m[32m 228[2mms[22m[39m
 [32mÔ£ô[39m app/features/files/hooks/__tests__/useFiles.test.tsx [2m([22m[2m3 tests[22m[2m)[22m[32m 112[2mms[22m[39m
 [31mÔØ»[39m app/features/activities/__tests__/ActivityTimeline.test.tsx [2m([22m[2m10 tests[22m[2m | [22m[31m9 failed[39m[2m)[22m[33m 402[2mms[22m[39m
[31m       [31m├ù[31m renders loading state[39m[32m 185[2mms[22m[39m
[31m       [31m├ù[31m renders empty state[39m[32m 185[2mms[22m[39m
[31m       [31m├ù[31m renders activities list[39m[32m 186[2mms[22m[39m
[31m       [31m├ù[31m calls onRefresh when refresh button is clicked[39m[32m 186[2mms[22m[39m
[31m       [31m├ù[31m renders create form[39m[32m 186[2mms[22m[39m
[31m       [31m├ù[31m renders edit form[39m[32m 203[2mms[22m[39m
[31m       [31m├ù[31m calls onSubmit when form is submitted[39m[32m 202[2mms[22m[39m
       [32mÔ£ô[39m renders filter options[32m 203[2mms[22m[39m
[31m       [31m├ù[31m calls onFiltersChange when filter is applied[39m[32m 203[2mms[22m[39m
[31m       [31m├ù[31m has correct activity types[39m[32m 203[2mms[22m[39m
 [32mÔ£ô[39m app/features/files/components/previewers/__tests__/TextPreview.test.tsx [2m([22m[2m4 tests[22m[2m)[22m[32m 111[2mms[22m[39m
 [32mÔ£ô[39m app/components/auth/__tests__/RequirePermission.test.tsx [2m([22m[2m3 tests[22m[2m)[22m[32m 88[2mms[22m[39m
 [32mÔ£ô[39m app/components/common/__tests__/EmptyState.test.tsx [2m([22m[2m3 tests[22m[2m)[22m[32m 163[2mms[22m[39m
 [32mÔ£ô[39m app/hooks/__tests__/usePermissions.test.ts [2m([22m[2m12 tests[22m[2m)[22m[32m 94[2mms[22m[39m
 [32mÔ£ô[39m app/routes/__tests__/unauthorized.test.tsx [2m([22m[2m1 test[22m[2m)[22m[32m 93[2mms[22m[39m
 [32mÔ£ô[39m app/components/auth/__tests__/RequireRole.test.tsx [2m([22m[2m3 tests[22m[2m)[22m[32m 86[2mms[22m[39m
 [32mÔ£ô[39m app/components/common/__tests__/ErrorState.test.tsx [2m([22m[2m2 tests[22m[2m)[22m[32m 107[2mms[22m[39m
 [32mÔ£ô[39m app/components/common/__tests__/LoadingState.test.tsx [2m([22m[2m4 tests[22m[2m)[22m[32m 100[2mms[22m[39m
 [32mÔ£ô[39m app/components/common/__tests__/PWAUpdatePrompt.test.tsx [2m([22m[2m2 tests[22m[2m)[22m[32m 42[2mms[22m[39m
 [32mÔ£ô[39m app/features/files/utils/__tests__/fileUtils.test.ts [2m([22m[2m19 tests[22m[2m)[22m[32m 16[2mms[22m[39m
 [32mÔ£ô[39m app/stores/__tests__/authStore.test.ts [2m([22m[2m6 tests[22m[2m)[22m[32m 27[2mms[22m[39m
 [32mÔ£ô[39m app/__tests__/integration/pwa-lifecycle.test.ts [2m([22m[2m2 tests[22m[2m)[22m[32m 30[2mms[22m[39m
 [32mÔ£ô[39m app/components/layout/__tests__/AppShell.test.tsx [2m([22m[2m2 tests[22m[2m)[22m[32m 74[2mms[22m[39m
 [32mÔ£ô[39m app/features/views/utils/__tests__/filterUtils.test.ts [2m([22m[2m9 tests[22m[2m)[22m[32m 11[2mms[22m[39m
 [32mÔ£ô[39m app/stores/__tests__/authStore.pwa.test.ts [2m([22m[2m3 tests[22m[2m)[22m[32m 11[2mms[22m[39m
[90mstdout[2m | app/lib/modules/__tests__/registry.test.ts[2m > [22m[2mModuleRegistry[2m > [22m[2mgetNavigationTree[2m > [22m[2mshould filter items by permissions
[22m[39m[ModuleRegistry] Processing files navItem: { id: [32m'files'[39m, to: [32m'/files'[39m, label: [32m'Archivos'[39m }

 [32mÔ£ô[39m app/lib/modules/__tests__/registry.test.ts [2m([22m[2m5 tests[22m[2m)[22m[32m 16[2mms[22m[39m

[31mÔÄ»ÔÄ»ÔÄ»ÔÄ»ÔÄ»ÔÄ»[39m[1m[41m Failed Suites 8 [49m[22m[31mÔÄ»ÔÄ»ÔÄ»ÔÄ»ÔÄ»ÔÄ»ÔÄ»[39m

[41m[1m FAIL [22m[49m app/hooks/__tests__/useDashboard.test.tsx[2m [ app/hooks/__tests__/useDashboard.test.tsx ][22m
[31m[1mError[22m: Failed to resolve import "../useDashboard" from "app/hooks/__tests__/useDashboard.test.tsx". Does the file exist?[39m
  Plugin: [35mvite:import-analysis[39m
  File: [36mD:/Documents/Mis_proyectos/Proyectos_Actuales/aiutox_erp_core/frontend/app/hooks/__tests__/useDashboard.test.tsx[39m:10:0
[33m  6  |  const __vi_import_1__ = await import("@testing-library/react");
  7  |  const __vi_import_2__ = await import("@tanstack/react-query");
  8  |  const __vi_import_3__ = await import("../useDashboard");
     |                                       ^
  9  |  const __vi_import_4__ = await import("~/lib/api/dashboard.api");
  10 |  const __vi_import_5__ = await import("~/config/dashboard-templates");[39m
[90m [2mÔØ»[22m TransformPluginContext._formatLog node_modules/vite/dist/node/chunks/config.js:[2m28992:43[22m[39m
[90m [2mÔØ»[22m TransformPluginContext.error node_modules/vite/dist/node/chunks/config.js:[2m28989:14[22m[39m
[90m [2mÔØ»[22m normalizeUrl node_modules/vite/dist/node/chunks/config.js:[2m27112:18[22m[39m
[90m [2mÔØ»[22m node_modules/vite/dist/node/chunks/config.js:[2m27170:32[22m[39m
[90m [2mÔØ»[22m TransformPluginContext.transform node_modules/vite/dist/node/chunks/config.js:[2m27138:4[22m[39m
[90m [2mÔØ»[22m EnvironmentPluginContainer.transform node_modules/vite/dist/node/chunks/config.js:[2m28790:14[22m[39m
[90m [2mÔØ»[22m loadAndTransform node_modules/vite/dist/node/chunks/config.js:[2m22660:26[22m[39m

[31m[2mÔÄ»ÔÄ»ÔÄ»ÔÄ»ÔÄ»ÔÄ»ÔÄ»ÔÄ»ÔÄ»ÔÄ»ÔÄ»ÔÄ»ÔÄ»ÔÄ»ÔÄ»ÔÄ»ÔÄ»ÔÄ»ÔÄ»ÔÄ»ÔÄ»ÔÄ»[1/275]ÔÄ»[22m[39m

[41m[1m FAIL [22m[49m app/routes/__tests__/config.modules.test.tsx[2m [ app/routes/__tests__/config.modules.test.tsx ][22m
[31m[1mError[22m: EMFILE: too many open files, open 'D:\Documents\Mis_proyectos\Proyectos_Actuales\aiutox_erp_core\frontend\node_modules\@hugeicons\core-free-icons\dist\esm\SenselessIcon.js'[39m
[31m[2mÔÄ»ÔÄ»ÔÄ»ÔÄ»ÔÄ»ÔÄ»ÔÄ»ÔÄ»ÔÄ»ÔÄ»ÔÄ»ÔÄ»ÔÄ»ÔÄ»ÔÄ»ÔÄ»ÔÄ»ÔÄ»ÔÄ»ÔÄ»ÔÄ»ÔÄ»[2/275]ÔÄ»[22m[39m

[41m[1m FAIL [22m[49m app/routes/__tests__/config.roles.test.tsx[2m [ app/routes/__tests__/config.roles.test.tsx ][22m
[31m[1mError[22m: EMFILE: too many open files, open 'D:\Documents\Mis_proyectos\Proyectos_Actuales\aiutox_erp_core\frontend\node_modules\@hugeicons\core-free-icons\dist\esm\SandalsIcon.js'[39m
[31m[2mÔÄ»ÔÄ»ÔÄ»ÔÄ»ÔÄ»ÔÄ»ÔÄ»ÔÄ»ÔÄ»ÔÄ»ÔÄ»ÔÄ»ÔÄ»ÔÄ»ÔÄ»ÔÄ»ÔÄ»ÔÄ»ÔÄ»ÔÄ»ÔÄ»ÔÄ»[3/275]ÔÄ»[22m[39m

[41m[1m FAIL [22m[49m app/features/calendar/__tests__/CalendarView.test.tsx[2m [ app/features/calendar/__tests__/CalendarView.test.tsx ][22m
[31m[1mError[22m: Transform failed with 13 errors:
D:/Documents/Mis_proyectos/Proyectos_Actuales/aiutox_erp_core/frontend/app/features/calendar/__tests__/CalendarView.test.tsx:215:10: ERROR: Unexpected closing "QueryProvider" tag does not match opening "QueryClientProvider" tag
D:/Documents/Mis_proyectos/Proyectos_Actuales/aiutox_erp_core/frontend/app/features/calendar/__tests__/CalendarView.test.tsx:232:10: ERROR: Unexpected closing "QueryProvider" tag does not match opening "QueryClientProvider" tag
D:/Documents/Mis_proyectos/Proyectos_Actuales/aiutox_erp_core/frontend/app/features/calendar/__tests__/CalendarView.test.tsx:273:10: ERROR: Unexpected closing "QueryClient" tag does not match opening "QueryClientProvider" tag
D:/Documents/Mis_proyectos/Proyectos_Actuales/aiutox_erp_core/frontend/app/features/calendar/__tests__/CalendarView.test.tsx:292:10: ERROR: Unexpected closing "QueryProvider" tag does not match opening "QueryClientProvider" tag
D:/Documents/Mis_proyectos/Proyectos_Actuales/aiutox_erp_core/frontend/app/features/calendar/__tests__/CalendarView.test.tsx:311:10: ERROR: Unexpected closing "QueryProvider" tag does not match opening "QueryClientProvider" tag
...[39m
  Plugin: [35mvite:esbuild[39m
  File: [36mD:/Documents/Mis_proyectos/Proyectos_Actuales/aiutox_erp_core/frontend/app/features/calendar/__tests__/CalendarView.test.tsx[39m:215:10
[33m  
  [33mUnexpected closing "QueryProvider" tag does not match opening "QueryClientProvider" tag[33m
  213 |              onCancel={vi.fn()}
  214 |            />
  215 |          </QueryProvider>
      |            ^
  216 |        );
  217 |  
  
  [33mUnexpected closing "QueryProvider" tag does not match opening "QueryClientProvider" tag[33m
  230 |              onCancel={vi.fn()}
  231 |            />
  232 |          </QueryProvider>
      |            ^
  233 |        );
  234 |  
  
  [33mUnexpected closing "QueryClient" tag does not match opening "QueryClientProvider" tag[33m
  271 |              onCancel={onCancel}
  272 |            />
  273 |          </QueryClient>
      |            ^
  274 |        );
  275 |  
  
  [33mUnexpected closing "QueryProvider" tag does not match opening "QueryClientProvider" tag[33m
  290 |              onCancel={vi.fn()}
  291 |            />
  292 |          </QueryProvider>
      |            ^
  293 |        );
  294 |  
  
  [33mUnexpected closing "QueryProvider" tag does not match opening "QueryClientProvider" tag[33m
  309 |              onCancel={vi.fn()}
  310 |            />
  311 |          </QueryProvider>
      |            ^
  312 |        );
  313 |  
  
  [33mUnexpected closing "QueryClient" tag does not match opening "QueryClientProvider" tag[33m
  329 |              calendars={[mockCalendar]}
  330 |            />
  331 |          </QueryClient>
      |            ^
  332 |        );
  333 |  
  
  [33mUnexpected closing "QueryClient" tag does not match opening "QueryClientProvider" tag[33m
  347 |              calendars={[mockCalendar]}
  348 |            />
  349 |          </QueryClient>
      |            ^
  350 |        );
  351 |  
  
  [33mUnexpected closing "QueryProvider" tag does not match opening "QueryClientProvider" tag[33m
  360 |              calendars={[mockCalendar]}
  361 |            />
  362 |          </QueryProvider>
      |            ^
  363 |        );
  364 |  
  
  [33mUnexpected closing "QueryProvider" tag does not match opening "QueryClientProvider" tag[33m
  377 |              onEdit={onEdit}
  378 |            />
  379 |          </QueryProvider>
      |            ^
  380 |        );
  381 |  
  
  [33mUnexpected closing "QueryProvider" tag does not match opening "QueryClientProvider" tag[33m
  398 |              onDelete={onDelete}
  399 |            />
  400 |          </QueryProvider>
      |            ^
  401 |        );
  402 |  
  
  [33mUnexpected closing "QueryProvider" tag does not match opening "QueryClientProvider" tag[33m
  419 |              onClose={onClose}
  420 |            />
  421 |          </QueryProvider>
      |            ^
  422 |        );
  423 |  
  
  [33mUnexpected closing "QueryClient" tag does not match opening "QueryClientProvider" tag[33m
  442 |              calendars={[mockCalendar]}
  443 |            />
  444 |          </QueryClient>
      |            ^
  445 |        );
  446 |  
  
  [33mUnexpected closing "QueryClient" tag does not match opening "QueryClientProvider" tag[33m
  464 |              calendars={[mockCalendar]}
  465 |            />
  466 |          </QueryClient>
      |            ^
  467 |        );
  468 |  
  [39m
[90m [2mÔØ»[22m failureErrorWithLog node_modules/esbuild/lib/main.js:[2m1467:15[22m[39m
[90m [2mÔØ»[22m node_modules/esbuild/lib/main.js:[2m736:50[22m[39m
[90m [2mÔØ»[22m responseCallbacks.<computed> node_modules/esbuild/lib/main.js:[2m603:9[22m[39m
[90m [2mÔØ»[22m handleIncomingPacket node_modules/esbuild/lib/main.js:[2m658:12[22m[39m
[90m [2mÔØ»[22m Socket.readFromStdout node_modules/esbuild/lib/main.js:[2m581:7[22m[39m

[31m[2mÔÄ»ÔÄ»ÔÄ»ÔÄ»ÔÄ»ÔÄ»ÔÄ»ÔÄ»ÔÄ»ÔÄ»ÔÄ»ÔÄ»ÔÄ»ÔÄ»ÔÄ»ÔÄ»ÔÄ»ÔÄ»ÔÄ»ÔÄ»ÔÄ»ÔÄ»[4/275]ÔÄ»[22m[39m

[41m[1m FAIL [22m[49m app/features/pubsub/__tests__/PubSub.test.tsx[2m [ app/features/pubsub/__tests__/PubSub.test.tsx ][22m
[31m[1mError[22m: EMFILE: too many open files, open 'D:\Documents\Mis_proyectos\Proyectos_Actuales\aiutox_erp_core\frontend\node_modules\clsx\dist\clsx.mjs'[39m
[31m[2mÔÄ»ÔÄ»ÔÄ»ÔÄ»ÔÄ»ÔÄ»ÔÄ»ÔÄ»ÔÄ»ÔÄ»ÔÄ»ÔÄ»ÔÄ»ÔÄ»ÔÄ»ÔÄ»ÔÄ»ÔÄ»ÔÄ»ÔÄ»ÔÄ»ÔÄ»[5/275]ÔÄ»[22m[39m

[41m[1m FAIL [22m[49m app/features/templates/__tests__/TemplateList.test.tsx[2m [ app/features/templates/__tests__/TemplateList.test.tsx ][22m
[31m[1mError[22m: Transform failed with 1 error:
D:/Documents/Mis_proyectos/Proyectos_Actuales/aiutox_erp_core/frontend/app/features/templates/__tests__/TemplateList.test.tsx:237:43: ERROR: Unterminated string literal[39m
  Plugin: [35mvite:esbuild[39m
  File: [36mD:/Documents/Mis_proyectos/Proyectos_Actuales/aiutox_erp_core/frontend/app/features/templates/__tests__/TemplateList.test.tsx[39m:237:43
[33m  
  [33mUnterminated string literal[33m
  235 |        
  236 |        render(
  237 |          <QueryClient="client={QueryClient}>
      |                                             ^
  238 |            <TemplateForm 
  239 |              categories={[mockCategory]}
  [39m
[90m [2mÔØ»[22m failureErrorWithLog node_modules/esbuild/lib/main.js:[2m1467:15[22m[39m
[90m [2mÔØ»[22m node_modules/esbuild/lib/main.js:[2m736:50[22m[39m
[90m [2mÔØ»[22m responseCallbacks.<computed> node_modules/esbuild/lib/main.js:[2m603:9[22m[39m
[90m [2mÔØ»[22m handleIncomingPacket node_modules/esbuild/lib/main.js:[2m658:12[22m[39m
[90m [2mÔØ»[22m Socket.readFromStdout node_modules/esbuild/lib/main.js:[2m581:7[22m[39m

[31m[2mÔÄ»ÔÄ»ÔÄ»ÔÄ»ÔÄ»ÔÄ»ÔÄ»ÔÄ»ÔÄ»ÔÄ»ÔÄ»ÔÄ»ÔÄ»ÔÄ»ÔÄ»ÔÄ»ÔÄ»ÔÄ»ÔÄ»ÔÄ»ÔÄ»ÔÄ»[6/275]ÔÄ»[22m[39m

[41m[1m FAIL [22m[49m app/features/search/components/__tests__/SearchHeader.test.tsx[2m [ app/features/search/components/__tests__/SearchHeader.test.tsx ][22m
[31m[1mReferenceError[22m: jest is not defined[39m
[36m [2mÔØ»[22m app/features/search/components/__tests__/SearchHeader.test.tsx:[2m5:24[22m[39m
    [90m  3| [39m
    [90m  4| [39m[34mdescribe[39m([32m"SearchHeader"[39m[33m,[39m () [33m=>[39m {
    [90m  5| [39m  [35mconst[39m mockOnSearch [33m=[39m jest[33m.[39m[34mfn[39m()[33m;[39m
    [90m   | [39m                       [31m^[39m
    [90m  6| [39m  [35mconst[39m mockOnClear [33m=[39m jest[33m.[39m[34mfn[39m()[33m;[39m
    [90m  7| [39m  

[31m[2mÔÄ»ÔÄ»ÔÄ»ÔÄ»ÔÄ»ÔÄ»ÔÄ»ÔÄ»ÔÄ»ÔÄ»ÔÄ»ÔÄ»ÔÄ»ÔÄ»ÔÄ»ÔÄ»ÔÄ»ÔÄ»ÔÄ»ÔÄ»ÔÄ»ÔÄ»[7/275]ÔÄ»[22m[39m

[41m[1m FAIL [22m[49m app/features/workflows/hooks/__tests__/useWorkflows.test.ts[2m [ app/features/workflows/hooks/__tests__/useWorkflows.test.ts ][22m
[31m[1mError[22m: Transform failed with 1 error:
D:/Documents/Mis_proyectos/Proyectos_Actuales/aiutox_erp_core/frontend/app/features/workflows/hooks/__tests__/useWorkflows.test.ts:34:25: ERROR: Expected ">" but found "client"[39m
  Plugin: [35mvite:esbuild[39m
  File: [36mD:/Documents/Mis_proyectos/Proyectos_Actuales/aiutox_erp_core/frontend/app/features/workflows/hooks/__tests__/useWorkflows.test.ts[39m:34:25
[33m  
  [33mExpected ">" but found "client"[33m
  32 |  
  33 |    const wrapper = ({ children }: { children: React.ReactNode }) => (
  34 |      <QueryClientProvider client={queryClient}>{children}</QueryClientProvider>
     |                           ^
  35 |    );
  36 |  
  [39m
[90m [2mÔØ»[22m failureErrorWithLog node_modules/esbuild/lib/main.js:[2m1467:15[22m[39m
[90m [2mÔØ»[22m node_modules/esbuild/lib/main.js:[2m736:50[22m[39m
[90m [2mÔØ»[22m responseCallbacks.<computed> node_modules/esbuild/lib/main.js:[2m603:9[22m[39m
[90m [2mÔØ»[22m handleIncomingPacket node_modules/esbuild/lib/main.js:[2m658:12[22m[39m
[90m [2mÔØ»[22m Socket.readFromStdout node_modules/esbuild/lib/main.js:[2m581:7[22m[39m

[31m[2mÔÄ»ÔÄ»ÔÄ»ÔÄ»ÔÄ»ÔÄ»ÔÄ»ÔÄ»ÔÄ»ÔÄ»ÔÄ»ÔÄ»ÔÄ»ÔÄ»ÔÄ»ÔÄ»ÔÄ»ÔÄ»ÔÄ»ÔÄ»ÔÄ»ÔÄ»[8/275]ÔÄ»[22m[39m


[31mÔÄ»ÔÄ»ÔÄ»ÔÄ»ÔÄ»ÔÄ»[39m[1m[41m Failed Tests 267 [49m[22m[31mÔÄ»ÔÄ»ÔÄ»ÔÄ»ÔÄ»ÔÄ»[39m

[41m[1m FAIL [22m[49m app/hooks/__tests__/useThemeConfig.test.ts[2m > [22museThemeConfig[2m > [22mfetching theme configuration[2m > [22mshould handle loading state
[31m[1mError[22m: Test timed out in 5000ms.
If this is a long-running test, pass a timeout value as the last argument or configure it globally with "testTimeout".[39m
[36m [2mÔØ»[22m app/hooks/__tests__/useThemeConfig.test.ts:[2m107:5[22m[39m
    [90m105| [39m    })[33m;[39m
    [90m106| [39m
    [90m107| [39m    [34mit[39m([32m"should handle loading state"[39m[33m,[39m [35masync[39m () [33m=>[39m {
    [90m   | [39m    [31m^[39m
    [90m108| [39m      vi[33m.[39m[34mmocked[39m(apiClient[33m.[39m[35mget[39m)[33m.[39m[34mmockImplementation[39m(
    [90m109| [39m        () [33m=>[39m

[31m[2mÔÄ»ÔÄ»ÔÄ»ÔÄ»ÔÄ»ÔÄ»ÔÄ»ÔÄ»ÔÄ»ÔÄ»ÔÄ»ÔÄ»ÔÄ»ÔÄ»ÔÄ»ÔÄ»ÔÄ»ÔÄ»ÔÄ»ÔÄ»ÔÄ»ÔÄ»[9/275]ÔÄ»[22m[39m

[41m[1m FAIL [22m[49m app/hooks/__tests__/useThemeConfig.test.ts[2m > [22museThemeConfig[2m > [22mfetching theme configuration[2m > [22mshould handle fetch error
[31m[1mError[22m: Test timed out in 5000ms.
If this is a long-running test, pass a timeout value as the last argument or configure it globally with "testTimeout".[39m
[36m [2mÔØ»[22m app/hooks/__tests__/useThemeConfig.test.ts:[2m135:5[22m[39m
    [90m133| [39m    })[33m;[39m
    [90m134| [39m
    [90m135| [39m    [34mit[39m([32m"should handle fetch error"[39m[33m,[39m [35masync[39m () [33m=>[39m {
    [90m   | [39m    [31m^[39m
    [90m136| [39m      [35mconst[39m mockError [33m=[39m [35mnew[39m [33mError[39m([32m"Failed to fetch theme"[39m)[33m;[39m
    [90m137| [39m      vi[33m.[39m[34mmocked[39m(apiClient[33m.[39m[35mget[39m)[33m.[39m[34mmockRejectedValue[39m(mockError)[33m;[39m

[31m[2mÔÄ»ÔÄ»ÔÄ»ÔÄ»ÔÄ»ÔÄ»ÔÄ»ÔÄ»ÔÄ»ÔÄ»ÔÄ»ÔÄ»ÔÄ»ÔÄ»ÔÄ»ÔÄ»ÔÄ»ÔÄ»ÔÄ»ÔÄ»ÔÄ»[10/275]ÔÄ»[22m[39m

[41m[1m FAIL [22m[49m app/hooks/__tests__/useThemeConfig.test.ts[2m > [22museThemeConfig[2m > [22mapplying theme to CSS[2m > [22mshould apply theme colors to CSS variables
[31m[1mAssertionError[22m: expected "vi.fn()" to be called with arguments: [ '--color-primary', '#1976D2' ][90m

Number of calls: [1m0[22m
[31m[39m
[36m [2mÔØ»[22m app/hooks/__tests__/useThemeConfig.test.ts:[2m199:31[22m[39m
    [90m197| [39m
    [90m198| [39m      [90m// Verify CSS variables were set[39m
    [90m199| [39m      expect(mockSetProperty).toHaveBeenCalledWith("--color-primary", ÔÇª
    [90m   | [39m                              [31m^[39m
    [90m200| [39m      expect(mockSetProperty).toHaveBeenCalledWith("--color-secondary"ÔÇª
    [90m201| [39m      expect(mockSetProperty).toHaveBeenCalledWith("--color-text-primaÔÇª

[31m[2mÔÄ»ÔÄ»ÔÄ»ÔÄ»ÔÄ»ÔÄ»ÔÄ»ÔÄ»ÔÄ»ÔÄ»ÔÄ»ÔÄ»ÔÄ»ÔÄ»ÔÄ»ÔÄ»ÔÄ»ÔÄ»ÔÄ»ÔÄ»ÔÄ»[11/275]ÔÄ»[22m[39m

[41m[1m FAIL [22m[49m app/hooks/__tests__/useThemeConfig.test.ts[2m > [22museThemeConfig[2m > [22mapplying theme to CSS[2m > [22mshould update favicon when provided
[31m[1mError[22m: Test timed out in 5000ms.
If this is a long-running test, pass a timeout value as the last argument or configure it globally with "testTimeout".[39m
[36m [2mÔØ»[22m app/hooks/__tests__/useThemeConfig.test.ts:[2m204:5[22m[39m
    [90m202| [39m    })[33m;[39m
    [90m203| [39m
    [90m204| [39m    [34mit[39m([32m"should update favicon when provided"[39m[33m,[39m [35masync[39m () [33m=>[39m {
    [90m   | [39m    [31m^[39m
    [90m205| [39m      [35mconst[39m mockThemeData [33m=[39m {
    [90m206| [39m        data[33m:[39m {

[31m[2mÔÄ»ÔÄ»ÔÄ»ÔÄ»ÔÄ»ÔÄ»ÔÄ»ÔÄ»ÔÄ»ÔÄ»ÔÄ»ÔÄ»ÔÄ»ÔÄ»ÔÄ»ÔÄ»ÔÄ»ÔÄ»ÔÄ»ÔÄ»ÔÄ»[12/275]ÔÄ»[22m[39m

[41m[1m FAIL [22m[49m app/hooks/__tests__/useThemeConfig.test.ts[2m > [22museThemeConfig[2m > [22mupdating theme[2m > [22mshould show updating state during mutation
[31m[1mAssertionError[22m: expected false to be true // Object.is equality[39m

[32m- Expected[39m
[31m+ Received[39m

[32m- true[39m
[31m+ false[39m

[36m [2mÔØ»[22m app/hooks/__tests__/useThemeConfig.test.ts:[2m395:41[22m[39m
    [90m393| [39m
    [90m394| [39m      [90m// Should be updating[39m
    [90m395| [39m      [34mexpect[39m(result[33m.[39mcurrent[33m.[39misUpdating)[33m.[39m[34mtoBe[39m([35mtrue[39m)[33m;[39m
    [90m   | [39m                                        [31m^[39m
    [90m396| [39m
    [90m397| [39m      [35mawait[39m [34mwaitFor[39m(() [33m=>[39m {

[31m[2mÔÄ»ÔÄ»ÔÄ»ÔÄ»ÔÄ»ÔÄ»ÔÄ»ÔÄ»ÔÄ»ÔÄ»ÔÄ»ÔÄ»ÔÄ»ÔÄ»ÔÄ»ÔÄ»ÔÄ»ÔÄ»ÔÄ»ÔÄ»ÔÄ»[13/275]ÔÄ»[22m[39m

[41m[1m FAIL [22m[49m app/hooks/__tests__/useThemeConfig.test.ts[2m > [22museThemeConfig[2m > [22mupdating single theme property[2m > [22mshould update single property successfully
[31m[1mError[22m: Test timed out in 5000ms.
If this is a long-running test, pass a timeout value as the last argument or configure it globally with "testTimeout".[39m
[36m [2mÔØ»[22m app/hooks/__tests__/useThemeConfig.test.ts:[2m404:5[22m[39m
    [90m402| [39m
    [90m403| [39m  [34mdescribe[39m([32m"updating single theme property"[39m[33m,[39m () [33m=>[39m {
    [90m404| [39m    [34mit[39m([32m"should update single property successfully"[39m[33m,[39m [35masync[39m () [33m=>[39m {
    [90m   | [39m    [31m^[39m
    [90m405| [39m      [35mconst[39m initialTheme [33m=[39m {
    [90m406| [39m        data[33m:[39m {

[31m[2mÔÄ»ÔÄ»ÔÄ»ÔÄ»ÔÄ»ÔÄ»ÔÄ»ÔÄ»ÔÄ»ÔÄ»ÔÄ»ÔÄ»ÔÄ»ÔÄ»ÔÄ»ÔÄ»ÔÄ»ÔÄ»ÔÄ»ÔÄ»ÔÄ»[14/275]ÔÄ»[22m[39m

[41m[1m FAIL [22m[49m app/hooks/__tests__/useThemeConfig.test.ts[2m > [22museThemeConfig[2m > [22mupdating single theme property[2m > [22mshould refetch theme after updating property
[31m[1mError[22m: Test timed out in 5000ms.
If this is a long-running test, pass a timeout value as the last argument or configure it globally with "testTimeout".[39m
[36m [2mÔØ»[22m app/hooks/__tests__/useThemeConfig.test.ts:[2m446:5[22m[39m
    [90m444| [39m    })[33m;[39m
    [90m445| [39m
    [90m446| [39m    [34mit[39m([32m"should refetch theme after updating property"[39m[33m,[39m [35masync[39m () [33m=>[39m {
    [90m   | [39m    [31m^[39m
    [90m447| [39m      [35mconst[39m initialTheme [33m=[39m {
    [90m448| [39m        data[33m:[39m {

[31m[2mÔÄ»ÔÄ»ÔÄ»ÔÄ»ÔÄ»ÔÄ»ÔÄ»ÔÄ»ÔÄ»ÔÄ»ÔÄ»ÔÄ»ÔÄ»ÔÄ»ÔÄ»ÔÄ»ÔÄ»ÔÄ»ÔÄ»ÔÄ»ÔÄ»[15/275]ÔÄ»[22m[39m

[41m[1m FAIL [22m[49m app/hooks/__tests__/useThemeConfig.test.ts[2m > [22museThemeConfig[2m > [22mtheme caching[2m > [22mshould cache theme data
[31m[1mError[22m: Test timed out in 5000ms.
If this is a long-running test, pass a timeout value as the last argument or configure it globally with "testTimeout".[39m
[36m [2mÔØ»[22m app/hooks/__tests__/useThemeConfig.test.ts:[2m500:5[22m[39m
    [90m498| [39m
    [90m499| [39m  [34mdescribe[39m([32m"theme caching"[39m[33m,[39m () [33m=>[39m {
    [90m500| [39m    [34mit[39m([32m"should cache theme data"[39m[33m,[39m [35masync[39m () [33m=>[39m {
    [90m   | [39m    [31m^[39m
    [90m501| [39m      [35mconst[39m mockThemeData [33m=[39m {
    [90m502| [39m        data[33m:[39m {

[31m[2mÔÄ»ÔÄ»ÔÄ»ÔÄ»ÔÄ»ÔÄ»ÔÄ»ÔÄ»ÔÄ»ÔÄ»ÔÄ»ÔÄ»ÔÄ»ÔÄ»ÔÄ»ÔÄ»ÔÄ»ÔÄ»ÔÄ»ÔÄ»ÔÄ»[16/275]ÔÄ»[22m[39m

[41m[1m FAIL [22m[49m app/hooks/__tests__/useThemeConfig.test.tsx[2m > [22museThemeConfig[2m > [22mfetching theme configuration[2m > [22mshould handle fetch error
[31m[1mAssertionError[22m: expected { primary_color: '#1976D2', ÔÇª(2) } to deeply equal {}[39m

[32m- Expected[39m
[31m+ Received[39m

[32m- {}[39m
[31m+ {[39m
[31m+   "primary_color": "#1976D2",[39m
[31m+   "secondary_color": "#DC004E",[39m
[31m+   "text_primary": "#212121",[39m
[31m+ }[39m

[36m [2mÔØ»[22m app/hooks/__tests__/useThemeConfig.test.tsx:[2m207:36[22m[39m
    [90m205| [39m      // React Query might not expose error directly, so we check thatÔÇª
    [90m206| [39m      [90m// and isLoading is false (which indicates an error occurred)[39m
    [90m207| [39m      [34mexpect[39m(result[33m.[39mcurrent[33m.[39mtheme)[33m.[39m[34mtoEqual[39m({})[33m;[39m
    [90m   | [39m                                   [31m^[39m
    [90m208| [39m      // Verify that apiClient.get was called (at least once, possiblyÔÇª
    [90m209| [39m      [34mexpect[39m(apiClient[33m.[39m[35mget[39m)[33m.[39m[34mtoHaveBeenCalled[39m()[33m;[39m

[31m[2mÔÄ»ÔÄ»ÔÄ»ÔÄ»ÔÄ»ÔÄ»ÔÄ»ÔÄ»ÔÄ»ÔÄ»ÔÄ»ÔÄ»ÔÄ»ÔÄ»ÔÄ»ÔÄ»ÔÄ»ÔÄ»ÔÄ»ÔÄ»ÔÄ»[17/275]ÔÄ»[22m[39m

[41m[1m FAIL [22m[49m app/hooks/__tests__/useThemeConfig.test.tsx[2m > [22museThemeConfig[2m > [22mfetching theme configuration[2m > [22mshould return empty config when no theme data
[31m[1mAssertionError[22m: expected { primary_color: '#1976D2', ÔÇª(2) } to deeply equal {}[39m

[32m- Expected[39m
[31m+ Received[39m

[32m- {}[39m
[31m+ {[39m
[31m+   "primary_color": "#1976D2",[39m
[31m+   "secondary_color": "#DC004E",[39m
[31m+   "text_primary": "#212121",[39m
[31m+ }[39m

[36m [2mÔØ»[22m app/hooks/__tests__/useThemeConfig.test.tsx:[2m239:36[22m[39m
    [90m237| [39m
    [90m238| [39m      [90m// Should return empty config[39m
    [90m239| [39m      [34mexpect[39m(result[33m.[39mcurrent[33m.[39mtheme)[33m.[39m[34mtoEqual[39m({})[33m;[39m
    [90m   | [39m                                   [31m^[39m
    [90m240| [39m      [34mexpect[39m(result[33m.[39mcurrent[33m.[39merror)[33m.[39m[34mtoBeNull[39m()[33m;[39m
    [90m241| [39m      [90m// Verify that apiClient.get was called[39m

[31m[2mÔÄ»ÔÄ»ÔÄ»ÔÄ»ÔÄ»ÔÄ»ÔÄ»ÔÄ»ÔÄ»ÔÄ»ÔÄ»ÔÄ»ÔÄ»ÔÄ»ÔÄ»ÔÄ»ÔÄ»ÔÄ»ÔÄ»ÔÄ»ÔÄ»[18/275]ÔÄ»[22m[39m

[41m[1m FAIL [22m[49m app/hooks/__tests__/useThemeConfig.test.tsx[2m > [22museThemeConfig[2m > [22mapplying theme to CSS[2m > [22mshould apply theme colors to CSS variables
[31m[1mError[22m: Test timed out in 5000ms.
If this is a long-running test, pass a timeout value as the last argument or configure it globally with "testTimeout".[39m
[36m [2mÔØ»[22m app/hooks/__tests__/useThemeConfig.test.tsx:[2m247:5[22m[39m
    [90m245| [39m
    [90m246| [39m  [34mdescribe[39m([32m"applying theme to CSS"[39m[33m,[39m () [33m=>[39m {
    [90m247| [39m    [34mit[39m([32m"should apply theme colors to CSS variables"[39m[33m,[39m [35masync[39m () [33m=>[39m {
    [90m   | [39m    [31m^[39m
    [90m248| [39m      [35mconst[39m mockThemeData [33m=[39m {
    [90m249| [39m        module[33m:[39m [32m"app_theme"[39m[33m,[39m

[31m[2mÔÄ»ÔÄ»ÔÄ»ÔÄ»ÔÄ»ÔÄ»ÔÄ»ÔÄ»ÔÄ»ÔÄ»ÔÄ»ÔÄ»ÔÄ»ÔÄ»ÔÄ»ÔÄ»ÔÄ»ÔÄ»ÔÄ»ÔÄ»ÔÄ»[19/275]ÔÄ»[22m[39m

[41m[1m FAIL [22m[49m app/hooks/__tests__/useThemeConfig.test.tsx[2m > [22museThemeConfig[2m > [22mapplying theme to CSS[2m > [22mshould update favicon when provided
[31m[1mError[22m: Test timed out in 5000ms.
If this is a long-running test, pass a timeout value as the last argument or configure it globally with "testTimeout".[39m
[36m [2mÔØ»[22m app/hooks/__tests__/useThemeConfig.test.tsx:[2m308:5[22m[39m
    [90m306| [39m    })[33m;[39m
    [90m307| [39m
    [90m308| [39m    [34mit[39m([32m"should update favicon when provided"[39m[33m,[39m [35masync[39m () [33m=>[39m {
    [90m   | [39m    [31m^[39m
    [90m309| [39m      [35mconst[39m mockThemeData [33m=[39m {
    [90m310| [39m        module[33m:[39m [32m"app_theme"[39m[33m,[39m

[31m[2mÔÄ»ÔÄ»ÔÄ»ÔÄ»ÔÄ»ÔÄ»ÔÄ»ÔÄ»ÔÄ»ÔÄ»ÔÄ»ÔÄ»ÔÄ»ÔÄ»ÔÄ»ÔÄ»ÔÄ»ÔÄ»ÔÄ»ÔÄ»ÔÄ»[20/275]ÔÄ»[22m[39m

[41m[1m FAIL [22m[49m app/hooks/__tests__/useThemeConfig.test.tsx[2m > [22museThemeConfig[2m > [22mapplying theme to CSS[2m > [22mshould not apply CSS variables for unmapped keys
[31m[1mError[22m: Test timed out in 5000ms.
If this is a long-running test, pass a timeout value as the last argument or configure it globally with "testTimeout".[39m
[36m [2mÔØ»[22m app/hooks/__tests__/useThemeConfig.test.tsx:[2m375:5[22m[39m
    [90m373| [39m    })[33m;[39m
    [90m374| [39m
    [90m375| [39m    it("should not apply CSS variables for unmapped keys", async () =>ÔÇª
    [90m   | [39m    [31m^[39m
    [90m376| [39m      [35mconst[39m mockThemeData [33m=[39m {
    [90m377| [39m        module[33m:[39m [32m"app_theme"[39m[33m,[39m

[31m[2mÔÄ»ÔÄ»ÔÄ»ÔÄ»ÔÄ»ÔÄ»ÔÄ»ÔÄ»ÔÄ»ÔÄ»ÔÄ»ÔÄ»ÔÄ»ÔÄ»ÔÄ»ÔÄ»ÔÄ»ÔÄ»ÔÄ»ÔÄ»ÔÄ»[21/275]ÔÄ»[22m[39m

[41m[1m FAIL [22m[49m app/hooks/__tests__/useThemeConfig.test.tsx[2m > [22museThemeConfig[2m > [22mupdating theme[2m > [22mshould update theme successfully
[31m[1mError[22m: Test timed out in 5000ms.
If this is a long-running test, pass a timeout value as the last argument or configure it globally with "testTimeout".[39m
[36m [2mÔØ»[22m app/hooks/__tests__/useThemeConfig.test.tsx:[2m426:5[22m[39m
    [90m424| [39m
    [90m425| [39m  [34mdescribe[39m([32m"updating theme"[39m[33m,[39m () [33m=>[39m {
    [90m426| [39m    [34mit[39m([32m"should update theme successfully"[39m[33m,[39m [35masync[39m () [33m=>[39m {
    [90m   | [39m    [31m^[39m
    [90m427| [39m      [35mconst[39m initialTheme [33m=[39m {
    [90m428| [39m        module[33m:[39m [32m"app_theme"[39m[33m,[39m

[31m[2mÔÄ»ÔÄ»ÔÄ»ÔÄ»ÔÄ»ÔÄ»ÔÄ»ÔÄ»ÔÄ»ÔÄ»ÔÄ»ÔÄ»ÔÄ»ÔÄ»ÔÄ»ÔÄ»ÔÄ»ÔÄ»ÔÄ»ÔÄ»ÔÄ»[22/275]ÔÄ»[22m[39m

[41m[1m FAIL [22m[49m app/routes/__tests__/config.theme.test.tsx[2m > [22mThemeConfigPage[2m > [22mrendering[2m > [22mshould show loading state
[31m[1mAssertionError[22m: expected 0 to be greater than 0[39m
[36m [2mÔØ»[22m app/routes/__tests__/config.theme.test.tsx:[2m201:32[22m[39m
    [90m199| [39m      [90m// Check for ConfigLoadingState component or skeleton elements[39m
    [90m200| [39m      const skeletons = document.querySelectorAll('[class*="skeleton"]ÔÇª
    [90m201| [39m      [34mexpect[39m(skeletons[33m.[39mlength)[33m.[39m[34mtoBeGreaterThan[39m([34m0[39m)[33m;[39m
    [90m   | [39m                               [31m^[39m
    [90m202| [39m    })[33m;[39m
    [90m203| [39m

[31m[2mÔÄ»ÔÄ»ÔÄ»ÔÄ»ÔÄ»ÔÄ»ÔÄ»ÔÄ»ÔÄ»ÔÄ»ÔÄ»ÔÄ»ÔÄ»ÔÄ»ÔÄ»ÔÄ»ÔÄ»ÔÄ»ÔÄ»ÔÄ»ÔÄ»[23/275]ÔÄ»[22m[39m

[41m[1m FAIL [22m[49m app/routes/__tests__/config.theme.test.tsx[2m > [22mThemeConfigPage[2m > [22mrendering[2m > [22mshould show error message when error occurs
[31m[1mTestingLibraryElementError[22m[39m: Unable to find an element with the text: /Error al cargar el tema/i. This could be because the text is broken up by multiple elements. In this case, you can provide a function for your text 
matcher to make your matcher more flexible.

Ignored nodes: comments, script, style
[36m<body>[39m
  [36m<div>[39m
    [36m<div[39m
      [33mclass[39m=[32m"flex flex-col min-h-[calc(100vh-4rem)]"[39m
    [36m>[39m
      [36m<div[39m
        [33mclass[39m=[32m"container mx-auto py-6 space-y-6 flex-1"[39m
      [36m>[39m
        [36m<div[39m
          [33mclass[39m=[32m"space-y-2"[39m
        [36m>[39m
          [36m<h1[39m
            [33mclass[39m=[32m"text-3xl font-bold"[39m
          [36m>[39m
            [0mTema y Apariencia[0m
          [36m</h1>[39m
          [36m<p[39m
            [33mclass[39m=[32m"text-muted-foreground"[39m
          [36m>[39m
            [0mPersonaliza los colores, logos y estilos[0m
          [36m</p>[39m
        [36m</div>[39m
        [36m<div[39m
          [33mclass[39m=[32m"flex-1"[39m
        [36m>[39m
          [36m<div[39m
            [33mclass[39m=[32m"space-y-6"[39m
            [33mdata-orientation[39m=[32m"horizontal"[39m
            [33mdir[39m=[32m"ltr"[39m
          [36m>[39m
            [36m<div[39m
              [33maria-orientation[39m=[32m"horizontal"[39m
              [33mclass[39m=[32m"inline-flex h-10 items-center justify-center rounded-md bg-muted p-1 text-muted-foreground"[39m
              [33mdata-orientation[39m=[32m"horizontal"[39m
              [33mrole[39m=[32m"tablist"[39m
              [33mstyle[39m=[32m"outline: none;"[39m
              [33mtabindex[39m=[32m"0"[39m
            [36m>[39m
              [36m<button[39m
                [33maria-controls[39m=[32m"radix-_r_0_-content-colors"[39m
                [33maria-selected[39m=[32m"true"[39m
                [33mclass[39m=[32m"inline-flex items-center justify-center whitespace-nowrap rounded-sm px-3 py-1.5 text-sm font-medium ring-offset-[hsl(var(--background))] transition-all focus-visible:outline-none focus-visible:ring-2 
focus-visible:ring-[hsl(var(--ring))] focus-visible:ring-offset-2 disabled:pointer-events-none disabled:opacity-50 data-[state=active]:bg-[hsl(var(--background))] data-[state=active]:text-[hsl(var(--foreground))] 
data-[state=active]:shadow-sm"[39m
                [33mdata-orientation[39m=[32m"horizontal"[39m
                [33mdata-radix-collection-item[39m=[32m""[39m
                [33mdata-state[39m=[32m"active"[39m
                [33mid[39m=[32m"radix-_r_0_-trigger-colors"[39m
                [33mrole[39m=[32m"tab"[39m
                [33mtabindex[39m=[32m"-1"[39m
                [33mtype[39m=[32m"button"[39m
              [36m>[39m
                [0mColores[0m
              [36m</button>[39m
              [36m<button[39m
                [33maria-controls[39m=[32m"radix-_r_0_-content-logos"[39m
                [33maria-selected[39m=[32m"false"[39m
                [33mclass[39m=[32m"inline-flex items-center justify-center whitespace-nowrap rounded-sm px-3 py-1.5 text-sm font-medium ring-offset-[hsl(var(--background))] transition-all focus-visible:outline-none focus-visible:ring-2 
focus-visible:ring-[hsl(var(--ring))] focus-visible:ring-offset-2 disabled:pointer-events-none disabled:opacity-50 data-[state=active]:bg-[hsl(var(--background))] data-[state=active]:text-[hsl(var(--foreground))] 
data-[state=active]:shadow-sm"[39m
                [33mdata-orientation[39m=[32m"horizontal"[39m
                [33mdata-radix-collection-item[39m=[32m""[39m
                [33mdata-state[39m=[32m"inactive"[39m
                [33mid[39m=[32m"radix-_r_0_-trigger-logos"[39m
                [33mrole[39m=[32m"tab"[39m
                [33mtabindex[39m=[32m"-1"[39m
                [33mtype[39m=[32m"button"[39m
              [36m>[39m
                [0mLogos[0m
              [36m</button>[39m
              [36m<button[39m
                [33maria-controls[39m=[32m"radix-_r_0_-content-typography"[39m
                [33maria-selected[39m=[32m"false"[39m
                [33mclass[39m=[32m"inline-flex items-center justify-center whitespace-nowrap rounded-sm px-3 py-1.5 text-sm font-medium ring-offset-[hsl(var(--background))] transition-all focus-visible:outline-none focus-visible:ring-2 
focus-visible:ring-[hsl(var(--ring))] focus-visible:ring-offset-2 disabled:pointer-events-none disabled:opacity-50 data-[state=active]:bg-[hsl(var(--background))] data-[state=active]:text-[hsl(var(--foreground))] 
data-[state=active]:shadow-sm"[39m
                [33mdata-orientation[39m=[32m"horizontal"[39m
                [33mdata-radix-collection-item[39m=[32m""[39m
                [33mdata-state[39m=[32m"inactive"[39m
                [33mid[39m=[32m"radix-_r_0_-trigger-typography"[39m
                [33mrole[39m=[32m"tab"[39m
                [33mtabindex[39m=[32m"-1"[39m
                [33mtype[39m=[32m"button"[39m
              [36m>[39m
                [0mTipograf├¡a[0m
              [36m</button>[39m
              [36m<button[39m
                [33maria-controls[39m=[32m"radix-_r_0_-content-components"[39m
                [33maria-selected[39m=[32m"false"[39m
                [33mclass[39m=[32m"inline-flex items-center justify-center whitespace-nowrap rounded-sm px-3 py-1.5 text-sm font-medium ring-offset-[hsl(var(--background))] transition-all focus-visible:outline-none focus-visible:ring-2 
focus-visible:ring-[hsl(var(--ring))] focus-visible:ring-offset-2 disabled:pointer-events-none disabled:opacity-50 data-[state=active]:bg-[hsl(var(--background))] data-[state=active]:text-[hsl(var(--foreground))] 
data-[state=active]:shadow-sm"[39m
                [33mdata-orientation[39m=[32m"horizontal"[39m
                [33mdata-radix-collection-item[39m=[32m""[39m
                [33mdata-state[39m=[32m"inactive"[39m
                [33mid[39m=[32m"radix-_r_0_-trigger-components"[39m
                [33mrole[39m=[32m"tab"[39m
                [33mtabindex[39m=[32m"-1"[39m
                [33mtype[39m=[32m"button"[39m
              [36m>[39m
                [0mComponentes[0m
              [36m</button>[39m
            [36m</div>[39m
            [36m<div[39m
              [33maria-labelledby[39m=[32m"radix-_r_0_-trigger-colors"[39m
              [33mclass[39m=[32m"mt-2 ring-offset-[hsl(var(--background))] focus-visible:outline-none focus-visible:ring-2 focus-visible:ring-[hsl(var(--ring))] focus-visible:ring-offset-2 space-y-6"[39m
              [33mdata-orientation[39m=[32m"horizontal"[39m
              [33mdata-state[39m=[32m"active"[39m
              [33mid[39m=[32m"radix-_r_0_-content-colors"[39m
              [33mrole[39m=[32m"tabpanel"[39m
              [33mstyle[39m=[32m"animation-duration: 0s;"[39m
              [33mtabindex[39m=[32m"0"[39m
            [36m>[39m
              [36m<div[39m
                [33mclass[39m=[32m"rounded-lg border bg-[hsl(var(--card))] text-[hsl(var(--card-foreground))] shadow-sm"[39m
      ...
[90m [2mÔØ»[22m Object.getElementError node_modules/@testing-library/dom/dist/config.js:[2m37:19[22m[39m
[90m [2mÔØ»[22m node_modules/@testing-library/dom/dist/query-helpers.js:[2m76:38[22m[39m
[90m [2mÔØ»[22m node_modules/@testing-library/dom/dist/query-helpers.js:[2m52:17[22m[39m
[90m [2mÔØ»[22m node_modules/@testing-library/dom/dist/query-helpers.js:[2m95:19[22m[39m
[36m [2mÔØ»[22m app/routes/__tests__/config.theme.test.tsx:[2m216:34[22m[39m
    [90m214| [39m      [90m// Check for error icon or error message[39m
    [90m215| [39m      const errorIcon = document.querySelector('[class*="alert-circle"ÔÇª
    [90m216| [39m      expect(errorIcon || screen.getByText(/Error al cargar el tema/i)ÔÇª
    [90m   | [39m                                 [31m^[39m
    [90m217| [39m    })[33m;[39m
    [90m218| [39m

[31m[2mÔÄ»ÔÄ»ÔÄ»ÔÄ»ÔÄ»ÔÄ»ÔÄ»ÔÄ»ÔÄ»ÔÄ»ÔÄ»ÔÄ»ÔÄ»ÔÄ»ÔÄ»ÔÄ»ÔÄ»ÔÄ»ÔÄ»ÔÄ»ÔÄ»[24/275]ÔÄ»[22m[39m

[41m[1m FAIL [22m[49m app/routes/__tests__/config.theme.test.tsx[2m > [22mThemeConfigPage[2m > [22mColors tab[2m > [22mshould update color value on change
[31m[1mAssertionError[22m: expected '' to be '#FF5733' // Object.is equality[39m

[32m- Expected[39m
[31m+ Received[39m

[32m- #FF5733[39m

[36m [2mÔØ»[22m app/routes/__tests__/config.theme.test.tsx:[2m300:31[22m[39m
    [90m298| [39m      [35mawait[39m user[33m.[39m[34mtype[39m(textInput[33m,[39m [32m"#FF5733"[39m)[33m;[39m
    [90m299| [39m
    [90m300| [39m      [34mexpect[39m(textInput[33m.[39mvalue)[33m.[39m[34mtoBe[39m([32m"#FF5733"[39m)[33m;[39m
    [90m   | [39m                              [31m^[39m
    [90m301| [39m    })[33m;[39m
    [90m302| [39m  })[33m;[39m

[31m[2mÔÄ»ÔÄ»ÔÄ»ÔÄ»ÔÄ»ÔÄ»ÔÄ»ÔÄ»ÔÄ»ÔÄ»ÔÄ»ÔÄ»ÔÄ»ÔÄ»ÔÄ»ÔÄ»ÔÄ»ÔÄ»ÔÄ»ÔÄ»ÔÄ»[25/275]ÔÄ»[22m[39m

[41m[1m FAIL [22m[49m app/routes/__tests__/config.theme.test.tsx[2m > [22mThemeConfigPage[2m > [22mLogos tab[2m > [22mshould render logo inputs
[31m[1mTestingLibraryElementError[22m[39m: Found multiple elements with the role "tab" and name "Logos"

Here are the matching elements:

Ignored nodes: comments, script, style
[36m<button[39m
  [33maria-controls[39m=[32m"radix-_r_5_-content-logos"[39m
  [33maria-selected[39m=[32m"false"[39m
  [33mclass[39m=[32m"inline-flex items-center justify-center whitespace-nowrap rounded-sm px-3 py-1.5 text-sm font-medium ring-offset-[hsl(var(--background))] transition-all focus-visible:outline-none focus-visible:ring-2 
focus-visible:ring-[hsl(var(--ring))] focus-visible:ring-offset-2 disabled:pointer-events-none disabled:opacity-50 data-[state=active]:bg-[hsl(var(--background))] data-[state=active]:text-[hsl(var(--foreground))] 
data-[state=active]:shadow-sm"[39m
  [33mdata-orientation[39m=[32m"horizontal"[39m
  [33mdata-radix-collection-item[39m=[32m""[39m
  [33mdata-state[39m=[32m"inactive"[39m
  [33mid[39m=[32m"radix-_r_5_-trigger-logos"[39m
  [33mrole[39m=[32m"tab"[39m
  [33mtabindex[39m=[32m"-1"[39m
  [33mtype[39m=[32m"button"[39m
[36m>[39m
  [0mLogos[0m
[36m</button>[39m

Ignored nodes: comments, script, style
[36m<button[39m
  [33maria-controls[39m=[32m"radix-_r_a_-content-logos"[39m
  [33maria-selected[39m=[32m"false"[39m
  [33mclass[39m=[32m"inline-flex items-center justify-center whitespace-nowrap rounded-sm px-3 py-1.5 text-sm font-medium ring-offset-[hsl(var(--background))] transition-all focus-visible:outline-none focus-visible:ring-2 
focus-visible:ring-[hsl(var(--ring))] focus-visible:ring-offset-2 disabled:pointer-events-none disabled:opacity-50 data-[state=active]:bg-[hsl(var(--background))] data-[state=active]:text-[hsl(var(--foreground))] 
data-[state=active]:shadow-sm"[39m
  [33mdata-orientation[39m=[32m"horizontal"[39m
  [33mdata-radix-collection-item[39m=[32m""[39m
  [33mdata-state[39m=[32m"inactive"[39m
  [33mid[39m=[32m"radix-_r_a_-trigger-logos"[39m
  [33mrole[39m=[32m"tab"[39m
  [33mtabindex[39m=[32m"-1"[39m
  [33mtype[39m=[32m"button"[39m
[36m>[39m
  [0mLogos[0m
[36m</button>[39m

Ignored nodes: comments, script, style
[36m<button[39m
  [33maria-controls[39m=[32m"radix-_r_f_-content-logos"[39m
  [33maria-selected[39m=[32m"false"[39m
  [33mclass[39m=[32m"inline-flex items-center justify-center whitespace-nowrap rounded-sm px-3 py-1.5 text-sm font-medium ring-offset-[hsl(var(--background))] transition-all focus-visible:outline-none focus-visible:ring-2 
focus-visible:ring-[hsl(var(--ring))] focus-visible:ring-offset-2 disabled:pointer-events-none disabled:opacity-50 data-[state=active]:bg-[hsl(var(--background))] data-[state=active]:text-[hsl(var(--foreground))] 
data-[state=active]:shadow-sm"[39m
  [33mdata-orientation[39m=[32m"horizontal"[39m
  [33mdata-radix-collection-item[39m=[32m""[39m
  [33mdata-state[39m=[32m"inactive"[39m
  [33mid[39m=[32m"radix-_r_f_-trigger-logos"[39m
  [33mrole[39m=[32m"tab"[39m
  [33mtabindex[39m=[32m"-1"[39m
  [33mtype[39m=[32m"button"[39m
[36m>[39m
  [0mLogos[0m
[36m</button>[39m

Ignored nodes: comments, script, style
[36m<button[39m
  [33maria-controls[39m=[32m"radix-_r_k_-content-logos"[39m
  [33maria-selected[39m=[32m"false"[39m
  [33mclass[39m=[32m"inline-flex items-center justify-center whitespace-nowrap rounded-sm px-3 py-1.5 text-sm font-medium ring-offset-[hsl(var(--background))] transition-all focus-visible:outline-none focus-visible:ring-2 
focus-visible:ring-[hsl(var(--ring))] focus-visible:ring-offset-2 disabled:pointer-events-none disabled:opacity-50 data-[state=active]:bg-[hsl(var(--background))] data-[state=active]:text-[hsl(var(--foreground))] 
data-[state=active]:shadow-sm"[39m
  [33mdata-orientation[39m=[32m"horizontal"[39m
  [33mdata-radix-collection-item[39m=[32m""[39m
  [33mdata-state[39m=[32m"inactive"[39m
  [33mid[39m=[32m"radix-_r_k_-trigger-logos"[39m
  [33mrole[39m=[32m"tab"[39m
  [33mtabindex[39m=[32m"-1"[39m
  [33mtype[39m=[32m"button"[39m
[36m>[39m
  [0mLogos[0m
[36m</button>[39m

(If this is intentional, then use the `*AllBy*` variant of the query (like `queryAllByText`, `getAllByText`, or `findAllByText`)).

Ignored nodes: comments, script, style
[36m<body>[39m
  [36m<div>[39m
    [36m<div[39m
      [33mclass[39m=[32m"flex flex-col min-h-[calc(100vh-4rem)]"[39m
    [36m>[39m
      [36m<div[39m
        [33mclass[39m=[32m"container mx-auto py-6 space-y-6 flex-1"[39m
      [36m>[39m
        [36m<div[39m
          [33mclass[39m=[32m"space-y-2"[39m
        [36m>[39m
          [36m<h1[39m
            [33mclass[39m=[32m"text-3xl font-bold"[39m
          [36m>[39m
            [0mTema y Apariencia[0m
          [36m</h1>[39m
          [36m<p[39m
            [33mclass[39m=[32m"text-muted-foreground"[39m
          [36m>[39m
            [0mPersonaliza los colores, logos y estilos[0m
          [36m</p>[39m
        [36m</div>[39m
        [36m<div[39m
          [33mclass[39m=[32m"flex-1"[39m
        [36m>[39m
          [36m<div[39m
            [33mclass[39m=[32m"space-y-6"[39m
            [33mdata-orientation[39m=[32m"horizontal"[39m
            [33mdir[39m=[32m"ltr"[39m
          [36m>[39m
            [36m<div[39m
              [33maria-orientation[39m=[32m"horizontal"[39m
              [33mclass[39m=[32m"inline-flex h-10 items-center justify-center rounded-md bg-muted p-1 text-muted-foreground"[39m
              [33mdata-orientation[39m=[32m"horizontal"[39m
              [33mrole[39m=[32m"tablist"[39m
              [33mstyle[39m=[32m"outline: none;"[39m
              [33mtabindex[39m=[32m"0"[39m
            [36m>[39m
              [36m<button[39m
                [33maria-controls[39m=[32m"radix-_r_5_-content-colors"[39m
                [33maria-selected[39m=[32m"true"[39m
                [33mclass[39m=[32m"inline-flex items-center justify-center whitespace-nowrap rounded-sm px-3 py-1.5 text-sm font-medium ring-offset-[hsl(var(--background))] transition-all focus-visible:outline-none focus-visible:ring-2 
focus-visible:ring-[hsl(var(--ring))] focus-visible:ring-offset-2 disabled:pointer-events-none disabled:opacity-50 data-[state=active]:bg-[hsl(var(--background))] data-[state=active]:text-[hsl(var(--foreground))] 
data-[state=active]:shadow-sm"[39m
                [33mdata-orientation[39m=[32m"horizontal"[39m
                [33mdata-radix-collection-item[39m=[32m""[39m
                [33mdata-state[39m=[32m"active"[39m
                [33mid[39m=[32m"radix-_r_5_-trigger-colors"[39m
                [33mrole[39m=[32m"tab"[39m
                [33mtabindex[39m=[32m"-1"[39m
                [33mtype[39m=[32m"button"[39m
              [36m>[39m
                [0mColores[0m
              [36m</button>[39m
              [36m<button[39m
                [33maria-controls[39m=[32m"radix-_r_5_-content-logos"[39m
                [33maria-selected[39m=[32m"false"[39m
                [33mclass[39m=[32m"inline-flex items-center justify-center whitespace-nowrap rounded-sm px-3 py-1.5 text-sm font-medium ring-offset-[hsl(var(--background))] transition-all focus-visible:outline-none focus-visible:ring-2 
focus-visible:ring-[hsl(var(--ring))] focus-visible:ring-offset-2 disabled:pointer-events-none disabled:opacity-50 data-[state=active]:bg-[hsl(var(--background))] data-[state=active]:text-[hsl(var(--foreground))] 
data-[state=active]:shadow-sm"[39m
                [33mdata-orientation[39m=[32m"horizontal"[39m
                [33mdata-radix-collection-item[39m=[32m""[39m
                [33mdata-state[39m=[32m"inactive"[39m
                [33mid[39m=[32m"radix-_r_5_-trigger-logos"[39m
                [33mrole[39m=[32m"tab"[39m
                [33mtabindex[39m=[32m"-1"[39m
                [33mtype[39m=[32m"button"[39m
              [36m>[39m
                [0mLogos[0m
              [36m</button>[39m
              [36m<button[39m
                [33maria-controls[39m=[32m"radix-_r_5_-content-typography"[39m
                [33maria-selected[39m=[32m"false"[39m
                [33mclass[39m=[32m"inline-flex items-center justify-center whitespace-nowrap rounded-sm px-3 py-1.5 text-sm font-medium ring-offset-[hsl(var(--background))] transition-all focus-visible:outline-none focus-visible:ring-2 
focus-visible:ring-[hsl(var(--ring))] focus-visible:ring-offset-2 disabled:pointer-events-none disabled:opacity-50 data-[state=active]:bg-[hsl(var(--background))] data-[state=active]:text-[hsl(var(--foreground))] 
data-[state=active]:shadow-sm"[39m
                [33mdata-orientation[39m=[32m"horizontal"[39m
                [33mdata-radix-collection-item[39m=[32m""[39m
                [33mdata-state[39m=[32m"inactive"[39m
                [33mid[39m=[32m"radix-_r_5_-trigger-typography"[39m
                [33mrole[39m=[32m"tab"[39m
                [33mtabindex[39m=[32m"-1"[39m
                [33mtype[39m=[32m"button"[39m
              [36m>[39m
                [0mTipograf├¡a[0m
              [36m</button>[39m
              [36m<button[39m
                [33maria-controls[39m=[32m"radix-_r_5_-content-components"[39m
                [33maria-selected[39m=[32m"false"[39m
                [33mclass[39m=[32m"inline-flex items-center justify-center whitespace-nowrap rounded-sm px-3 py-1.5 text-sm font-medium ring-offset-[hsl(var(--background))] transition-all focus-visible:outline-none focus-visible:ring-2 
focus-visible:ring-[hsl(var(--ring))] focus-visible:ring-offset-2 disabled:pointer-events-none disabled:opacity-50 data-[state=active]:bg-[hsl(var(--background))] data-[state=active]:text-[hsl(var(--foreground))] 
data-[state=active]:shadow-sm"[39m
                [33mdata-orientation[39m=[32m"horizontal"[39m
                [33mdata-radix-collection-item[39m=[32m""[39m
                [33mdata-state[39m=[32m"inactive"[39m
                [33mid[39m=[32m"radix-_r_5_-trigger-components"[39m
                [33mrole[39m=[32m"tab"[39m
                [33mtabindex[39m=[32m"-1"[39m
                [33mtype[39m=[32m"button"[39m
              [36m>[39m
                [0mComponentes[0m
              [36m</button>[39m
            [36m</div>[39m
            [36m<div[39m
              [33maria-labelledby[39m=[32m"radix-_r_5_-trigger-colors"[39m
              [33mclass[39m=[32m"mt-2 ring-offset-[hsl(var(--background))] focus-visible:outline-none focus-visible:ring-2 focus-visible:ring-[hsl(var(--ring))] focus-visible:ring-offset-2 space-y-6"[39m
              [33mdata-orientation[39m=[32m"horizontal"[39m
              [33mdata-state[39m=[32m"active"[39m
              [33mid[39m=[32m"radix-_r_5_-content-colors"[39m
              [33mrole[39m=[32m"tabpanel"[39m
              [33mstyle[39m=[32m"animation-duration: 0s;"[39m
              [33mtabindex[39m=[32m"0"[39m
            [36m>[39m
              [36m<div[39m
                [33mclass[39m=[32m"rounded-lg border bg-[hsl(var(--card))] text-[hsl(var(--card-foreground))] shadow-sm"[39m
      ...
[90m [2mÔØ»[22m Object.getElementError node_modules/@testing-library/dom/dist/config.js:[2m37:19[22m[39m
[90m [2mÔØ»[22m getElementError node_modules/@testing-library/dom/dist/query-helpers.js:[2m20:35[22m[39m
[90m [2mÔØ»[22m getMultipleElementsFoundError node_modules/@testing-library/dom/dist/query-helpers.js:[2m23:10[22m[39m
[90m [2mÔØ»[22m node_modules/@testing-library/dom/dist/query-helpers.js:[2m55:13[22m[39m
[90m [2mÔØ»[22m node_modules/@testing-library/dom/dist/query-helpers.js:[2m95:19[22m[39m
[36m [2mÔØ»[22m app/routes/__tests__/config.theme.test.tsx:[2m309:31[22m[39m
    [90m307| [39m      [34mrenderWithRouter[39m()[33m;[39m
    [90m308| [39m
    [90m309| [39m      [35mawait[39m user[33m.[39m[34mclick[39m(screen[33m.[39m[34mgetByRole[39m([32m"tab"[39m[33m,[39m { name[33m:[39m [32m"Logos"[39m }))[33m;[39m
    [90m   | [39m                              [31m^[39m
    [90m310| [39m
    [90m311| [39m      expect(screen.getByLabelText("Logo Principal")).toBeInTheDocumenÔÇª

[31m[2mÔÄ»ÔÄ»ÔÄ»ÔÄ»ÔÄ»ÔÄ»ÔÄ»ÔÄ»ÔÄ»ÔÄ»ÔÄ»ÔÄ»ÔÄ»ÔÄ»ÔÄ»ÔÄ»ÔÄ»ÔÄ»ÔÄ»ÔÄ»ÔÄ»[26/275]ÔÄ»[22m[39m

[41m[1m FAIL [22m[49m app/routes/__tests__/config.theme.test.tsx[2m > [22mThemeConfigPage[2m > [22mLogos tab[2m > [22mshould display current logo values
[31m[1mTestingLibraryElementError[22m[39m: Found multiple elements with the role "tab" and name "Logos"

Here are the matching elements:

Ignored nodes: comments, script, style
[36m<button[39m
  [33maria-controls[39m=[32m"radix-_r_5_-content-logos"[39m
  [33maria-selected[39m=[32m"false"[39m
  [33mclass[39m=[32m"inline-flex items-center justify-center whitespace-nowrap rounded-sm px-3 py-1.5 text-sm font-medium ring-offset-[hsl(var(--background))] transition-all focus-visible:outline-none focus-visible:ring-2 
focus-visible:ring-[hsl(var(--ring))] focus-visible:ring-offset-2 disabled:pointer-events-none disabled:opacity-50 data-[state=active]:bg-[hsl(var(--background))] data-[state=active]:text-[hsl(var(--foreground))] 
data-[state=active]:shadow-sm"[39m
  [33mdata-orientation[39m=[32m"horizontal"[39m
  [33mdata-radix-collection-item[39m=[32m""[39m
  [33mdata-state[39m=[32m"inactive"[39m
  [33mid[39m=[32m"radix-_r_5_-trigger-logos"[39m
  [33mrole[39m=[32m"tab"[39m
  [33mtabindex[39m=[32m"-1"[39m
  [33mtype[39m=[32m"button"[39m
[36m>[39m
  [0mLogos[0m
[36m</button>[39m

Ignored nodes: comments, script, style
[36m<button[39m
  [33maria-controls[39m=[32m"radix-_r_a_-content-logos"[39m
  [33maria-selected[39m=[32m"false"[39m
  [33mclass[39m=[32m"inline-flex items-center justify-center whitespace-nowrap rounded-sm px-3 py-1.5 text-sm font-medium ring-offset-[hsl(var(--background))] transition-all focus-visible:outline-none focus-visible:ring-2 
focus-visible:ring-[hsl(var(--ring))] focus-visible:ring-offset-2 disabled:pointer-events-none disabled:opacity-50 data-[state=active]:bg-[hsl(var(--background))] data-[state=active]:text-[hsl(var(--foreground))] 
data-[state=active]:shadow-sm"[39m
  [33mdata-orientation[39m=[32m"horizontal"[39m
  [33mdata-radix-collection-item[39m=[32m""[39m
  [33mdata-state[39m=[32m"inactive"[39m
  [33mid[39m=[32m"radix-_r_a_-trigger-logos"[39m
  [33mrole[39m=[32m"tab"[39m
  [33mtabindex[39m=[32m"-1"[39m
  [33mtype[39m=[32m"button"[39m
[36m>[39m
  [0mLogos[0m
[36m</button>[39m

Ignored nodes: comments, script, style
[36m<button[39m
  [33maria-controls[39m=[32m"radix-_r_f_-content-logos"[39m
  [33maria-selected[39m=[32m"false"[39m
  [33mclass[39m=[32m"inline-flex items-center justify-center whitespace-nowrap rounded-sm px-3 py-1.5 text-sm font-medium ring-offset-[hsl(var(--background))] transition-all focus-visible:outline-none focus-visible:ring-2 
focus-visible:ring-[hsl(var(--ring))] focus-visible:ring-offset-2 disabled:pointer-events-none disabled:opacity-50 data-[state=active]:bg-[hsl(var(--background))] data-[state=active]:text-[hsl(var(--foreground))] 
data-[state=active]:shadow-sm"[39m
  [33mdata-orientation[39m=[32m"horizontal"[39m
  [33mdata-radix-collection-item[39m=[32m""[39m
  [33mdata-state[39m=[32m"inactive"[39m
  [33mid[39m=[32m"radix-_r_f_-trigger-logos"[39m
  [33mrole[39m=[32m"tab"[39m
  [33mtabindex[39m=[32m"-1"[39m
  [33mtype[39m=[32m"button"[39m
[36m>[39m
  [0mLogos[0m
[36m</button>[39m

Ignored nodes: comments, script, style
[36m<button[39m
  [33maria-controls[39m=[32m"radix-_r_k_-content-logos"[39m
  [33maria-selected[39m=[32m"false"[39m
  [33mclass[39m=[32m"inline-flex items-center justify-center whitespace-nowrap rounded-sm px-3 py-1.5 text-sm font-medium ring-offset-[hsl(var(--background))] transition-all focus-visible:outline-none focus-visible:ring-2 
focus-visible:ring-[hsl(var(--ring))] focus-visible:ring-offset-2 disabled:pointer-events-none disabled:opacity-50 data-[state=active]:bg-[hsl(var(--background))] data-[state=active]:text-[hsl(var(--foreground))] 
data-[state=active]:shadow-sm"[39m
  [33mdata-orientation[39m=[32m"horizontal"[39m
  [33mdata-radix-collection-item[39m=[32m""[39m
  [33mdata-state[39m=[32m"inactive"[39m
  [33mid[39m=[32m"radix-_r_k_-trigger-logos"[39m
  [33mrole[39m=[32m"tab"[39m
  [33mtabindex[39m=[32m"-1"[39m
  [33mtype[39m=[32m"button"[39m
[36m>[39m
  [0mLogos[0m
[36m</button>[39m

Ignored nodes: comments, script, style
[36m<button[39m
  [33maria-controls[39m=[32m"radix-_r_p_-content-logos"[39m
  [33maria-selected[39m=[32m"false"[39m
  [33mclass[39m=[32m"inline-flex items-center justify-center whitespace-nowrap rounded-sm px-3 py-1.5 text-sm font-medium ring-offset-[hsl(var(--background))] transition-all focus-visible:outline-none focus-visible:ring-2 
focus-visible:ring-[hsl(var(--ring))] focus-visible:ring-offset-2 disabled:pointer-events-none disabled:opacity-50 data-[state=active]:bg-[hsl(var(--background))] data-[state=active]:text-[hsl(var(--foreground))] 
data-[state=active]:shadow-sm"[39m
  [33mdata-orientation[39m=[32m"horizontal"[39m
  [33mdata-radix-collection-item[39m=[32m""[39m
  [33mdata-state[39m=[32m"inactive"[39m
  [33mid[39m=[32m"radix-_r_p_-trigger-logos"[39m
  [33mrole[39m=[32m"tab"[39m
  [33mtabindex[39m=[32m"-1"[39m
  [33mtype[39m=[32m"button"[39m
[36m>[39m
  [0mLogos[0m
[36m</button>[39m

(If this is intentional, then use the `*AllBy*` variant of the query (like `queryAllByText`, `getAllByText`, or `findAllByText`)).

Ignored nodes: comments, script, style
[36m<body>[39m
  [36m<div>[39m
    [36m<div[39m
      [33mclass[39m=[32m"flex flex-col min-h-[calc(100vh-4rem)]"[39m
    [36m>[39m
      [36m<div[39m
        [33mclass[39m=[32m"container mx-auto py-6 space-y-6 flex-1"[39m
      [36m>[39m
        [36m<div[39m
          [33mclass[39m=[32m"space-y-2"[39m
        [36m>[39m
          [36m<h1[39m
            [33mclass[39m=[32m"text-3xl font-bold"[39m
          [36m>[39m
            [0mTema y Apariencia[0m
          [36m</h1>[39m
          [36m<p[39m
            [33mclass[39m=[32m"text-muted-foreground"[39m
          [36m>[39m
            [0mPersonaliza los colores, logos y estilos[0m
          [36m</p>[39m
        [36m</div>[39m
        [36m<div[39m
          [33mclass[39m=[32m"flex-1"[39m
        [36m>[39m
          [36m<div[39m
            [33mclass[39m=[32m"space-y-6"[39m
            [33mdata-orientation[39m=[32m"horizontal"[39m
            [33mdir[39m=[32m"ltr"[39m
          [36m>[39m
            [36m<div[39m
              [33maria-orientation[39m=[32m"horizontal"[39m
              [33mclass[39m=[32m"inline-flex h-10 items-center justify-center rounded-md bg-muted p-1 text-muted-foreground"[39m
              [33mdata-orientation[39m=[32m"horizontal"[39m
              [33mrole[39m=[32m"tablist"[39m
              [33mstyle[39m=[32m"outline: none;"[39m
              [33mtabindex[39m=[32m"0"[39m
            [36m>[39m
              [36m<button[39m
                [33maria-controls[39m=[32m"radix-_r_5_-content-colors"[39m
                [33maria-selected[39m=[32m"true"[39m
                [33mclass[39m=[32m"inline-flex items-center justify-center whitespace-nowrap rounded-sm px-3 py-1.5 text-sm font-medium ring-offset-[hsl(var(--background))] transition-all focus-visible:outline-none focus-visible:ring-2 
focus-visible:ring-[hsl(var(--ring))] focus-visible:ring-offset-2 disabled:pointer-events-none disabled:opacity-50 data-[state=active]:bg-[hsl(var(--background))] data-[state=active]:text-[hsl(var(--foreground))] 
data-[state=active]:shadow-sm"[39m
                [33mdata-orientation[39m=[32m"horizontal"[39m
                [33mdata-radix-collection-item[39m=[32m""[39m
                [33mdata-state[39m=[32m"active"[39m
                [33mid[39m=[32m"radix-_r_5_-trigger-colors"[39m
                [33mrole[39m=[32m"tab"[39m
                [33mtabindex[39m=[32m"-1"[39m
                [33mtype[39m=[32m"button"[39m
              [36m>[39m
                [0mColores[0m
              [36m</button>[39m
              [36m<button[39m
                [33maria-controls[39m=[32m"radix-_r_5_-content-logos"[39m
                [33maria-selected[39m=[32m"false"[39m
                [33mclass[39m=[32m"inline-flex items-center justify-center whitespace-nowrap rounded-sm px-3 py-1.5 text-sm font-medium ring-offset-[hsl(var(--background))] transition-all focus-visible:outline-none focus-visible:ring-2 
focus-visible:ring-[hsl(var(--ring))] focus-visible:ring-offset-2 disabled:pointer-events-none disabled:opacity-50 data-[state=active]:bg-[hsl(var(--background))] data-[state=active]:text-[hsl(var(--foreground))] 
data-[state=active]:shadow-sm"[39m
                [33mdata-orientation[39m=[32m"horizontal"[39m
                [33mdata-radix-collection-item[39m=[32m""[39m
                [33mdata-state[39m=[32m"inactive"[39m
                [33mid[39m=[32m"radix-_r_5_-trigger-logos"[39m
                [33mrole[39m=[32m"tab"[39m
                [33mtabindex[39m=[32m"-1"[39m
                [33mtype[39m=[32m"button"[39m
              [36m>[39m
                [0mLogos[0m
              [36m</button>[39m
              [36m<button[39m
                [33maria-controls[39m=[32m"radix-_r_5_-content-typography"[39m
                [33maria-selected[39m=[32m"false"[39m
                [33mclass[39m=[32m"inline-flex items-center justify-center whitespace-nowrap rounded-sm px-3 py-1.5 text-sm font-medium ring-offset-[hsl(var(--background))] transition-all focus-visible:outline-none focus-visible:ring-2 
focus-visible:ring-[hsl(var(--ring))] focus-visible:ring-offset-2 disabled:pointer-events-none disabled:opacity-50 data-[state=active]:bg-[hsl(var(--background))] data-[state=active]:text-[hsl(var(--foreground))] 
data-[state=active]:shadow-sm"[39m
                [33mdata-orientation[39m=[32m"horizontal"[39m
                [33mdata-radix-collection-item[39m=[32m""[39m
                [33mdata-state[39m=[32m"inactive"[39m
                [33mid[39m=[32m"radix-_r_5_-trigger-typography"[39m
                [33mrole[39m=[32m"tab"[39m
                [33mtabindex[39m=[32m"-1"[39m
                [33mtype[39m=[32m"button"[39m
              [36m>[39m
                [0mTipograf├¡a[0m
              [36m</button>[39m
              [36m<button[39m
                [33maria-controls[39m=[32m"radix-_r_5_-content-components"[39m
                [33maria-selected[39m=[32m"false"[39m
                [33mclass[39m=[32m"inline-flex items-center justify-center whitespace-nowrap rounded-sm px-3 py-1.5 text-sm font-medium ring-offset-[hsl(var(--background))] transition-all focus-visible:outline-none focus-visible:ring-2 
focus-visible:ring-[hsl(var(--ring))] focus-visible:ring-offset-2 disabled:pointer-events-none disabled:opacity-50 data-[state=active]:bg-[hsl(var(--background))] data-[state=active]:text-[hsl(var(--foreground))] 
data-[state=active]:shadow-sm"[39m
                [33mdata-orientation[39m=[32m"horizontal"[39m
                [33mdata-radix-collection-item[39m=[32m""[39m
                [33mdata-state[39m=[32m"inactive"[39m
                [33mid[39m=[32m"radix-_r_5_-trigger-components"[39m
                [33mrole[39m=[32m"tab"[39m
                [33mtabindex[39m=[32m"-1"[39m
                [33mtype[39m=[32m"button"[39m
              [36m>[39m
                [0mComponentes[0m
              [36m</button>[39m
            [36m</div>[39m
            [36m<div[39m
              [33maria-labelledby[39m=[32m"radix-_r_5_-trigger-colors"[39m
              [33mclass[39m=[32m"mt-2 ring-offset-[hsl(var(--background))] focus-visible:outline-none focus-visible:ring-2 focus-visible:ring-[hsl(var(--ring))] focus-visible:ring-offset-2 space-y-6"[39m
              [33mdata-orientation[39m=[32m"horizontal"[39m
              [33mdata-state[39m=[32m"active"[39m
              [33mid[39m=[32m"radix-_r_5_-content-colors"[39m
              [33mrole[39m=[32m"tabpanel"[39m
              [33mstyle[39m=[32m"animation-duration: 0s;"[39m
              [33mtabindex[39m=[32m"0"[39m
            [36m>[39m
              [36m<div[39m
                [33mclass[39m=[32m"rounded-lg border bg-[hsl(var(--card))] text-[hsl(var(--card-foreground))] shadow-sm"[39m
      ...
[90m [2mÔØ»[22m Object.getElementError node_modules/@testing-library/dom/dist/config.js:[2m37:19[22m[39m
[90m [2mÔØ»[22m getElementError node_modules/@testing-library/dom/dist/query-helpers.js:[2m20:35[22m[39m
[90m [2mÔØ»[22m getMultipleElementsFoundError node_modules/@testing-library/dom/dist/query-helpers.js:[2m23:10[22m[39m
[90m [2mÔØ»[22m node_modules/@testing-library/dom/dist/query-helpers.js:[2m55:13[22m[39m
[90m [2mÔØ»[22m node_modules/@testing-library/dom/dist/query-helpers.js:[2m95:19[22m[39m
[36m [2mÔØ»[22m app/routes/__tests__/config.theme.test.tsx:[2m321:31[22m[39m
    [90m319| [39m      [34mrenderWithRouter[39m()[33m;[39m
    [90m320| [39m
    [90m321| [39m      [35mawait[39m user[33m.[39m[34mclick[39m(screen[33m.[39m[34mgetByRole[39m([32m"tab"[39m[33m,[39m { name[33m:[39m [32m"Logos"[39m }))[33m;[39m
    [90m   | [39m                              [31m^[39m
    [90m322| [39m
    [90m323| [39m      const logoInput = screen.getByLabelText("Logo Principal") as HTMÔÇª

[31m[2mÔÄ»ÔÄ»ÔÄ»ÔÄ»ÔÄ»ÔÄ»ÔÄ»ÔÄ»ÔÄ»ÔÄ»ÔÄ»ÔÄ»ÔÄ»ÔÄ»ÔÄ»ÔÄ»ÔÄ»ÔÄ»ÔÄ»ÔÄ»ÔÄ»[27/275]ÔÄ»[22m[39m

[41m[1m FAIL [22m[49m app/routes/__tests__/config.theme.test.tsx[2m > [22mThemeConfigPage[2m > [22mLogos tab[2m > [22mshould update logo value on change
[31m[1mAssertionError[22m: expected '###FFF' to be '/assets/logos/custom-logo.png' // Object.is equality[39m

Expected: [32m"/assets/logos/custom-logo.png"[39m
Received: [31m"###FFF"[39m

[36m [2mÔØ»[22m app/routes/__tests__/config.theme.test.tsx:[2m337:31[22m[39m
    [90m335| [39m      [35mawait[39m user[33m.[39m[34mtype[39m(logoInput[33m,[39m [32m"/assets/logos/custom-logo.png"[39m)[33m;[39m
    [90m336| [39m
    [90m337| [39m      [34mexpect[39m(logoInput[33m.[39mvalue)[33m.[39m[34mtoBe[39m([32m"/assets/logos/custom-logo.png"[39m)[33m;[39m
    [90m   | [39m                              [31m^[39m
    [90m338| [39m    })[33m;[39m
    [90m339| [39m  })[33m;[39m

[31m[2mÔÄ»ÔÄ»ÔÄ»ÔÄ»ÔÄ»ÔÄ»ÔÄ»ÔÄ»ÔÄ»ÔÄ»ÔÄ»ÔÄ»ÔÄ»ÔÄ»ÔÄ»ÔÄ»ÔÄ»ÔÄ»ÔÄ»ÔÄ»ÔÄ»[28/275]ÔÄ»[22m[39m

[41m[1m FAIL [22m[49m app/routes/__tests__/config.theme.test.tsx[2m > [22mThemeConfigPage[2m > [22mTypography tab[2m > [22mshould render typography inputs
[31m[1mTestingLibraryElementError[22m[39m: Found multiple elements with the role "tab" and name "Tipograf├¡a"

Here are the matching elements:

Ignored nodes: comments, script, style
[36m<button[39m
  [33maria-controls[39m=[32m"radix-_r_u_-content-typography"[39m
  [33maria-selected[39m=[32m"false"[39m
  [33mclass[39m=[32m"inline-flex items-center justify-center whitespace-nowrap rounded-sm px-3 py-1.5 text-sm font-medium ring-offset-[hsl(var(--background))] transition-all focus-visible:outline-none focus-visible:ring-2 
focus-visible:ring-[hsl(var(--ring))] focus-visible:ring-offset-2 disabled:pointer-events-none disabled:opacity-50 data-[state=active]:bg-[hsl(var(--background))] data-[state=active]:text-[hsl(var(--foreground))] 
data-[state=active]:shadow-sm"[39m
  [33mdata-orientation[39m=[32m"horizontal"[39m
  [33mdata-radix-collection-item[39m=[32m""[39m
  [33mdata-state[39m=[32m"inactive"[39m
  [33mid[39m=[32m"radix-_r_u_-trigger-typography"[39m
  [33mrole[39m=[32m"tab"[39m
  [33mtabindex[39m=[32m"-1"[39m
  [33mtype[39m=[32m"button"[39m
[36m>[39m
  [0mTipograf├¡a[0m
[36m</button>[39m

Ignored nodes: comments, script, style
[36m<button[39m
  [33maria-controls[39m=[32m"radix-_r_13_-content-typography"[39m
  [33maria-selected[39m=[32m"false"[39m
  [33mclass[39m=[32m"inline-flex items-center justify-center whitespace-nowrap rounded-sm px-3 py-1.5 text-sm font-medium ring-offset-[hsl(var(--background))] transition-all focus-visible:outline-none focus-visible:ring-2 
focus-visible:ring-[hsl(var(--ring))] focus-visible:ring-offset-2 disabled:pointer-events-none disabled:opacity-50 data-[state=active]:bg-[hsl(var(--background))] data-[state=active]:text-[hsl(var(--foreground))] 
data-[state=active]:shadow-sm"[39m
  [33mdata-orientation[39m=[32m"horizontal"[39m
  [33mdata-radix-collection-item[39m=[32m""[39m
  [33mdata-state[39m=[32m"inactive"[39m
  [33mid[39m=[32m"radix-_r_13_-trigger-typography"[39m
  [33mrole[39m=[32m"tab"[39m
  [33mtabindex[39m=[32m"-1"[39m
  [33mtype[39m=[32m"button"[39m
[36m>[39m
  [0mTipograf├¡a[0m
[36m</button>[39m

(If this is intentional, then use the `*AllBy*` variant of the query (like `queryAllByText`, `getAllByText`, or `findAllByText`)).

Ignored nodes: comments, script, style
[36m<body>[39m
  [36m<div>[39m
    [36m<div[39m
      [33mclass[39m=[32m"flex flex-col min-h-[calc(100vh-4rem)]"[39m
    [36m>[39m
      [36m<div[39m
        [33mclass[39m=[32m"container mx-auto py-6 space-y-6 flex-1"[39m
      [36m>[39m
        [36m<div[39m
          [33mclass[39m=[32m"space-y-2"[39m
        [36m>[39m
          [36m<h1[39m
            [33mclass[39m=[32m"text-3xl font-bold"[39m
          [36m>[39m
            [0mTema y Apariencia[0m
          [36m</h1>[39m
          [36m<p[39m
            [33mclass[39m=[32m"text-muted-foreground"[39m
          [36m>[39m
            [0mPersonaliza los colores, logos y estilos[0m
          [36m</p>[39m
        [36m</div>[39m
        [36m<div[39m
          [33mclass[39m=[32m"flex-1"[39m
        [36m>[39m
          [36m<div[39m
            [33mclass[39m=[32m"space-y-6"[39m
            [33mdata-orientation[39m=[32m"horizontal"[39m
            [33mdir[39m=[32m"ltr"[39m
          [36m>[39m
            [36m<div[39m
              [33maria-orientation[39m=[32m"horizontal"[39m
              [33mclass[39m=[32m"inline-flex h-10 items-center justify-center rounded-md bg-muted p-1 text-muted-foreground"[39m
              [33mdata-orientation[39m=[32m"horizontal"[39m
              [33mrole[39m=[32m"tablist"[39m
              [33mstyle[39m=[32m"outline: none;"[39m
              [33mtabindex[39m=[32m"0"[39m
            [36m>[39m
              [36m<button[39m
                [33maria-controls[39m=[32m"radix-_r_u_-content-colors"[39m
                [33maria-selected[39m=[32m"true"[39m
                [33mclass[39m=[32m"inline-flex items-center justify-center whitespace-nowrap rounded-sm px-3 py-1.5 text-sm font-medium ring-offset-[hsl(var(--background))] transition-all focus-visible:outline-none focus-visible:ring-2 
focus-visible:ring-[hsl(var(--ring))] focus-visible:ring-offset-2 disabled:pointer-events-none disabled:opacity-50 data-[state=active]:bg-[hsl(var(--background))] data-[state=active]:text-[hsl(var(--foreground))] 
data-[state=active]:shadow-sm"[39m
                [33mdata-orientation[39m=[32m"horizontal"[39m
                [33mdata-radix-collection-item[39m=[32m""[39m
                [33mdata-state[39m=[32m"active"[39m
                [33mid[39m=[32m"radix-_r_u_-trigger-colors"[39m
                [33mrole[39m=[32m"tab"[39m
                [33mtabindex[39m=[32m"-1"[39m
                [33mtype[39m=[32m"button"[39m
              [36m>[39m
                [0mColores[0m
              [36m</button>[39m
              [36m<button[39m
                [33maria-controls[39m=[32m"radix-_r_u_-content-logos"[39m
                [33maria-selected[39m=[32m"false"[39m
                [33mclass[39m=[32m"inline-flex items-center justify-center whitespace-nowrap rounded-sm px-3 py-1.5 text-sm font-medium ring-offset-[hsl(var(--background))] transition-all focus-visible:outline-none focus-visible:ring-2 
focus-visible:ring-[hsl(var(--ring))] focus-visible:ring-offset-2 disabled:pointer-events-none disabled:opacity-50 data-[state=active]:bg-[hsl(var(--background))] data-[state=active]:text-[hsl(var(--foreground))] 
data-[state=active]:shadow-sm"[39m
                [33mdata-orientation[39m=[32m"horizontal"[39m
                [33mdata-radix-collection-item[39m=[32m""[39m
                [33mdata-state[39m=[32m"inactive"[39m
                [33mid[39m=[32m"radix-_r_u_-trigger-logos"[39m
                [33mrole[39m=[32m"tab"[39m
                [33mtabindex[39m=[32m"-1"[39m
                [33mtype[39m=[32m"button"[39m
              [36m>[39m
                [0mLogos[0m
              [36m</button>[39m
              [36m<button[39m
                [33maria-controls[39m=[32m"radix-_r_u_-content-typography"[39m
                [33maria-selected[39m=[32m"false"[39m
                [33mclass[39m=[32m"inline-flex items-center justify-center whitespace-nowrap rounded-sm px-3 py-1.5 text-sm font-medium ring-offset-[hsl(var(--background))] transition-all focus-visible:outline-none focus-visible:ring-2 
focus-visible:ring-[hsl(var(--ring))] focus-visible:ring-offset-2 disabled:pointer-events-none disabled:opacity-50 data-[state=active]:bg-[hsl(var(--background))] data-[state=active]:text-[hsl(var(--foreground))] 
data-[state=active]:shadow-sm"[39m
                [33mdata-orientation[39m=[32m"horizontal"[39m
                [33mdata-radix-collection-item[39m=[32m""[39m
                [33mdata-state[39m=[32m"inactive"[39m
                [33mid[39m=[32m"radix-_r_u_-trigger-typography"[39m
                [33mrole[39m=[32m"tab"[39m
                [33mtabindex[39m=[32m"-1"[39m
                [33mtype[39m=[32m"button"[39m
              [36m>[39m
                [0mTipograf├¡a[0m
              [36m</button>[39m
              [36m<button[39m
                [33maria-controls[39m=[32m"radix-_r_u_-content-components"[39m
                [33maria-selected[39m=[32m"false"[39m
                [33mclass[39m=[32m"inline-flex items-center justify-center whitespace-nowrap rounded-sm px-3 py-1.5 text-sm font-medium ring-offset-[hsl(var(--background))] transition-all focus-visible:outline-none focus-visible:ring-2 
focus-visible:ring-[hsl(var(--ring))] focus-visible:ring-offset-2 disabled:pointer-events-none disabled:opacity-50 data-[state=active]:bg-[hsl(var(--background))] data-[state=active]:text-[hsl(var(--foreground))] 
data-[state=active]:shadow-sm"[39m
                [33mdata-orientation[39m=[32m"horizontal"[39m
                [33mdata-radix-collection-item[39m=[32m""[39m
                [33mdata-state[39m=[32m"inactive"[39m
                [33mid[39m=[32m"radix-_r_u_-trigger-components"[39m
                [33mrole[39m=[32m"tab"[39m
                [33mtabindex[39m=[32m"-1"[39m
                [33mtype[39m=[32m"button"[39m
              [36m>[39m
                [0mComponentes[0m
              [36m</button>[39m
            [36m</div>[39m
            [36m<div[39m
              [33maria-labelledby[39m=[32m"radix-_r_u_-trigger-colors"[39m
              [33mclass[39m=[32m"mt-2 ring-offset-[hsl(var(--background))] focus-visible:outline-none focus-visible:ring-2 focus-visible:ring-[hsl(var(--ring))] focus-visible:ring-offset-2 space-y-6"[39m
              [33mdata-orientation[39m=[32m"horizontal"[39m
              [33mdata-state[39m=[32m"active"[39m
              [33mid[39m=[32m"radix-_r_u_-content-colors"[39m
              [33mrole[39m=[32m"tabpanel"[39m
              [33mstyle[39m=[32m"animation-duration: 0s;"[39m
              [33mtabindex[39m=[32m"0"[39m
            [36m>[39m
              [36m<div[39m
                [33mclass[39m=[32m"rounded-lg border bg-[hsl(var(--card))] text-[hsl(var(--card-foreground))] shadow-sm"[39m
      ...
[90m [2mÔØ»[22m Object.getElementError node_modules/@testing-library/dom/dist/config.js:[2m37:19[22m[39m
[90m [2mÔØ»[22m getElementError node_modules/@testing-library/dom/dist/query-helpers.js:[2m20:35[22m[39m
[90m [2mÔØ»[22m getMultipleElementsFoundError node_modules/@testing-library/dom/dist/query-helpers.js:[2m23:10[22m[39m
[90m [2mÔØ»[22m node_modules/@testing-library/dom/dist/query-helpers.js:[2m55:13[22m[39m
[90m [2mÔØ»[22m node_modules/@testing-library/dom/dist/query-helpers.js:[2m95:19[22m[39m
[36m [2mÔØ»[22m app/routes/__tests__/config.theme.test.tsx:[2m346:31[22m[39m
    [90m344| [39m      [34mrenderWithRouter[39m()[33m;[39m
    [90m345| [39m
    [90m346| [39m      await user.click(screen.getByRole("tab", { name: "Tipograf├¡a" })ÔÇª
    [90m   | [39m                              [31m^[39m
    [90m347| [39m
    [90m348| [39m      expect(screen.getByLabelText("Fuente Principal")).toBeInTheDocumÔÇª

[31m[2mÔÄ»ÔÄ»ÔÄ»ÔÄ»ÔÄ»ÔÄ»ÔÄ»ÔÄ»ÔÄ»ÔÄ»ÔÄ»ÔÄ»ÔÄ»ÔÄ»ÔÄ»ÔÄ»ÔÄ»ÔÄ»ÔÄ»ÔÄ»ÔÄ»[29/275]ÔÄ»[22m[39m

[41m[1m FAIL [22m[49m app/routes/__tests__/config.theme.test.tsx[2m > [22mThemeConfigPage[2m > [22mTypography tab[2m > [22mshould display current typography values
[31m[1mTestingLibraryElementError[22m[39m: Found multiple elements with the role "tab" and name "Tipograf├¡a"

Here are the matching elements:

Ignored nodes: comments, script, style
[36m<button[39m
  [33maria-controls[39m=[32m"radix-_r_u_-content-typography"[39m
  [33maria-selected[39m=[32m"false"[39m
  [33mclass[39m=[32m"inline-flex items-center justify-center whitespace-nowrap rounded-sm px-3 py-1.5 text-sm font-medium ring-offset-[hsl(var(--background))] transition-all focus-visible:outline-none focus-visible:ring-2 
focus-visible:ring-[hsl(var(--ring))] focus-visible:ring-offset-2 disabled:pointer-events-none disabled:opacity-50 data-[state=active]:bg-[hsl(var(--background))] data-[state=active]:text-[hsl(var(--foreground))] 
data-[state=active]:shadow-sm"[39m
  [33mdata-orientation[39m=[32m"horizontal"[39m
  [33mdata-radix-collection-item[39m=[32m""[39m
  [33mdata-state[39m=[32m"inactive"[39m
  [33mid[39m=[32m"radix-_r_u_-trigger-typography"[39m
  [33mrole[39m=[32m"tab"[39m
  [33mtabindex[39m=[32m"-1"[39m
  [33mtype[39m=[32m"button"[39m
[36m>[39m
  [0mTipograf├¡a[0m
[36m</button>[39m

Ignored nodes: comments, script, style
[36m<button[39m
  [33maria-controls[39m=[32m"radix-_r_13_-content-typography"[39m
  [33maria-selected[39m=[32m"false"[39m
  [33mclass[39m=[32m"inline-flex items-center justify-center whitespace-nowrap rounded-sm px-3 py-1.5 text-sm font-medium ring-offset-[hsl(var(--background))] transition-all focus-visible:outline-none focus-visible:ring-2 
focus-visible:ring-[hsl(var(--ring))] focus-visible:ring-offset-2 disabled:pointer-events-none disabled:opacity-50 data-[state=active]:bg-[hsl(var(--background))] data-[state=active]:text-[hsl(var(--foreground))] 
data-[state=active]:shadow-sm"[39m
  [33mdata-orientation[39m=[32m"horizontal"[39m
  [33mdata-radix-collection-item[39m=[32m""[39m
  [33mdata-state[39m=[32m"inactive"[39m
  [33mid[39m=[32m"radix-_r_13_-trigger-typography"[39m
  [33mrole[39m=[32m"tab"[39m
  [33mtabindex[39m=[32m"-1"[39m
  [33mtype[39m=[32m"button"[39m
[36m>[39m
  [0mTipograf├¡a[0m
[36m</button>[39m

Ignored nodes: comments, script, style
[36m<button[39m
  [33maria-controls[39m=[32m"radix-_r_18_-content-typography"[39m
  [33maria-selected[39m=[32m"false"[39m
  [33mclass[39m=[32m"inline-flex items-center justify-center whitespace-nowrap rounded-sm px-3 py-1.5 text-sm font-medium ring-offset-[hsl(var(--background))] transition-all focus-visible:outline-none focus-visible:ring-2 
focus-visible:ring-[hsl(var(--ring))] focus-visible:ring-offset-2 disabled:pointer-events-none disabled:opacity-50 data-[state=active]:bg-[hsl(var(--background))] data-[state=active]:text-[hsl(var(--foreground))] 
data-[state=active]:shadow-sm"[39m
  [33mdata-orientation[39m=[32m"horizontal"[39m
  [33mdata-radix-collection-item[39m=[32m""[39m
  [33mdata-state[39m=[32m"inactive"[39m
  [33mid[39m=[32m"radix-_r_18_-trigger-typography"[39m
  [33mrole[39m=[32m"tab"[39m
  [33mtabindex[39m=[32m"-1"[39m
  [33mtype[39m=[32m"button"[39m
[36m>[39m
  [0mTipograf├¡a[0m
[36m</button>[39m

(If this is intentional, then use the `*AllBy*` variant of the query (like `queryAllByText`, `getAllByText`, or `findAllByText`)).

Ignored nodes: comments, script, style
[36m<body>[39m
  [36m<div>[39m
    [36m<div[39m
      [33mclass[39m=[32m"flex flex-col min-h-[calc(100vh-4rem)]"[39m
    [36m>[39m
      [36m<div[39m
        [33mclass[39m=[32m"container mx-auto py-6 space-y-6 flex-1"[39m
      [36m>[39m
        [36m<div[39m
          [33mclass[39m=[32m"space-y-2"[39m
        [36m>[39m
          [36m<h1[39m
            [33mclass[39m=[32m"text-3xl font-bold"[39m
          [36m>[39m
            [0mTema y Apariencia[0m
          [36m</h1>[39m
          [36m<p[39m
            [33mclass[39m=[32m"text-muted-foreground"[39m
          [36m>[39m
            [0mPersonaliza los colores, logos y estilos[0m
          [36m</p>[39m
        [36m</div>[39m
        [36m<div[39m
          [33mclass[39m=[32m"flex-1"[39m
        [36m>[39m
          [36m<div[39m
            [33mclass[39m=[32m"space-y-6"[39m
            [33mdata-orientation[39m=[32m"horizontal"[39m
            [33mdir[39m=[32m"ltr"[39m
          [36m>[39m
            [36m<div[39m
              [33maria-orientation[39m=[32m"horizontal"[39m
              [33mclass[39m=[32m"inline-flex h-10 items-center justify-center rounded-md bg-muted p-1 text-muted-foreground"[39m
              [33mdata-orientation[39m=[32m"horizontal"[39m
              [33mrole[39m=[32m"tablist"[39m
              [33mstyle[39m=[32m"outline: none;"[39m
              [33mtabindex[39m=[32m"0"[39m
            [36m>[39m
              [36m<button[39m
                [33maria-controls[39m=[32m"radix-_r_u_-content-colors"[39m
                [33maria-selected[39m=[32m"true"[39m
                [33mclass[39m=[32m"inline-flex items-center justify-center whitespace-nowrap rounded-sm px-3 py-1.5 text-sm font-medium ring-offset-[hsl(var(--background))] transition-all focus-visible:outline-none focus-visible:ring-2 
focus-visible:ring-[hsl(var(--ring))] focus-visible:ring-offset-2 disabled:pointer-events-none disabled:opacity-50 data-[state=active]:bg-[hsl(var(--background))] data-[state=active]:text-[hsl(var(--foreground))] 
data-[state=active]:shadow-sm"[39m
                [33mdata-orientation[39m=[32m"horizontal"[39m
                [33mdata-radix-collection-item[39m=[32m""[39m
                [33mdata-state[39m=[32m"active"[39m
                [33mid[39m=[32m"radix-_r_u_-trigger-colors"[39m
                [33mrole[39m=[32m"tab"[39m
                [33mtabindex[39m=[32m"-1"[39m
                [33mtype[39m=[32m"button"[39m
              [36m>[39m
                [0mColores[0m
              [36m</button>[39m
              [36m<button[39m
                [33maria-controls[39m=[32m"radix-_r_u_-content-logos"[39m
                [33maria-selected[39m=[32m"false"[39m
                [33mclass[39m=[32m"inline-flex items-center justify-center whitespace-nowrap rounded-sm px-3 py-1.5 text-sm font-medium ring-offset-[hsl(var(--background))] transition-all focus-visible:outline-none focus-visible:ring-2 
focus-visible:ring-[hsl(var(--ring))] focus-visible:ring-offset-2 disabled:pointer-events-none disabled:opacity-50 data-[state=active]:bg-[hsl(var(--background))] data-[state=active]:text-[hsl(var(--foreground))] 
data-[state=active]:shadow-sm"[39m
                [33mdata-orientation[39m=[32m"horizontal"[39m
                [33mdata-radix-collection-item[39m=[32m""[39m
                [33mdata-state[39m=[32m"inactive"[39m
                [33mid[39m=[32m"radix-_r_u_-trigger-logos"[39m
                [33mrole[39m=[32m"tab"[39m
                [33mtabindex[39m=[32m"-1"[39m
                [33mtype[39m=[32m"button"[39m
              [36m>[39m
                [0mLogos[0m
              [36m</button>[39m
              [36m<button[39m
                [33maria-controls[39m=[32m"radix-_r_u_-content-typography"[39m
                [33maria-selected[39m=[32m"false"[39m
                [33mclass[39m=[32m"inline-flex items-center justify-center whitespace-nowrap rounded-sm px-3 py-1.5 text-sm font-medium ring-offset-[hsl(var(--background))] transition-all focus-visible:outline-none focus-visible:ring-2 
focus-visible:ring-[hsl(var(--ring))] focus-visible:ring-offset-2 disabled:pointer-events-none disabled:opacity-50 data-[state=active]:bg-[hsl(var(--background))] data-[state=active]:text-[hsl(var(--foreground))] 
data-[state=active]:shadow-sm"[39m
                [33mdata-orientation[39m=[32m"horizontal"[39m
                [33mdata-radix-collection-item[39m=[32m""[39m
                [33mdata-state[39m=[32m"inactive"[39m
                [33mid[39m=[32m"radix-_r_u_-trigger-typography"[39m
                [33mrole[39m=[32m"tab"[39m
                [33mtabindex[39m=[32m"-1"[39m
                [33mtype[39m=[32m"button"[39m
              [36m>[39m
                [0mTipograf├¡a[0m
              [36m</button>[39m
              [36m<button[39m
                [33maria-controls[39m=[32m"radix-_r_u_-content-components"[39m
                [33maria-selected[39m=[32m"false"[39m
                [33mclass[39m=[32m"inline-flex items-center justify-center whitespace-nowrap rounded-sm px-3 py-1.5 text-sm font-medium ring-offset-[hsl(var(--background))] transition-all focus-visible:outline-none focus-visible:ring-2 
focus-visible:ring-[hsl(var(--ring))] focus-visible:ring-offset-2 disabled:pointer-events-none disabled:opacity-50 data-[state=active]:bg-[hsl(var(--background))] data-[state=active]:text-[hsl(var(--foreground))] 
data-[state=active]:shadow-sm"[39m
                [33mdata-orientation[39m=[32m"horizontal"[39m
                [33mdata-radix-collection-item[39m=[32m""[39m
                [33mdata-state[39m=[32m"inactive"[39m
                [33mid[39m=[32m"radix-_r_u_-trigger-components"[39m
                [33mrole[39m=[32m"tab"[39m
                [33mtabindex[39m=[32m"-1"[39m
                [33mtype[39m=[32m"button"[39m
              [36m>[39m
                [0mComponentes[0m
              [36m</button>[39m
            [36m</div>[39m
            [36m<div[39m
              [33maria-labelledby[39m=[32m"radix-_r_u_-trigger-colors"[39m
              [33mclass[39m=[32m"mt-2 ring-offset-[hsl(var(--background))] focus-visible:outline-none focus-visible:ring-2 focus-visible:ring-[hsl(var(--ring))] focus-visible:ring-offset-2 space-y-6"[39m
              [33mdata-orientation[39m=[32m"horizontal"[39m
              [33mdata-state[39m=[32m"active"[39m
              [33mid[39m=[32m"radix-_r_u_-content-colors"[39m
              [33mrole[39m=[32m"tabpanel"[39m
              [33mstyle[39m=[32m"animation-duration: 0s;"[39m
              [33mtabindex[39m=[32m"0"[39m
            [36m>[39m
              [36m<div[39m
                [33mclass[39m=[32m"rounded-lg border bg-[hsl(var(--card))] text-[hsl(var(--card-foreground))] shadow-sm"[39m
      ...
[90m [2mÔØ»[22m Object.getElementError node_modules/@testing-library/dom/dist/config.js:[2m37:19[22m[39m
[90m [2mÔØ»[22m getElementError node_modules/@testing-library/dom/dist/query-helpers.js:[2m20:35[22m[39m
[90m [2mÔØ»[22m getMultipleElementsFoundError node_modules/@testing-library/dom/dist/query-helpers.js:[2m23:10[22m[39m
[90m [2mÔØ»[22m node_modules/@testing-library/dom/dist/query-helpers.js:[2m55:13[22m[39m
[90m [2mÔØ»[22m node_modules/@testing-library/dom/dist/query-helpers.js:[2m95:19[22m[39m
[36m [2mÔØ»[22m app/routes/__tests__/config.theme.test.tsx:[2m357:31[22m[39m
    [90m355| [39m      [34mrenderWithRouter[39m()[33m;[39m
    [90m356| [39m
    [90m357| [39m      await user.click(screen.getByRole("tab", { name: "Tipograf├¡a" })ÔÇª
    [90m   | [39m                              [31m^[39m
    [90m358| [39m
    [90m359| [39m      const fontInput = screen.getByLabelText("Fuente Principal") as HÔÇª

[31m[2mÔÄ»ÔÄ»ÔÄ»ÔÄ»ÔÄ»ÔÄ»ÔÄ»ÔÄ»ÔÄ»ÔÄ»ÔÄ»ÔÄ»ÔÄ»ÔÄ»ÔÄ»ÔÄ»ÔÄ»ÔÄ»ÔÄ»ÔÄ»ÔÄ»[30/275]ÔÄ»[22m[39m

[41m[1m FAIL [22m[49m app/routes/__tests__/config.theme.test.tsx[2m > [22mThemeConfigPage[2m > [22mComponents tab[2m > [22mshould render component style inputs
[31m[1mTestingLibraryElementError[22m[39m: Found multiple elements with the role "tab" and name "Componentes"

Here are the matching elements:

Ignored nodes: comments, script, style
[36m<button[39m
  [33maria-controls[39m=[32m"radix-_r_u_-content-components"[39m
  [33maria-selected[39m=[32m"false"[39m
  [33mclass[39m=[32m"inline-flex items-center justify-center whitespace-nowrap rounded-sm px-3 py-1.5 text-sm font-medium ring-offset-[hsl(var(--background))] transition-all focus-visible:outline-none focus-visible:ring-2 
focus-visible:ring-[hsl(var(--ring))] focus-visible:ring-offset-2 disabled:pointer-events-none disabled:opacity-50 data-[state=active]:bg-[hsl(var(--background))] data-[state=active]:text-[hsl(var(--foreground))] 
data-[state=active]:shadow-sm"[39m
  [33mdata-orientation[39m=[32m"horizontal"[39m
  [33mdata-radix-collection-item[39m=[32m""[39m
  [33mdata-state[39m=[32m"inactive"[39m
  [33mid[39m=[32m"radix-_r_u_-trigger-components"[39m
  [33mrole[39m=[32m"tab"[39m
  [33mtabindex[39m=[32m"-1"[39m
  [33mtype[39m=[32m"button"[39m
[36m>[39m
  [0mComponentes[0m
[36m</button>[39m

Ignored nodes: comments, script, style
[36m<button[39m
  [33maria-controls[39m=[32m"radix-_r_13_-content-components"[39m
  [33maria-selected[39m=[32m"false"[39m
  [33mclass[39m=[32m"inline-flex items-center justify-center whitespace-nowrap rounded-sm px-3 py-1.5 text-sm font-medium ring-offset-[hsl(var(--background))] transition-all focus-visible:outline-none focus-visible:ring-2 
focus-visible:ring-[hsl(var(--ring))] focus-visible:ring-offset-2 disabled:pointer-events-none disabled:opacity-50 data-[state=active]:bg-[hsl(var(--background))] data-[state=active]:text-[hsl(var(--foreground))] 
data-[state=active]:shadow-sm"[39m
  [33mdata-orientation[39m=[32m"horizontal"[39m
  [33mdata-radix-collection-item[39m=[32m""[39m
  [33mdata-state[39m=[32m"inactive"[39m
  [33mid[39m=[32m"radix-_r_13_-trigger-components"[39m
  [33mrole[39m=[32m"tab"[39m
  [33mtabindex[39m=[32m"-1"[39m
  [33mtype[39m=[32m"button"[39m
[36m>[39m
  [0mComponentes[0m
[36m</button>[39m

Ignored nodes: comments, script, style
[36m<button[39m
  [33maria-controls[39m=[32m"radix-_r_18_-content-components"[39m
  [33maria-selected[39m=[32m"false"[39m
  [33mclass[39m=[32m"inline-flex items-center justify-center whitespace-nowrap rounded-sm px-3 py-1.5 text-sm font-medium ring-offset-[hsl(var(--background))] transition-all focus-visible:outline-none focus-visible:ring-2 
focus-visible:ring-[hsl(var(--ring))] focus-visible:ring-offset-2 disabled:pointer-events-none disabled:opacity-50 data-[state=active]:bg-[hsl(var(--background))] data-[state=active]:text-[hsl(var(--foreground))] 
data-[state=active]:shadow-sm"[39m
  [33mdata-orientation[39m=[32m"horizontal"[39m
  [33mdata-radix-collection-item[39m=[32m""[39m
  [33mdata-state[39m=[32m"inactive"[39m
  [33mid[39m=[32m"radix-_r_18_-trigger-components"[39m
  [33mrole[39m=[32m"tab"[39m
  [33mtabindex[39m=[32m"-1"[39m
  [33mtype[39m=[32m"button"[39m
[36m>[39m
  [0mComponentes[0m
[36m</button>[39m

Ignored nodes: comments, script, style
[36m<button[39m
  [33maria-controls[39m=[32m"radix-_r_1d_-content-components"[39m
  [33maria-selected[39m=[32m"false"[39m
  [33mclass[39m=[32m"inline-flex items-center justify-center whitespace-nowrap rounded-sm px-3 py-1.5 text-sm font-medium ring-offset-[hsl(var(--background))] transition-all focus-visible:outline-none focus-visible:ring-2 
focus-visible:ring-[hsl(var(--ring))] focus-visible:ring-offset-2 disabled:pointer-events-none disabled:opacity-50 data-[state=active]:bg-[hsl(var(--background))] data-[state=active]:text-[hsl(var(--foreground))] 
data-[state=active]:shadow-sm"[39m
  [33mdata-orientation[39m=[32m"horizontal"[39m
  [33mdata-radix-collection-item[39m=[32m""[39m
  [33mdata-state[39m=[32m"inactive"[39m
  [33mid[39m=[32m"radix-_r_1d_-trigger-components"[39m
  [33mrole[39m=[32m"tab"[39m
  [33mtabindex[39m=[32m"-1"[39m
  [33mtype[39m=[32m"button"[39m
[36m>[39m
  [0mComponentes[0m
[36m</button>[39m

(If this is intentional, then use the `*AllBy*` variant of the query (like `queryAllByText`, `getAllByText`, or `findAllByText`)).

Ignored nodes: comments, script, style
[36m<body>[39m
  [36m<div>[39m
    [36m<div[39m
      [33mclass[39m=[32m"flex flex-col min-h-[calc(100vh-4rem)]"[39m
    [36m>[39m
      [36m<div[39m
        [33mclass[39m=[32m"container mx-auto py-6 space-y-6 flex-1"[39m
      [36m>[39m
        [36m<div[39m
          [33mclass[39m=[32m"space-y-2"[39m
        [36m>[39m
          [36m<h1[39m
            [33mclass[39m=[32m"text-3xl font-bold"[39m
          [36m>[39m
            [0mTema y Apariencia[0m
          [36m</h1>[39m
          [36m<p[39m
            [33mclass[39m=[32m"text-muted-foreground"[39m
          [36m>[39m
            [0mPersonaliza los colores, logos y estilos[0m
          [36m</p>[39m
        [36m</div>[39m
        [36m<div[39m
          [33mclass[39m=[32m"flex-1"[39m
        [36m>[39m
          [36m<div[39m
            [33mclass[39m=[32m"space-y-6"[39m
            [33mdata-orientation[39m=[32m"horizontal"[39m
            [33mdir[39m=[32m"ltr"[39m
          [36m>[39m
            [36m<div[39m
              [33maria-orientation[39m=[32m"horizontal"[39m
              [33mclass[39m=[32m"inline-flex h-10 items-center justify-center rounded-md bg-muted p-1 text-muted-foreground"[39m
              [33mdata-orientation[39m=[32m"horizontal"[39m
              [33mrole[39m=[32m"tablist"[39m
              [33mstyle[39m=[32m"outline: none;"[39m
              [33mtabindex[39m=[32m"0"[39m
            [36m>[39m
              [36m<button[39m
                [33maria-controls[39m=[32m"radix-_r_u_-content-colors"[39m
                [33maria-selected[39m=[32m"true"[39m
                [33mclass[39m=[32m"inline-flex items-center justify-center whitespace-nowrap rounded-sm px-3 py-1.5 text-sm font-medium ring-offset-[hsl(var(--background))] transition-all focus-visible:outline-none focus-visible:ring-2 
focus-visible:ring-[hsl(var(--ring))] focus-visible:ring-offset-2 disabled:pointer-events-none disabled:opacity-50 data-[state=active]:bg-[hsl(var(--background))] data-[state=active]:text-[hsl(var(--foreground))] 
data-[state=active]:shadow-sm"[39m
                [33mdata-orientation[39m=[32m"horizontal"[39m
                [33mdata-radix-collection-item[39m=[32m""[39m
                [33mdata-state[39m=[32m"active"[39m
                [33mid[39m=[32m"radix-_r_u_-trigger-colors"[39m
                [33mrole[39m=[32m"tab"[39m
                [33mtabindex[39m=[32m"-1"[39m
                [33mtype[39m=[32m"button"[39m
              [36m>[39m
                [0mColores[0m
              [36m</button>[39m
              [36m<button[39m
                [33maria-controls[39m=[32m"radix-_r_u_-content-logos"[39m
                [33maria-selected[39m=[32m"false"[39m
                [33mclass[39m=[32m"inline-flex items-center justify-center whitespace-nowrap rounded-sm px-3 py-1.5 text-sm font-medium ring-offset-[hsl(var(--background))] transition-all focus-visible:outline-none focus-visible:ring-2 
focus-visible:ring-[hsl(var(--ring))] focus-visible:ring-offset-2 disabled:pointer-events-none disabled:opacity-50 data-[state=active]:bg-[hsl(var(--background))] data-[state=active]:text-[hsl(var(--foreground))] 
data-[state=active]:shadow-sm"[39m
                [33mdata-orientation[39m=[32m"horizontal"[39m
                [33mdata-radix-collection-item[39m=[32m""[39m
                [33mdata-state[39m=[32m"inactive"[39m
                [33mid[39m=[32m"radix-_r_u_-trigger-logos"[39m
                [33mrole[39m=[32m"tab"[39m
                [33mtabindex[39m=[32m"-1"[39m
                [33mtype[39m=[32m"button"[39m
              [36m>[39m
                [0mLogos[0m
              [36m</button>[39m
              [36m<button[39m
                [33maria-controls[39m=[32m"radix-_r_u_-content-typography"[39m
                [33maria-selected[39m=[32m"false"[39m
                [33mclass[39m=[32m"inline-flex items-center justify-center whitespace-nowrap rounded-sm px-3 py-1.5 text-sm font-medium ring-offset-[hsl(var(--background))] transition-all focus-visible:outline-none focus-visible:ring-2 
focus-visible:ring-[hsl(var(--ring))] focus-visible:ring-offset-2 disabled:pointer-events-none disabled:opacity-50 data-[state=active]:bg-[hsl(var(--background))] data-[state=active]:text-[hsl(var(--foreground))] 
data-[state=active]:shadow-sm"[39m
                [33mdata-orientation[39m=[32m"horizontal"[39m
                [33mdata-radix-collection-item[39m=[32m""[39m
                [33mdata-state[39m=[32m"inactive"[39m
                [33mid[39m=[32m"radix-_r_u_-trigger-typography"[39m
                [33mrole[39m=[32m"tab"[39m
                [33mtabindex[39m=[32m"-1"[39m
                [33mtype[39m=[32m"button"[39m
              [36m>[39m
                [0mTipograf├¡a[0m
              [36m</button>[39m
              [36m<button[39m
                [33maria-controls[39m=[32m"radix-_r_u_-content-components"[39m
                [33maria-selected[39m=[32m"false"[39m
                [33mclass[39m=[32m"inline-flex items-center justify-center whitespace-nowrap rounded-sm px-3 py-1.5 text-sm font-medium ring-offset-[hsl(var(--background))] transition-all focus-visible:outline-none focus-visible:ring-2 
focus-visible:ring-[hsl(var(--ring))] focus-visible:ring-offset-2 disabled:pointer-events-none disabled:opacity-50 data-[state=active]:bg-[hsl(var(--background))] data-[state=active]:text-[hsl(var(--foreground))] 
data-[state=active]:shadow-sm"[39m
                [33mdata-orientation[39m=[32m"horizontal"[39m
                [33mdata-radix-collection-item[39m=[32m""[39m
                [33mdata-state[39m=[32m"inactive"[39m
                [33mid[39m=[32m"radix-_r_u_-trigger-components"[39m
                [33mrole[39m=[32m"tab"[39m
                [33mtabindex[39m=[32m"-1"[39m
                [33mtype[39m=[32m"button"[39m
              [36m>[39m
                [0mComponentes[0m
              [36m</button>[39m
            [36m</div>[39m
            [36m<div[39m
              [33maria-labelledby[39m=[32m"radix-_r_u_-trigger-colors"[39m
              [33mclass[39m=[32m"mt-2 ring-offset-[hsl(var(--background))] focus-visible:outline-none focus-visible:ring-2 focus-visible:ring-[hsl(var(--ring))] focus-visible:ring-offset-2 space-y-6"[39m
              [33mdata-orientation[39m=[32m"horizontal"[39m
              [33mdata-state[39m=[32m"active"[39m
              [33mid[39m=[32m"radix-_r_u_-content-colors"[39m
              [33mrole[39m=[32m"tabpanel"[39m
              [33mstyle[39m=[32m"animation-duration: 0s;"[39m
              [33mtabindex[39m=[32m"0"[39m
            [36m>[39m
              [36m<div[39m
                [33mclass[39m=[32m"rounded-lg border bg-[hsl(var(--card))] text-[hsl(var(--card-foreground))] shadow-sm"[39m
      ...
[90m [2mÔØ»[22m Object.getElementError node_modules/@testing-library/dom/dist/config.js:[2m37:19[22m[39m
[90m [2mÔØ»[22m getElementError node_modules/@testing-library/dom/dist/query-helpers.js:[2m20:35[22m[39m
[90m [2mÔØ»[22m getMultipleElementsFoundError node_modules/@testing-library/dom/dist/query-helpers.js:[2m23:10[22m[39m
[90m [2mÔØ»[22m node_modules/@testing-library/dom/dist/query-helpers.js:[2m55:13[22m[39m
[90m [2mÔØ»[22m node_modules/@testing-library/dom/dist/query-helpers.js:[2m95:19[22m[39m
[36m [2mÔØ»[22m app/routes/__tests__/config.theme.test.tsx:[2m369:31[22m[39m
    [90m367| [39m      [34mrenderWithRouter[39m()[33m;[39m
    [90m368| [39m
    [90m369| [39m      await user.click(screen.getByRole("tab", { name: "Componentes" }ÔÇª
    [90m   | [39m                              [31m^[39m
    [90m370| [39m
    [90m371| [39m      expect(screen.getByLabelText("Radio de Botones")).toBeInTheDocumÔÇª

[31m[2mÔÄ»ÔÄ»ÔÄ»ÔÄ»ÔÄ»ÔÄ»ÔÄ»ÔÄ»ÔÄ»ÔÄ»ÔÄ»ÔÄ»ÔÄ»ÔÄ»ÔÄ»ÔÄ»ÔÄ»ÔÄ»ÔÄ»ÔÄ»ÔÄ»[31/275]ÔÄ»[22m[39m

[41m[1m FAIL [22m[49m app/routes/__tests__/config.theme.test.tsx[2m > [22mThemeConfigPage[2m > [22msave functionality[2m > [22mshould call updateTheme when save button is clicked
[31m[1mTestingLibraryElementError[22m: Unable to find an accessible element with the role "button" and name "Guardar Cambios"

There are no accessible roles. But there might be some inaccessible roles. If you wish to access them, then set the `hidden` option to `true`. Learn more about this here: https://testing-library.com/docs/dom-testing-library/api-queries#byrole

Ignored nodes: comments, script, style
[36m<body />[31m[39m
[90m [2mÔØ»[22m Object.getElementError node_modules/@testing-library/dom/dist/config.js:[2m37:19[22m[39m
[90m [2mÔØ»[22m node_modules/@testing-library/dom/dist/query-helpers.js:[2m76:38[22m[39m
[90m [2mÔØ»[22m node_modules/@testing-library/dom/dist/query-helpers.js:[2m52:17[22m[39m
[90m [2mÔØ»[22m node_modules/@testing-library/dom/dist/query-helpers.js:[2m95:19[22m[39m
[36m [2mÔØ»[22m app/routes/__tests__/config.theme.test.tsx:[2m399:33[22m[39m
    [90m397| [39m
    [90m398| [39m      [90m// Click save[39m
    [90m399| [39m      const saveButton = screen.getByRole("button", { name: "Guardar CÔÇª
    [90m   | [39m                                [31m^[39m
    [90m400| [39m      [35mawait[39m user[33m.[39m[34mclick[39m(saveButton)[33m;[39m
    [90m401| [39m

[31m[2mÔÄ»ÔÄ»ÔÄ»ÔÄ»ÔÄ»ÔÄ»ÔÄ»ÔÄ»ÔÄ»ÔÄ»ÔÄ»ÔÄ»ÔÄ»ÔÄ»ÔÄ»ÔÄ»ÔÄ»ÔÄ»ÔÄ»ÔÄ»ÔÄ»[32/275]ÔÄ»[22m[39m

[41m[1m FAIL [22m[49m app/routes/__tests__/config.theme.test.tsx[2m > [22mThemeConfigPage[2m > [22mreset functionality[2m > [22mshould reset changes when reset button is clicked
[31m[1mTestingLibraryElementError[22m: Unable to find an accessible element with the role "button" and name "Restablecer"

There are no accessible roles. But there might be some inaccessible roles. If you wish to access them, then set the `hidden` option to `true`. Learn more about this here: https://testing-library.com/docs/dom-testing-library/api-queries#byrole

Ignored nodes: comments, script, style
[36m<body />[31m[39m
[90m [2mÔØ»[22m Object.getElementError node_modules/@testing-library/dom/dist/config.js:[2m37:19[22m[39m
[90m [2mÔØ»[22m node_modules/@testing-library/dom/dist/query-helpers.js:[2m76:38[22m[39m
[90m [2mÔØ»[22m node_modules/@testing-library/dom/dist/query-helpers.js:[2m52:17[22m[39m
[90m [2mÔØ»[22m node_modules/@testing-library/dom/dist/query-helpers.js:[2m95:19[22m[39m
[36m [2mÔØ»[22m app/routes/__tests__/config.theme.test.tsx:[2m434:34[22m[39m
    [90m432| [39m
    [90m433| [39m      [90m// Click reset[39m
    [90m434| [39m      const resetButton = screen.getByRole("button", { name: "RestableÔÇª
    [90m   | [39m                                 [31m^[39m
    [90m435| [39m      [35mawait[39m user[33m.[39m[34mclick[39m(resetButton)[33m;[39m
    [90m436| [39m

[31m[2mÔÄ»ÔÄ»ÔÄ»ÔÄ»ÔÄ»ÔÄ»ÔÄ»ÔÄ»ÔÄ»ÔÄ»ÔÄ»ÔÄ»ÔÄ»ÔÄ»ÔÄ»ÔÄ»ÔÄ»ÔÄ»ÔÄ»ÔÄ»ÔÄ»[33/275]ÔÄ»[22m[39m

[41m[1m FAIL [22m[49m app/routes/__tests__/config.theme.test.tsx[2m > [22mThemeConfigPage[2m > [22mdefault values[2m > [22mshould use default values when theme is empty
[31m[1mAssertionError[22m: expected '#023E87' to be '#1976D2' // Object.is equality[39m

Expected: [32m"#[7m1976D2[27m"[39m
Received: [31m"#[7m023E87[27m"[39m

[36m [2mÔØ»[22m app/routes/__tests__/config.theme.test.tsx:[2m471:32[22m[39m
    [90m469| [39m
    [90m470| [39m      [90m// Should show default value[39m
    [90m471| [39m      [34mexpect[39m(textInput[33m?.[39mvalue)[33m.[39m[34mtoBe[39m([32m"#1976D2"[39m)[33m;[39m
    [90m   | [39m                               [31m^[39m
    [90m472| [39m    })[33m;[39m
    [90m473| [39m  })[33m;[39m

[31m[2mÔÄ»ÔÄ»ÔÄ»ÔÄ»ÔÄ»ÔÄ»ÔÄ»ÔÄ»ÔÄ»ÔÄ»ÔÄ»ÔÄ»ÔÄ»ÔÄ»ÔÄ»ÔÄ»ÔÄ»ÔÄ»ÔÄ»ÔÄ»ÔÄ»[34/275]ÔÄ»[22m[39m

[41m[1m FAIL [22m[49m app/routes/__tests__/config.theme.test.tsx[2m > [22mThemeConfigPage[2m > [22mtab navigation[2m > [22mshould switch between tabs
[31m[1mTestingLibraryElementError[22m[39m: Found a label with the text of: Fuente Principal, however no form control was found associated to that label. Make sure you're using the "for" attribute or "aria-labelledby" attribute correctly.

Ignored nodes: comments, script, style
[36m<body>[39m
  [36m<div>[39m
    [36m<div[39m
      [33mclass[39m=[32m"flex flex-col min-h-[calc(100vh-4rem)]"[39m
    [36m>[39m
      [36m<div[39m
        [33mclass[39m=[32m"container mx-auto py-6 space-y-6 flex-1"[39m
      [36m>[39m
        [36m<div[39m
          [33mclass[39m=[32m"space-y-2"[39m
        [36m>[39m
          [36m<h1[39m
            [33mclass[39m=[32m"text-3xl font-bold"[39m
          [36m>[39m
            [0mTema y Apariencia[0m
          [36m</h1>[39m
          [36m<p[39m
            [33mclass[39m=[32m"text-muted-foreground"[39m
          [36m>[39m
            [0mPersonaliza los colores, logos y estilos[0m
          [36m</p>[39m
        [36m</div>[39m
        [36m<div[39m
          [33mclass[39m=[32m"flex-1"[39m
        [36m>[39m
          [36m<div[39m
            [33mclass[39m=[32m"space-y-6"[39m
            [33mdata-orientation[39m=[32m"horizontal"[39m
            [33mdir[39m=[32m"ltr"[39m
          [36m>[39m
            [36m<div[39m
              [33maria-orientation[39m=[32m"horizontal"[39m
              [33mclass[39m=[32m"inline-flex h-10 items-center justify-center rounded-md bg-muted p-1 text-muted-foreground"[39m
              [33mdata-orientation[39m=[32m"horizontal"[39m
              [33mrole[39m=[32m"tablist"[39m
              [33mstyle[39m=[32m"outline: none;"[39m
              [33mtabindex[39m=[32m"0"[39m
            [36m>[39m
              [36m<button[39m
                [33maria-controls[39m=[32m"radix-_r_2b_-content-colors"[39m
                [33maria-selected[39m=[32m"false"[39m
                [33mclass[39m=[32m"inline-flex items-center justify-center whitespace-nowrap rounded-sm px-3 py-1.5 text-sm font-medium ring-offset-[hsl(var(--background))] transition-all focus-visible:outline-none focus-visible:ring-2 
focus-visible:ring-[hsl(var(--ring))] focus-visible:ring-offset-2 disabled:pointer-events-none disabled:opacity-50 data-[state=active]:bg-[hsl(var(--background))] data-[state=active]:text-[hsl(var(--foreground))] 
data-[state=active]:shadow-sm"[39m
                [33mdata-orientation[39m=[32m"horizontal"[39m
                [33mdata-radix-collection-item[39m=[32m""[39m
                [33mdata-state[39m=[32m"inactive"[39m
                [33mid[39m=[32m"radix-_r_2b_-trigger-colors"[39m
                [33mrole[39m=[32m"tab"[39m
                [33mtabindex[39m=[32m"-1"[39m
                [33mtype[39m=[32m"button"[39m
              [36m>[39m
                [0mColores[0m
              [36m</button>[39m
              [36m<button[39m
                [33maria-controls[39m=[32m"radix-_r_2b_-content-logos"[39m
                [33maria-selected[39m=[32m"false"[39m
                [33mclass[39m=[32m"inline-flex items-center justify-center whitespace-nowrap rounded-sm px-3 py-1.5 text-sm font-medium ring-offset-[hsl(var(--background))] transition-all focus-visible:outline-none focus-visible:ring-2 
focus-visible:ring-[hsl(var(--ring))] focus-visible:ring-offset-2 disabled:pointer-events-none disabled:opacity-50 data-[state=active]:bg-[hsl(var(--background))] data-[state=active]:text-[hsl(var(--foreground))] 
data-[state=active]:shadow-sm"[39m
                [33mdata-orientation[39m=[32m"horizontal"[39m
                [33mdata-radix-collection-item[39m=[32m""[39m
                [33mdata-state[39m=[32m"inactive"[39m
                [33mid[39m=[32m"radix-_r_2b_-trigger-logos"[39m
                [33mrole[39m=[32m"tab"[39m
                [33mtabindex[39m=[32m"-1"[39m
                [33mtype[39m=[32m"button"[39m
              [36m>[39m
                [0mLogos[0m
              [36m</button>[39m
              [36m<button[39m
                [33maria-controls[39m=[32m"radix-_r_2b_-content-typography"[39m
                [33maria-selected[39m=[32m"true"[39m
                [33mclass[39m=[32m"inline-flex items-center justify-center whitespace-nowrap rounded-sm px-3 py-1.5 text-sm font-medium ring-offset-[hsl(var(--background))] transition-all focus-visible:outline-none focus-visible:ring-2 
focus-visible:ring-[hsl(var(--ring))] focus-visible:ring-offset-2 disabled:pointer-events-none disabled:opacity-50 data-[state=active]:bg-[hsl(var(--background))] data-[state=active]:text-[hsl(var(--foreground))] 
data-[state=active]:shadow-sm"[39m
                [33mdata-orientation[39m=[32m"horizontal"[39m
                [33mdata-radix-collection-item[39m=[32m""[39m
                [33mdata-state[39m=[32m"active"[39m
                [33mid[39m=[32m"radix-_r_2b_-trigger-typography"[39m
                [33mrole[39m=[32m"tab"[39m
                [33mtabindex[39m=[32m"0"[39m
                [33mtype[39m=[32m"button"[39m
              [36m>[39m
                [0mTipograf├¡a[0m
              [36m</button>[39m
              [36m<button[39m
                [33maria-controls[39m=[32m"radix-_r_2b_-content-components"[39m
                [33maria-selected[39m=[32m"false"[39m
                [33mclass[39m=[32m"inline-flex items-center justify-center whitespace-nowrap rounded-sm px-3 py-1.5 text-sm font-medium ring-offset-[hsl(var(--background))] transition-all focus-visible:outline-none focus-visible:ring-2 
focus-visible:ring-[hsl(var(--ring))] focus-visible:ring-offset-2 disabled:pointer-events-none disabled:opacity-50 data-[state=active]:bg-[hsl(var(--background))] data-[state=active]:text-[hsl(var(--foreground))] 
data-[state=active]:shadow-sm"[39m
                [33mdata-orientation[39m=[32m"horizontal"[39m
                [33mdata-radix-collection-item[39m=[32m""[39m
                [33mdata-state[39m=[32m"inactive"[39m
                [33mid[39m=[32m"radix-_r_2b_-trigger-components"[39m
                [33mrole[39m=[32m"tab"[39m
                [33mtabindex[39m=[32m"-1"[39m
                [33mtype[39m=[32m"button"[39m
              [36m>[39m
                [0mComponentes[0m
              [36m</button>[39m
            [36m</div>[39m
            [36m<div[39m
              [33maria-labelledby[39m=[32m"radix-_r_2b_-trigger-colors"[39m
              [33mclass[39m=[32m"mt-2 ring-offset-[hsl(var(--background))] focus-visible:outline-none focus-visible:ring-2 focus-visible:ring-[hsl(var(--ring))] focus-visible:ring-offset-2 space-y-6"[39m
              [33mdata-orientation[39m=[32m"horizontal"[39m
              [33mdata-state[39m=[32m"inactive"[39m
              [33mhidden[39m=[32m""[39m
              [33mid[39m=[32m"radix-_r_2b_-content-colors"[39m
              [33mrole[39m=[32m"tabpanel"[39m
              [33mstyle[39m=[32m""[39m
              [33mtabindex[39m=[32m"0"[39m
            [36m/>[39m
            [36m<div[39m
              [33maria-labelledby[39m=[32m"radix-_r_2b_-trigger-logos"[39m
              [33mclass...
[90m [2mÔØ»[22m Object.getElementError node_modules/@testing-library/dom/dist/config.js:[2m37:19[22m[39m
[90m [2mÔØ»[22m getAllByLabelText node_modules/@testing-library/dom/dist/queries/label-text.js:[2m108:40[22m[39m
[90m [2mÔØ»[22m node_modules/@testing-library/dom/dist/query-helpers.js:[2m52:17[22m[39m
[90m [2mÔØ»[22m node_modules/@testing-library/dom/dist/query-helpers.js:[2m95:19[22m[39m
[36m [2mÔØ»[22m app/routes/__tests__/config.theme.test.tsx:[2m490:21[22m[39m
    [90m488| [39m      [90m// Switch to Typography tab[39m
    [90m489| [39m      await user.click(screen.getByRole("tab", { name: "Tipograf├¡a" })ÔÇª
    [90m490| [39m      expect(screen.getByLabelText("Fuente Principal")).toBeInTheDocumÔÇª
    [90m   | [39m                    [31m^[39m
    [90m491| [39m      expect(screen.queryByLabelText("Logo Principal")).not.toBeInTheDÔÇª
    [90m492| [39m

[31m[2mÔÄ»ÔÄ»ÔÄ»ÔÄ»ÔÄ»ÔÄ»ÔÄ»ÔÄ»ÔÄ»ÔÄ»ÔÄ»ÔÄ»ÔÄ»ÔÄ»ÔÄ»ÔÄ»ÔÄ»ÔÄ»ÔÄ»ÔÄ»ÔÄ»[35/275]ÔÄ»[22m[39m

[41m[1m FAIL [22m[49m app/routes/__tests__/forgot-password.test.tsx[2m > [22mForgotPasswordPage[2m > [22mshould have link to login page
[31m[1mTestingLibraryElementError[22m[39m: Found multiple elements with the role "link" and name `/volver al inicio de sesi├│n/i`

Here are the matching elements:

Ignored nodes: comments, script, style
[36m<a[39m
  [33mclass[39m=[32m"text-sm text-[#2EA3F2] hover:text-[#023E87] transition-colors"[39m
  [33mdata-discover[39m=[32m"true"[39m
  [33mhref[39m=[32m"/login"[39m
[36m>[39m
  [0mÔåÉ Volver al inicio de sesi├│n[0m
[36m</a>[39m

Ignored nodes: comments, script, style
[36m<a[39m
  [33mclass[39m=[32m"text-sm text-[#2EA3F2] hover:text-[#023E87] transition-colors"[39m
  [33mdata-discover[39m=[32m"true"[39m
  [33mhref[39m=[32m"/login"[39m
[36m>[39m
  [0mÔåÉ Volver al inicio de sesi├│n[0m
[36m</a>[39m

(If this is intentional, then use the `*AllBy*` variant of the query (like `queryAllByText`, `getAllByText`, or `findAllByText`)).

Ignored nodes: comments, script, style
[36m<body>[39m
  [36m<div>[39m
    [36m<div[39m
      [33mclass[39m=[32m"min-h-screen flex items-center justify-center bg-gray-50 px-4 py-12 sm:px-6 lg:px-8"[39m
    [36m>[39m
      [36m<div[39m
        [33mclass[39m=[32m"w-full max-w-md space-y-8"[39m
      [36m>[39m
        [36m<div[39m
          [33mclass[39m=[32m"text-center"[39m
        [36m>[39m
          [36m<a[39m
            [33mclass[39m=[32m"inline-block"[39m
            [33mdata-discover[39m=[32m"true"[39m
            [33mhref[39m=[32m"/login"[39m
          [36m>[39m
            [36m<img[39m
              [33malt[39m=[32m"AiutoX ERP"[39m
              [33mclass[39m=[32m"h-16 w-auto mx-auto"[39m
              [33mheight[39m=[32m"40"[39m
              [33msrc[39m=[32m"/logo.png"[39m
              [33mwidth[39m=[32m"250"[39m
            [36m/>[39m
          [36m</a>[39m
          [36m<h2[39m
            [33mclass[39m=[32m"mt-6 text-2xl font-semibold text-[#121212]"[39m
          [36m>[39m
            [0mRecuperar Contrase├▒a[0m
          [36m</h2>[39m
          [36m<p[39m
            [33mclass[39m=[32m"mt-2 text-sm text-[#3C3A47]"[39m
          [36m>[39m
            [0mIngresa tu email y te enviaremos un enlace para restablecer tu contrase├▒a[0m
          [36m</p>[39m
        [36m</div>[39m
        [36m<div[39m
          [33mclass[39m=[32m"bg-white rounded-lg shadow-md p-8 border border-gray-200"[39m
        [36m>[39m
          [36m<form[39m
            [33mclass[39m=[32m"space-y-6"[39m
          [36m>[39m
            [36m<div[39m
              [33mclass[39m=[32m"space-y-2"[39m
            [36m>[39m
              [36m<label[39m
                [33mclass[39m=[32m"text-sm font-medium leading-none peer-disabled:cursor-not-allowed peer-disabled:opacity-70"[39m
                [33mfor[39m=[32m"email"[39m
              [36m>[39m
                [0mEmail[0m
              [36m</label>[39m
              [36m<input[39m
                [33mclass[39m=[32m"flex h-10 w-full rounded-md border border-[hsl(var(--input))] bg-[hsl(var(--background))] px-3 py-2 text-base ring-offset-[hsl(var(--background))] file:border-0 file:bg-transparent file:text-sm 
file:font-medium file:text-[hsl(var(--foreground))] placeholder:text-[hsl(var(--muted-foreground))] focus-visible:outline-none focus-visible:ring-2 focus-visible:ring-[hsl(var(--ring))] focus-visible:ring-offset-2 disabled:cursor-not-allowed 
disabled:opacity-50 md:text-sm"[39m
                [33mid[39m=[32m"email"[39m
                [33mname[39m=[32m"email"[39m
                [33mplaceholder[39m=[32m"tu@email.com"[39m
                [33mtype[39m=[32m"email"[39m
              [36m/>[39m
            [36m</div>[39m
            [36m<button[39m
              [33mclass[39m=[32m"inline-flex items-center justify-center gap-2 whitespace-nowrap rounded-md text-sm font-medium ring-offset-[hsl(var(--background))] transition-colors focus-visible:outline-none focus-visible:ring-2 
focus-visible:ring-[hsl(var(--ring))] focus-visible:ring-offset-2 disabled:pointer-events-none disabled:opacity-50 [&_svg]:pointer-events-none [&_svg]:size-4 [&_svg]:shrink-0 text-[hsl(var(--primary-foreground))] h-10 px-4 py-2 w-full 
bg-[#023E87] hover:bg-[#023E87]/90"[39m
              [33mtype[39m=[32m"submit"[39m
            [36m>[39m
              [0mEnviar Enlace[0m
            [36m</button>[39m
            [36m<div[39m
              [33mclass[39m=[32m"text-center"[39m
            [36m>[39m
              [36m<a[39m
                [33mclass[39m=[32m"text-sm text-[#2EA3F2] hover:text-[#023E87] transition-colors"[39m
                [33mdata-discover[39m=[32m"true"[39m
                [33mhref[39m=[32m"/login"[39m
              [36m>[39m
                [0mÔåÉ Volver al inicio de sesi├│n[0m
              [36m</a>[39m
            [36m</div>[39m
          [36m</form>[39m
        [36m</div>[39m
        [36m<div[39m
          [33mclass[39m=[32m"text-center text-sm text-[#3C3A47]"[39m
        [36m>[39m
          [36m<a[39m
            [33mclass[39m=[32m"text-[#2EA3F2] hover:text-[#023E87] transition-colors"[39m
            [33mdata-discover[39m=[32m"true"[39m
            [33mhref[39m=[32m"/login"[39m
          [36m>[39m
            [0mVolver al inicio[0m
          [36m</a>[39m
        [36m</div>[39m
      [36m</div>[39m
    [36m</div>[39m
  [36m</div>[39m
  [36m<div>[39m
    [36m<div[39m
      [33mclass[39m=[32m"min-h-screen flex items-center justify-center bg-gray-50 px-4 py-12 sm:px-6 lg:px-8"[39m
    [36m>[39m
      [36m<div[39m
        [33mclass[39m=[32m"w-full max-w-md space-y-8"[39m
      [36m>[39m
        [36m<div[39m
          [33mclass[39m=[32m"text-center"[39m
        [36m>[39m
          [36m<a[39m
            [33mclass[39m=[32m"inline-block"[39m
            [33mdata-discover[39m=[32m"true"[39m
            [33mhref[39m=[32m"/login"[39m
          [36m>[39m
            [36m<img[39m
              [33malt[39m=[32m"AiutoX ERP"[39m
              [33mclass[39m=[32m"h-16 w-auto mx-auto"[39m
              [33mheight[39m=[32m"40"[39m
              [33msrc[39m=[32m"/logo.png"[39m
              [33mwidth[39m=[32m"250"[39m
            [36m/>[39m
          [36m</a>[39m
          [36m<h2[39m
            [33mclass[39m=[32m"mt-6 text-2xl font-semibold text-[#121212]"[39m
          [36m>[39m
            [0mRecuperar Contrase├▒a[0m
          [36m</h2>[39m
          [36m<p[39m
            [33mclass[39m=[32m"mt-2 text-sm text-[#3C3A47]"[39m
          [36m>[39m
            [0mIngresa tu email y te enviaremos un enlace para restablecer tu contrase├▒a[0m
          [36m</p>[39m
        [36m</div>[39m
        [36m<div[39m
          [33mclass[39m=[32m"bg-white rounded-lg shadow-md p-8 border border-gray-200"[39m
        [36m>[39m
          [36m<form[39m
            [33mclass[39m=[32m"space-y-6"[39m
          [36m>[39m
            [36m<div[39m
              [33mclass[39m=[32m"space-y-2"[39m
            [36m>[39m
              [36m<label[39m
                [33mclass[39m=[32m"text-sm font-medium leading-none peer-disabled:cursor-not-allowed peer-disabled:opacity-70"[39m
                [33mfor[39m=[32m"email"[39m
              [36m>[39m
                [0mEmail[0m
              [36m</label>[39m
              [36m<input[39m
                [33mclass[39m=[32m"flex h-10 w-full rounded-md border border-[hsl(var(--input))] bg-[hsl(var(--background))] px-3 py-2 text-base ring-offset-[hsl(var(--background))] file:border-0 file:bg-transparent file:text-sm 
file:font-medium file:text-[hsl(var(--foreground))] placeholder:text-[hsl(var(--muted-foreground))] focus-visible:outline-none focus-visible:ring-2 focus-visible:ring-[hsl(var(--ring))] focus-visible:ring-offset-2 disabled:cursor-not-allowed 
disabled:opacity-50 md:text-sm"[39m
                [33mid[39m=[32m"email"[39m
                [33mname[39m=[32m"email"[39m
                [33mplaceholder[39m=[32m"tu@email.com"[39m
                [33mtype[39m=[32m"email"[39m
              [36m/>[39m
            [36m</div>[39m
            [36m<button[39m
              [33mclass[39m=[32m"inline-flex items-center justify-center gap-2 whitespace-nowrap rounded-md text-sm font-medium ring-offset-[hsl(var(--background))] transition-colors focus-visible:outline-none focus-visible:ring-2 
focus-visible:ring-[hsl(var(--ring))] focus-visible:ring-offset-2 disabled:pointer-events-none disabled:opacity-50 [&_svg]:pointer-events-none [&_svg]:size-4 [&_svg]:shrink-0 text-[hsl(var(--primary-foreground))] h-10 px-4 py-2 w-full 
bg-[#023E87] hover:bg-[#023E87]/90"[39m
              [33mtype[39m=[32m"submit"[39m
            [36m>[39m
              [0mEnviar Enlace[0m
            [36m</button>[39m
            [36m<div[39m
              [33mclass[39m=[32m"text-center"[39m
            [36m>[39m
              [36m<a[39m
                [33mclass[39m=[32m"text-sm text-[#2EA3F2] hover:text-[#023E87] transition-colors"[39m
                [33mdata-discover[39m=[32m"true"[39m
                [33mhref[39m=[32m"/login"[39m
              [36m>[39m
                [0mÔåÉ Volver al inicio de sesi├│n[0m
              [36m</a>[39m
            [36m</div>[39m
          [36m</form>[39m
        [36m</div>[39m
        [36m<div[39m
          [33mclass[39m=[32m"text-center text-sm text-[#3C3A47]"[39m
        [36m>[39m
          [36m<a[39m
            [33mclass[39m=[32m"text-[#2EA3F2] hover:text-[#023E87] transition-colors"[39m
            [33mdata-discover[39m=[32m"true"[39m
            [33mhref[39m=[32m"/login"[39m
          [36m>[39m
            [0mVolver al inicio[0m
          [36m</a>[39m
        [36m</div>[39m
      [36m</div>[39m
    [36m</div>[39m
  [36m</div>[39m
[36m</body>[39m
[90m [2mÔØ»[22m Object.getElementError node_modules/@testing-library/dom/dist/config.js:[2m37:19[22m[39m
[90m [2mÔØ»[22m getElementError node_modules/@testing-library/dom/dist/query-helpers.js:[2m20:35[22m[39m
[90m [2mÔØ»[22m getMultipleElementsFoundError node_modules/@testing-library/dom/dist/query-helpers.js:[2m23:10[22m[39m
[90m [2mÔØ»[22m node_modules/@testing-library/dom/dist/query-helpers.js:[2m55:13[22m[39m
[90m [2mÔØ»[22m node_modules/@testing-library/dom/dist/query-helpers.js:[2m95:19[22m[39m
[36m [2mÔØ»[22m app/routes/__tests__/forgot-password.test.tsx:[2m54:30[22m[39m
    [90m 52| [39m    [34mrender[39m([33m<[39m[33mRouterProvider[39m [33mrouter[39m[33m=[39m[33m{[39mrouter[33m}[39m [33m/[39m[33m>[39m)[33m;[39m
    [90m 53| [39m
    [90m 54| [39m    const loginLink = screen.getByRole("link", { name: /volver al inicÔÇª
    [90m   | [39m                             [31m^[39m
    [90m 55| [39m    [34mexpect[39m(loginLink)[33m.[39m[34mtoBeTruthy[39m()[33m;[39m
    [90m 56| [39m    [34mexpect[39m(loginLink[33m.[39m[34mgetAttribute[39m([32m"href"[39m))[33m.[39m[34mtoBe[39m([32m"/login"[39m)[33m;[39m

[31m[2mÔÄ»ÔÄ»ÔÄ»ÔÄ»ÔÄ»ÔÄ»ÔÄ»ÔÄ»ÔÄ»ÔÄ»ÔÄ»ÔÄ»ÔÄ»ÔÄ»ÔÄ»ÔÄ»ÔÄ»ÔÄ»ÔÄ»ÔÄ»ÔÄ»[36/275]ÔÄ»[22m[39m

[41m[1m FAIL [22m[49m app/components/config/__tests__/ConfigPageLayout.test.tsx[2m > [22mConfigPageLayout[2m > [22mrenderiza t├¡tulo correctamente
[41m[1m FAIL [22m[49m app/components/config/__tests__/ConfigPageLayout.test.tsx[2m > [22mConfigPageLayout[2m > [22mrenderiza bot├│n Guardar cuando onSave se proporciona
[41m[1m FAIL [22m[49m app/components/config/__tests__/ConfigPageLayout.test.tsx[2m > [22mConfigPageLayout[2m > [22mrenderiza bot├│n Reset cuando onReset se proporciona
[41m[1m FAIL [22m[49m app/components/config/__tests__/ConfigPageLayout.test.tsx[2m > [22mConfigPageLayout[2m > [22mdeshabilita bot├│n Guardar cuando no hay cambios
[41m[1m FAIL [22m[49m app/components/config/__tests__/ConfigPageLayout.test.tsx[2m > [22mConfigPageLayout[2m > [22mhabilita bot├│n Guardar cuando hay cambios
[41m[1m FAIL [22m[49m app/components/config/__tests__/ConfigPageLayout.test.tsx[2m > [22mConfigPageLayout[2m > [22mdeshabilita botones cuando est├í guardando
[41m[1m FAIL [22m[49m app/components/config/__tests__/ConfigPageLayout.test.tsx[2m > [22mConfigPageLayout[2m > [22mmuestra texto personalizado en bot├│n Guardar
[41m[1m FAIL [22m[49m app/components/config/__tests__/ConfigPageLayout.test.tsx[2m > [22mConfigPageLayout[2m > [22mmuestra texto personalizado en bot├│n Reset
[41m[1m FAIL [22m[49m app/components/config/__tests__/ConfigPageLayout.test.tsx[2m > [22mConfigPageLayout[2m > [22mllama onSave cuando se hace clic en Guardar
[41m[1m FAIL [22m[49m app/components/config/__tests__/ConfigPageLayout.test.tsx[2m > [22mConfigPageLayout[2m > [22mllama onReset cuando se hace clic en Reset
[41m[1m FAIL [22m[49m app/components/config/__tests__/ConfigPageLayout.test.tsx[2m > [22mConfigPageLayout[2m > [22mrenderiza footerContent cuando se proporciona
[31m[1mError[22m: No QueryClient set, use QueryClientProvider to set one[39m
[90m [2mÔØ»[22m useQueryClient node_modules/@tanstack/react-query/build/modern/QueryClientProvider.js:[2m15:11[22m[39m
[90m [2mÔØ»[22m useBaseQuery node_modules/@tanstack/react-query/build/modern/useBaseQuery.js:[2m30:18[22m[39m
[90m [2mÔØ»[22m useQuery node_modules/@tanstack/react-query/build/modern/useQuery.js:[2m7:10[22m[39m
[36m [2mÔØ»[22m useTranslation app/lib/i18n/useTranslation.ts:[2m72:35[22m[39m
    [90m 70| [39m
    [90m 71| [39m  [90m// Fetch general config to get language preference from backend[39m
    [90m 72| [39m  [35mconst[39m { data[33m:[39m generalConfig } [33m=[39m [34museQuery[39m({
    [90m   | [39m                                  [31m^[39m
    [90m 73| [39m    queryKey[33m:[39m [[32m"config"[39m[33m,[39m [32m"general"[39m][33m,[39m
    [90m 74| [39m    queryFn[33m:[39m [35masync[39m () [33m=>[39m {
[90m [2mÔØ»[22m ConfigPageLayout app/components/config/ConfigPageLayout.tsx:[2m47:17[22m[39m
[90m [2mÔØ»[22m Object.react_stack_bottom_frame node_modules/react-dom/cjs/react-dom-client.development.js:[2m25904:20[22m[39m
[90m [2mÔØ»[22m renderWithHooks node_modules/react-dom/cjs/react-dom-client.development.js:[2m7662:22[22m[39m
[90m [2mÔØ»[22m updateFunctionComponent node_modules/react-dom/cjs/react-dom-client.development.js:[2m10166:19[22m[39m
[90m [2mÔØ»[22m beginWork node_modules/react-dom/cjs/react-dom-client.development.js:[2m11778:18[22m[39m
[90m [2mÔØ»[22m runWithFiberInDEV node_modules/react-dom/cjs/react-dom-client.development.js:[2m874:13[22m[39m

[31m[2mÔÄ»ÔÄ»ÔÄ»ÔÄ»ÔÄ»ÔÄ»ÔÄ»ÔÄ»ÔÄ»ÔÄ»ÔÄ»ÔÄ»ÔÄ»ÔÄ»ÔÄ»ÔÄ»ÔÄ»ÔÄ»ÔÄ»ÔÄ»ÔÄ»[37/275]ÔÄ»[22m[39m

[41m[1m FAIL [22m[49m app/components/layout/__tests__/Header.test.tsx[2m > [22mHeader[2m > [22mshould render correctly
[41m[1m FAIL [22m[49m app/components/layout/__tests__/Header.test.tsx[2m > [22mHeader[2m > [22mshould render SidebarToggle
[41m[1m FAIL [22m[49m app/components/layout/__tests__/Header.test.tsx[2m > [22mHeader[2m > [22mshould call onSidebarToggle when toggle is clicked
[41m[1m FAIL [22m[49m app/components/layout/__tests__/Header.test.tsx[2m > [22mHeader[2m > [22mshould have correct ARIA attributes
[31m[1mError[22m: useTheme must be used within a ThemeProvider[39m
[36m [2mÔØ»[22m useTheme app/providers/ThemeProvider.tsx:[2m105:11[22m[39m
    [90m103| [39m  [35mconst[39m context [33m=[39m [34museContext[39m([33mThemeProviderContext[39m)[33m;[39m
    [90m104| [39m  [35mif[39m (context [33m===[39m undefined) {
    [90m105| [39m    [35mthrow[39m [35mnew[39m [33mError[39m([32m"useTheme must be used within a ThemeProvider"[39m)[33m;[39m
    [90m   | [39m          [31m^[39m
    [90m106| [39m  }
    [90m107| [39m  [35mreturn[39m context[33m;[39m
[90m [2mÔØ»[22m Header2 app/components/layout/Header.tsx:[2m29:46[22m[39m
[90m [2mÔØ»[22m Object.react_stack_bottom_frame node_modules/react-dom/cjs/react-dom-client.development.js:[2m25904:20[22m[39m
[90m [2mÔØ»[22m renderWithHooks node_modules/react-dom/cjs/react-dom-client.development.js:[2m7662:22[22m[39m
[90m [2mÔØ»[22m updateFunctionComponent node_modules/react-dom/cjs/react-dom-client.development.js:[2m10166:19[22m[39m
[90m [2mÔØ»[22m updateSimpleMemoComponent node_modules/react-dom/cjs/react-dom-client.development.js:[2m9830:14[22m[39m
[90m [2mÔØ»[22m updateMemoComponent node_modules/react-dom/cjs/react-dom-client.development.js:[2m9763:13[22m[39m
[90m [2mÔØ»[22m beginWork node_modules/react-dom/cjs/react-dom-client.development.js:[2m12204:18[22m[39m
[90m [2mÔØ»[22m runWithFiberInDEV node_modules/react-dom/cjs/react-dom-client.development.js:[2m874:13[22m[39m
[90m [2mÔØ»[22m performUnitOfWork node_modules/react-dom/cjs/react-dom-client.development.js:[2m17641:22[22m[39m

[31m[2mÔÄ»ÔÄ»ÔÄ»ÔÄ»ÔÄ»ÔÄ»ÔÄ»ÔÄ»ÔÄ»ÔÄ»ÔÄ»ÔÄ»ÔÄ»ÔÄ»ÔÄ»ÔÄ»ÔÄ»ÔÄ»ÔÄ»ÔÄ»ÔÄ»[38/275]ÔÄ»[22m[39m

[41m[1m FAIL [22m[49m app/components/layout/__tests__/Sidebar.test.tsx[2m > [22mSidebar[2m > [22mshould render navigation items
[31m[1mTestingLibraryElementError[22m: Unable to find an element by: [data-testid="nav-item-home"]

Ignored nodes: comments, script, style
[36m<body>[31m
  [36m<div>[31m
    [36m<div[31m
      [33maria-hidden[31m=[32m"true"[31m
      [33mclass[31m=[32m"fixed inset-0 bg-black/50 z-40 lg:hidden"[31m
    [36m/>[31m
    [36m<aside[31m
      [33maria-label[31m=[32m"Navegaci├│n principal"[31m
      [33mclass[31m=[32m"fixed lg:static inset-y-0 left-0 z-50 w-64 bg-[hsl(var(--sidebar))] shadow-[2px_0_8px_rgba(0,0,0,0.04)] flex flex-col h-screen lg:h-full transition-[width,transform] duration-200 ease-[cubic-bezier(0.4,0,0.2,1)] 
lg:translate-x-0 translate-x-0"[31m
      [33mdata-sidebar[31m=[32m"true"[31m
      [33mrole[31m=[32m"navigation"[31m
    [36m>[31m
      [36m<div[31m
        [33mclass[31m=[32m"h-16 px-4 flex items-center justify-center bg-[hsl(var(--sidebar))] overflow-hidden transition-all duration-200"[31m
      [36m>[31m
        [36m<div[31m
          [33mclass[31m=[32m"flex items-center gap-3 w-full min-w-0"[31m
        [36m>[31m
          [36m<img[31m
            [33malt[31m=[32m"AiutoX Logo"[31m
            [33mclass[31m=[32m"h-10 w-10 object-contain flex-shrink-0 transition-all duration-200"[31m
            [33msrc[31m=[32m"/logo-icon.png"[31m
          [36m/>[31m
          [36m<img[31m
            [33malt[31m=[32m"AiutoX"[31m
            [33mclass[31m=[32m"h-6 object-contain transition-all duration-300 ease-[cubic-bezier(0.4,0,0.2,1)] opacity-100 w-auto visible scale-100"[31m
            [33msrc[31m=[32m"/logo-name.png"[31m
          [36m/>[31m
        [36m</div>[31m
      [36m</div>[31m
      [36m<nav[31m
        [33mclass[31m=[32m"flex-1 overflow-y-auto py-4 px-2"[31m
      [36m>[31m
        [36m<div[31m
          [33mclass[31m=[32m"px-4 py-8 text-center text-sm text-muted-foreground"[31m
        [36m>[31m
          [0mInicia sesi├│n para ver la navegaci├│n[0m
        [36m</div>[31m
      [36m</nav>[31m
      [36m<div[31m
        [33mclass[31m=[32m"hidden lg:flex items-center justify-center h-12 bg-[hsl(var(--sidebar))]"[31m
      [36m>[31m
        [36m<button[31m
          [33maria-label[31m=[32m"Colapsar men├║"[31m
          [33mclass[31m=[32m"inline-flex items-center justify-center gap-2 whitespace-nowrap rounded-md text-sm font-medium ring-offset-[hsl(var(--background))] transition-colors focus-visible:outline-none focus-visible:ring-2 
focus-visible:ring-[hsl(var(--ring))] focus-visible:ring-offset-2 disabled:pointer-events-none disabled:opacity-50 [&_svg]:pointer-events-none [&_svg]:size-4 [&_svg]:shrink-0 hover:text-[hsl(var(--accent-foreground))] h-9 w-9 
hover:bg-accent"[31m
          [33mtitle[31m=[32m"Colapsar men├║"[31m
        [36m>[31m
          [36m<svg[31m
            [33maria-hidden[31m=[32m"true"[31m
            [33mclass[31m=[32m"lucide lucide-chevron-left h-4 w-4 text-muted-foreground"[31m
            [33mfill[31m=[32m"none"[31m
            [33mheight[31m=[32m"24"[31m
            [33mstroke[31m=[32m"currentColor"[31m
            [33mstroke-linecap[31m=[32m"round"[31m
            [33mstroke-linejoin[31m=[32m"round"[31m
            [33mstroke-width[31m=[32m"2"[31m
            [33mviewBox[31m=[32m"0 0 24 24"[31m
            [33mwidth[31m=[32m"24"[31m
            [33mxmlns[31m=[32m"http://www.w3.org/2000/svg"[31m
          [36m>[31m
            [36m<path[31m
              [33md[31m=[32m"m15 18-6-6 6-6"[31m
            [36m/>[31m
          [36m</svg>[31m
        [36m</button>[31m
      [36m</div>[31m
    [36m</aside>[31m
  [36m</div>[31m
[36m</body>[31m[39m
[90m [2mÔØ»[22m Object.getElementError node_modules/@testing-library/dom/dist/config.js:[2m37:19[22m[39m
[90m [2mÔØ»[22m node_modules/@testing-library/dom/dist/query-helpers.js:[2m76:38[22m[39m
[90m [2mÔØ»[22m node_modules/@testing-library/dom/dist/query-helpers.js:[2m52:17[22m[39m
[90m [2mÔØ»[22m node_modules/@testing-library/dom/dist/query-helpers.js:[2m95:19[22m[39m
[36m [2mÔØ»[22m app/components/layout/__tests__/Sidebar.test.tsx:[2m51:12[22m[39m
    [90m 49| [39m    [35mconst[39m { getByTestId } [33m=[39m [34mrender[39m([33m<[39m[33mSidebar[39m [33misOpen[39m[33m=[39m[33m{[39m[35mtrue[39m[33m}[39m [33m/[39m[33m>[39m)[33m;[39m
    [90m 50| [39m
    [90m 51| [39m    [34mexpect[39m([34mgetByTestId[39m([32m"nav-item-home"[39m))[33m.[39m[34mtoBeTruthy[39m()[33m;[39m
    [90m   | [39m           [31m^[39m
    [90m 52| [39m    [34mexpect[39m([34mgetByTestId[39m([32m"nav-item-users"[39m))[33m.[39m[34mtoBeTruthy[39m()[33m;[39m
    [90m 53| [39m  })[33m;[39m

[31m[2mÔÄ»ÔÄ»ÔÄ»ÔÄ»ÔÄ»ÔÄ»ÔÄ»ÔÄ»ÔÄ»ÔÄ»ÔÄ»ÔÄ»ÔÄ»ÔÄ»ÔÄ»ÔÄ»ÔÄ»ÔÄ»ÔÄ»ÔÄ»ÔÄ»[39/275]ÔÄ»[22m[39m

[41m[1m FAIL [22m[49m app/components/layout/__tests__/Sidebar.test.tsx[2m > [22mSidebar[2m > [22mshould filter items by permissions
[31m[1mTestingLibraryElementError[22m[39m: Unable to find an element by: [data-testid="nav-item-home"]

Ignored nodes: comments, script, style
[36m<body>[39m
  [36m<div>[39m
    [36m<div[39m
      [33maria-hidden[39m=[32m"true"[39m
      [33mclass[39m=[32m"fixed inset-0 bg-black/50 z-40 lg:hidden"[39m
    [36m/>[39m
    [36m<aside[39m
      [33maria-label[39m=[32m"Navegaci├│n principal"[39m
      [33mclass[39m=[32m"fixed lg:static inset-y-0 left-0 z-50 w-64 bg-[hsl(var(--sidebar))] shadow-[2px_0_8px_rgba(0,0,0,0.04)] flex flex-col h-screen lg:h-full transition-[width,transform] duration-200 ease-[cubic-bezier(0.4,0,0.2,1)] 
lg:translate-x-0 translate-x-0"[39m
      [33mdata-sidebar[39m=[32m"true"[39m
      [33mrole[39m=[32m"navigation"[39m
    [36m>[39m
      [36m<div[39m
        [33mclass[39m=[32m"h-16 px-4 flex items-center justify-center bg-[hsl(var(--sidebar))] overflow-hidden transition-all duration-200"[39m
      [36m>[39m
        [36m<div[39m
          [33mclass[39m=[32m"flex items-center gap-3 w-full min-w-0"[39m
        [36m>[39m
          [36m<img[39m
            [33malt[39m=[32m"AiutoX Logo"[39m
            [33mclass[39m=[32m"h-10 w-10 object-contain flex-shrink-0 transition-all duration-200"[39m
            [33msrc[39m=[32m"/logo-icon.png"[39m
          [36m/>[39m
          [36m<img[39m
            [33malt[39m=[32m"AiutoX"[39m
            [33mclass[39m=[32m"h-6 object-contain transition-all duration-300 ease-[cubic-bezier(0.4,0,0.2,1)] opacity-100 w-auto visible scale-100"[39m
            [33msrc[39m=[32m"/logo-name.png"[39m
          [36m/>[39m
        [36m</div>[39m
      [36m</div>[39m
      [36m<nav[39m
        [33mclass[39m=[32m"flex-1 overflow-y-auto py-4 px-2"[39m
      [36m>[39m
        [36m<div[39m
          [33mclass[39m=[32m"px-4 py-8 text-center text-sm text-muted-foreground"[39m
        [36m>[39m
          [0mInicia sesi├│n para ver la navegaci├│n[0m
        [36m</div>[39m
      [36m</nav>[39m
      [36m<div[39m
        [33mclass[39m=[32m"hidden lg:flex items-center justify-center h-12 bg-[hsl(var(--sidebar))]"[39m
      [36m>[39m
        [36m<button[39m
          [33maria-label[39m=[32m"Colapsar men├║"[39m
          [33mclass[39m=[32m"inline-flex items-center justify-center gap-2 whitespace-nowrap rounded-md text-sm font-medium ring-offset-[hsl(var(--background))] transition-colors focus-visible:outline-none focus-visible:ring-2 
focus-visible:ring-[hsl(var(--ring))] focus-visible:ring-offset-2 disabled:pointer-events-none disabled:opacity-50 [&_svg]:pointer-events-none [&_svg]:size-4 [&_svg]:shrink-0 hover:text-[hsl(var(--accent-foreground))] h-9 w-9 
hover:bg-accent"[39m
          [33mtitle[39m=[32m"Colapsar men├║"[39m
        [36m>[39m
          [36m<svg[39m
            [33maria-hidden[39m=[32m"true"[39m
            [33mclass[39m=[32m"lucide lucide-chevron-left h-4 w-4 text-muted-foreground"[39m
            [33mfill[39m=[32m"none"[39m
            [33mheight[39m=[32m"24"[39m
            [33mstroke[39m=[32m"currentColor"[39m
            [33mstroke-linecap[39m=[32m"round"[39m
            [33mstroke-linejoin[39m=[32m"round"[39m
            [33mstroke-width[39m=[32m"2"[39m
            [33mviewBox[39m=[32m"0 0 24 24"[39m
            [33mwidth[39m=[32m"24"[39m
            [33mxmlns[39m=[32m"http://www.w3.org/2000/svg"[39m
          [36m>[39m
            [36m<path[39m
              [33md[39m=[32m"m15 18-6-6 6-6"[39m
            [36m/>[39m
          [36m</svg>[39m
        [36m</button>[39m
      [36m</div>[39m
    [36m</aside>[39m
  [36m</div>[39m
  [36m<div>[39m
    [36m<div[39m
      [33maria-hidden[39m=[32m"true"[39m
      [33mclass[39m=[32m"fixed inset-0 bg-black/50 z-40 lg:hidden"[39m
    [36m/>[39m
    [36m<aside[39m
      [33maria-label[39m=[32m"Navegaci├│n principal"[39m
      [33mclass[39m=[32m"fixed lg:static inset-y-0 left-0 z-50 w-64 bg-[hsl(var(--sidebar))] shadow-[2px_0_8px_rgba(0,0,0,0.04)] flex flex-col h-screen lg:h-full transition-[width,transform] duration-200 ease-[cubic-bezier(0.4,0,0.2,1)] 
lg:translate-x-0 translate-x-0"[39m
      [33mdata-sidebar[39m=[32m"true"[39m
      [33mrole[39m=[32m"navigation"[39m
    [36m>[39m
      [36m<div[39m
        [33mclass[39m=[32m"h-16 px-4 flex items-center justify-center bg-[hsl(var(--sidebar))] overflow-hidden transition-all duration-200"[39m
      [36m>[39m
        [36m<div[39m
          [33mclass[39m=[32m"flex items-center gap-3 w-full min-w-0"[39m
        [36m>[39m
          [36m<img[39m
            [33malt[39m=[32m"AiutoX Logo"[39m
            [33mclass[39m=[32m"h-10 w-10 object-contain flex-shrink-0 transition-all duration-200"[39m
            [33msrc[39m=[32m"/logo-icon.png"[39m
          [36m/>[39m
          [36m<img[39m
            [33malt[39m=[32m"AiutoX"[39m
            [33mclass[39m=[32m"h-6 object-contain transition-all duration-300 ease-[cubic-bezier(0.4,0,0.2,1)] opacity-100 w-auto visible scale-100"[39m
            [33msrc[39m=[32m"/logo-name.png"[39m
          [36m/>[39m
        [36m</div>[39m
      [36m</div>[39m
      [36m<nav[39m
        [33mclass[39m=[32m"flex-1 overflow-y-auto py-4 px-2"[39m
      [36m>[39m
        [36m<div[39m
          [33mclass[39m=[32m"px-4 py-8 text-center text-sm text-muted-foreground"[39m
        [36m>[39m
          [0mInicia sesi├│n para ver la navegaci├│n[0m
        [36m</div>[39m
      [36m</nav>[39m
      [36m<div[39m
        [33mclass[39m=[32m"hidden lg:flex items-center justify-center h-12 bg-[hsl(var(--sidebar))]"[39m
      [36m>[39m
        [36m<button[39m
          [33maria-label[39m=[32m"Colapsar men├║"[39m
          [33mclass[39m=[32m"inline-flex items-center justify-center gap-2 whitespace-nowrap rounded-md text-sm font-medium ring-offset-[hsl(var(--background))] transition-colors focus-visible:outline-none focus-visible:ring-2 
focus-visible:ring-[hsl(var(--ring))] focus-visible:ring-offset-2 disabled:pointer-events-none disabled:opacity-50 [&_svg]:pointer-events-none [&_svg]:size-4 [&_svg]:shrink-0 hover:text-[hsl(var(--accent-foreground))] h-9 w-9 
hover:bg-accent"[39m
          [33mtitle[39m=[32m"Colapsar men├║"[39m
        [36m>[39m
          [36m<svg[39m
            [33maria-hidden[39m=[32m"true"[39m
            [33mclass[39m=[32m"lucide lucide-chevron-left h-4 w-4 text-muted-foreground"[39m
            [33mfill[39m=[32m"none"[39m
            [33mheight[39m=[32m"24"[39m
            [33mstroke[39m=[32m"currentColor"[39m
            [33mstroke-linecap[39m=[32m"round"[39m
            [33mstroke-linejoin[39m=[32m"round"[39m
            [33mstroke-width[39m=[32m"2"[39m
            [33mviewBox[39m=[32m"0 0 24 24"[39m
            [33mwidth[39m=[32m"24"[39m
            [33mxmlns[39m=[32m"http://www.w3.org/2000/svg"[39m
          [36m>[39m
            [36m<path[39m
              [33md[39m=[32m"m15 18-6-6 6-6"[39m
            [36m/>[39m
          [36m</svg>[39m
        [36m</button>[39m
      [36m</div>[39m
    [36m</aside>[39m
  [36m</div>[39m
[36m</body>[39m
[90m [2mÔØ»[22m Object.getElementError node_modules/@testing-library/dom/dist/config.js:[2m37:19[22m[39m
[90m [2mÔØ»[22m node_modules/@testing-library/dom/dist/query-helpers.js:[2m76:38[22m[39m
[90m [2mÔØ»[22m node_modules/@testing-library/dom/dist/query-helpers.js:[2m52:17[22m[39m
[90m [2mÔØ»[22m node_modules/@testing-library/dom/dist/query-helpers.js:[2m95:19[22m[39m
[36m [2mÔØ»[22m app/components/layout/__tests__/Sidebar.test.tsx:[2m73:12[22m[39m
    [90m 71| [39m
    [90m 72| [39m    [90m// Home should be visible (no permission required)[39m
    [90m 73| [39m    [34mexpect[39m([34mgetByTestId[39m([32m"nav-item-home"[39m))[33m.[39m[34mtoBeTruthy[39m()[33m;[39m
    [90m   | [39m           [31m^[39m
    [90m 74| [39m    // Users should not be visible (requires users.view permission, whÔÇª
    [90m 75| [39m    [34mexpect[39m([34mqueryByTestId[39m([32m"nav-item-users"[39m))[33m.[39m[34mtoBeNull[39m()[33m;[39m

[31m[2mÔÄ»ÔÄ»ÔÄ»ÔÄ»ÔÄ»ÔÄ»ÔÄ»ÔÄ»ÔÄ»ÔÄ»ÔÄ»ÔÄ»ÔÄ»ÔÄ»ÔÄ»ÔÄ»ÔÄ»ÔÄ»ÔÄ»ÔÄ»ÔÄ»[40/275]ÔÄ»[22m[39m

[41m[1m FAIL [22m[49m app/features/activities/__tests__/ActivityTimeline.test.tsx[2m > [22mActivities Module[2m > [22mActivityTimeline[2m > [22mrenders loading state
[41m[1m FAIL [22m[49m app/features/activities/__tests__/ActivityTimeline.test.tsx[2m > [22mActivities Module[2m > [22mActivityTimeline[2m > [22mrenders empty state
[41m[1m FAIL [22m[49m app/features/activities/__tests__/ActivityTimeline.test.tsx[2m > [22mActivities Module[2m > [22mActivityTimeline[2m > [22mrenders activities list
[41m[1m FAIL [22m[49m app/features/activities/__tests__/ActivityTimeline.test.tsx[2m > [22mActivities Module[2m > [22mActivityTimeline[2m > [22mcalls onRefresh when refresh button is clicked
[31m[1mReferenceError[22m: en is not defined[39m
[36m [2mÔØ»[22m ActivityTimeline app/features/activities/components/ActivityTimeline.tsx:[2m49:57[22m[39m
    [90m 47| [39mexport function ActivityTimeline({ activities, loading, onRefresh }: AÔÇª
    [90m 48| [39m  [35mconst[39m { t } [33m=[39m [34museTranslation[39m()[33m;[39m
    [90m 49| [39m  [35mconst[39m dateLocale [33m=[39m [34mt[39m([32m"common.locale"[39m) [33m===[39m [32m"es"[39m [33m?[39m es [33m:[39m en[33m;[39m
    [90m   | [39m                                                        [31m^[39m
    [90m 50| [39m
    [90m 51| [39m  [35mconst[39m formatActivityDate [33m=[39m (dateString[33m:[39m string) [33m=>[39m {
[90m [2mÔØ»[22m Object.react_stack_bottom_frame node_modules/react-dom/cjs/react-dom-client.development.js:[2m25904:20[22m[39m
[90m [2mÔØ»[22m renderWithHooks node_modules/react-dom/cjs/react-dom-client.development.js:[2m7662:22[22m[39m
[90m [2mÔØ»[22m updateFunctionComponent node_modules/react-dom/cjs/react-dom-client.development.js:[2m10166:19[22m[39m
[90m [2mÔØ»[22m beginWork node_modules/react-dom/cjs/react-dom-client.development.js:[2m11778:18[22m[39m
[90m [2mÔØ»[22m runWithFiberInDEV node_modules/react-dom/cjs/react-dom-client.development.js:[2m874:13[22m[39m
[90m [2mÔØ»[22m performUnitOfWork node_modules/react-dom/cjs/react-dom-client.development.js:[2m17641:22[22m[39m
[90m [2mÔØ»[22m workLoopSync node_modules/react-dom/cjs/react-dom-client.development.js:[2m17469:41[22m[39m
[90m [2mÔØ»[22m renderRootSync node_modules/react-dom/cjs/react-dom-client.development.js:[2m17450:11[22m[39m
[90m [2mÔØ»[22m performWorkOnRoot node_modules/react-dom/cjs/react-dom-client.development.js:[2m16583:35[22m[39m

[31m[2mÔÄ»ÔÄ»ÔÄ»ÔÄ»ÔÄ»ÔÄ»ÔÄ»ÔÄ»ÔÄ»ÔÄ»ÔÄ»ÔÄ»ÔÄ»ÔÄ»ÔÄ»ÔÄ»ÔÄ»ÔÄ»ÔÄ»ÔÄ»ÔÄ»[41/275]ÔÄ»[22m[39m

[41m[1m FAIL [22m[49m app/features/activities/__tests__/ActivityTimeline.test.tsx[2m > [22mActivities Module[2m > [22mActivityForm[2m > [22mrenders create form
[41m[1m FAIL [22m[49m app/features/activities/__tests__/ActivityTimeline.test.tsx[2m > [22mActivities Module[2m > [22mActivityForm[2m > [22mrenders edit form
[41m[1m FAIL [22m[49m app/features/activities/__tests__/ActivityTimeline.test.tsx[2m > [22mActivities Module[2m > [22mActivityForm[2m > [22mcalls onSubmit when form is submitted
[31m[1mError[22m: Objects are not valid as a React child (found: object with keys {priority, assignedTo}). If you meant to render a collection of children, use an array instead.[39m
[90m [2mÔØ»[22m throwOnInvalidObjectTypeImpl node_modules/react-dom/cjs/react-dom-client.development.js:[2m6099:13[22m[39m
[90m [2mÔØ»[22m throwOnInvalidObjectType node_modules/react-dom/cjs/react-dom-client.development.js:[2m6113:11[22m[39m
[90m [2mÔØ»[22m reconcileChildFibersImpl node_modules/react-dom/cjs/react-dom-client.development.js:[2m7058:11[22m[39m
[90m [2mÔØ»[22m node_modules/react-dom/cjs/react-dom-client.development.js:[2m7098:33[22m[39m
[90m [2mÔØ»[22m reconcileChildren node_modules/react-dom/cjs/react-dom-client.development.js:[2m9701:13[22m[39m
[90m [2mÔØ»[22m beginWork node_modules/react-dom/cjs/react-dom-client.development.js:[2m12049:13[22m[39m
[90m [2mÔØ»[22m runWithFiberInDEV node_modules/react-dom/cjs/react-dom-client.development.js:[2m874:13[22m[39m
[90m [2mÔØ»[22m performUnitOfWork node_modules/react-dom/cjs/react-dom-client.development.js:[2m17641:22[22m[39m
[90m [2mÔØ»[22m workLoopSync node_modules/react-dom/cjs/react-dom-client.development.js:[2m17469:41[22m[39m
[90m [2mÔØ»[22m renderRootSync node_modules/react-dom/cjs/react-dom-client.development.js:[2m17450:11[22m[39m

[31m[2mÔÄ»ÔÄ»ÔÄ»ÔÄ»ÔÄ»ÔÄ»ÔÄ»ÔÄ»ÔÄ»ÔÄ»ÔÄ»ÔÄ»ÔÄ»ÔÄ»ÔÄ»ÔÄ»ÔÄ»ÔÄ»ÔÄ»ÔÄ»ÔÄ»[42/275]ÔÄ»[22m[39m

[41m[1m FAIL [22m[49m app/features/activities/__tests__/ActivityTimeline.test.tsx[2m > [22mActivities Module[2m > [22mActivityFilters[2m > [22mcalls onFiltersChange when filter is applied
[31m[1mTestingLibraryElementError[22m[39m: Unable to find an element with the text: Comentario. This could be because the text is broken up by multiple elements. In this case, you can provide a function for your text matcher to make your 
matcher more flexible.

Ignored nodes: comments, script, style
[36m<body>[39m
  [36m<div />[39m
  [36m<div />[39m
  [36m<div>[39m
    [36m<div[39m
      [33mclass[39m=[32m"rounded-lg border bg-[hsl(var(--card))] text-[hsl(var(--card-foreground))] shadow-sm"[39m
    [36m>[39m
      [36m<div[39m
        [33mclass[39m=[32m"flex flex-col space-y-1.5 p-6"[39m
      [36m>[39m
        [36m<h3[39m
          [33mclass[39m=[32m"font-semibold tracking-tight text-lg"[39m
        [36m>[39m
          [0mactivities.filters.title[0m
        [36m</h3>[39m
      [36m</div>[39m
      [36m<div[39m
        [33mclass[39m=[32m"p-6 pt-0 space-y-4"[39m
      [36m>[39m
        [36m<div[39m
          [33mclass[39m=[32m"space-y-2"[39m
        [36m>[39m
          [36m<label[39m
            [33mclass[39m=[32m"text-sm font-medium leading-none peer-disabled:cursor-not-allowed peer-disabled:opacity-70"[39m
            [33mfor[39m=[32m"search"[39m
          [36m>[39m
            [0mactivities.filters.search[0m
          [36m</label>[39m
          [36m<input[39m
            [33mclass[39m=[32m"flex h-10 w-full rounded-md border border-[hsl(var(--input))] bg-[hsl(var(--background))] px-3 py-2 text-base ring-offset-[hsl(var(--background))] file:border-0 file:bg-transparent file:text-sm 
file:font-medium file:text-[hsl(var(--foreground))] placeholder:text-[hsl(var(--muted-foreground))] focus-visible:outline-none focus-visible:ring-2 focus-visible:ring-[hsl(var(--ring))] focus-visible:ring-offset-2 disabled:cursor-not-allowed 
disabled:opacity-50 md:text-sm"[39m
            [33mid[39m=[32m"search"[39m
            [33mplaceholder[39m=[32m"activities.filters.search.placeholder"[39m
            [33mvalue[39m=[32m""[39m
          [36m/>[39m
        [36m</div>[39m
        [36m<div[39m
          [33mclass[39m=[32m"space-y-2"[39m
        [36m>[39m
          [36m<label[39m
            [33mclass[39m=[32m"text-sm font-medium leading-none peer-disabled:cursor-not-allowed peer-disabled:opacity-70"[39m
          [36m>[39m
            [0mactivities.filters.types[0m
          [36m</label>[39m
          [36m<div[39m
            [33mclass[39m=[32m"flex flex-wrap gap-2"[39m
          [36m>[39m
            [36m<div[39m
              [33mclass[39m=[32m"inline-flex items-center rounded-full border px-2.5 py-0.5 text-xs font-semibold transition-colors focus:outline-none focus:ring-2 focus:ring-[hsl(var(--ring))] focus:ring-offset-2 
text-[hsl(var(--foreground))] cursor-pointer hover:bg-accent"[39m
            [36m>[39m
              [0mComment[0m
            [36m</div>[39m
            [36m<div[39m
              [33mclass[39m=[32m"inline-flex items-center rounded-full border px-2.5 py-0.5 text-xs font-semibold transition-colors focus:outline-none focus:ring-2 focus:ring-[hsl(var(--ring))] focus:ring-offset-2 
text-[hsl(var(--foreground))] cursor-pointer hover:bg-accent"[39m
            [36m>[39m
              [0mCall[0m
            [36m</div>[39m
            [36m<div[39m
              [33mclass[39m=[32m"inline-flex items-center rounded-full border px-2.5 py-0.5 text-xs font-semibold transition-colors focus:outline-none focus:ring-2 focus:ring-[hsl(var(--ring))] focus:ring-offset-2 
text-[hsl(var(--foreground))] cursor-pointer hover:bg-accent"[39m
            [36m>[39m
              [0mEmail[0m
            [36m</div>[39m
            [36m<div[39m
              [33mclass[39m=[32m"inline-flex items-center rounded-full border px-2.5 py-0.5 text-xs font-semibold transition-colors focus:outline-none focus:ring-2 focus:ring-[hsl(var(--ring))] focus:ring-offset-2 
text-[hsl(var(--foreground))] cursor-pointer hover:bg-accent"[39m
            [36m>[39m
              [0mMeeting[0m
            [36m</div>[39m
            [36m<div[39m
              [33mclass[39m=[32m"inline-flex items-center rounded-full border px-2.5 py-0.5 text-xs font-semibold transition-colors focus:outline-none focus:ring-2 focus:ring-[hsl(var(--ring))] focus:ring-offset-2 
text-[hsl(var(--foreground))] cursor-pointer hover:bg-accent"[39m
            [36m>[39m
              [0mTask[0m
            [36m</div>[39m
            [36m<div[39m
              [33mclass[39m=[32m"inline-flex items-center rounded-full border px-2.5 py-0.5 text-xs font-semibold transition-colors focus:outline-none focus:ring-2 focus:ring-[hsl(var(--ring))] focus:ring-offset-2 
text-[hsl(var(--foreground))] cursor-pointer hover:bg-accent"[39m
            [36m>[39m
              [0mStatus Change[0m
            [36m</div>[39m
            [36m<div[39m
              [33mclass[39m=[32m"inline-flex items-center rounded-full border px-2.5 py-0.5 text-xs font-semibold transition-colors focus:outline-none focus:ring-2 focus:ring-[hsl(var(--ring))] focus:ring-offset-2 
text-[hsl(var(--foreground))] cursor-pointer hover:bg-accent"[39m
            [36m>[39m
              [0mNote[0m
            [36m</div>[39m
            [36m<div[39m
              [33mclass[39m=[32m"inline-flex items-center rounded-full border px-2.5 py-0.5 text-xs font-semibold transition-colors focus:outline-none focus:ring-2 focus:ring-[hsl(var(--ring))] focus:ring-offset-2 
text-[hsl(var(--foreground))] cursor-pointer hover:bg-accent"[39m
            [36m>[39m
              [0mFile Upload[0m
            [36m</div>[39m
            [36m<div[39m
              [33mclass[39m=[32m"inline-flex items-center rounded-full border px-2.5 py-0.5 text-xs font-semibold transition-colors focus:outline-none focus:ring-2 focus:ring-[hsl(var(--ring))] focus:ring-offset-2 
text-[hsl(var(--foreground))] cursor-pointer hover:bg-accent"[39m
            [36m>[39m
              [0mCustom[0m
            [36m</div>[39m
          [36m</div>[39m
        [36m</div>[39m
        [36m<div[39m
          [33mclass[39m=[32m"grid grid-cols-1 md:grid-cols-2 gap-4"[39m
        [36m>[39m
          [36m<div[39m
            [33mclass[39m=[32m"space-y-2"[39m
          [36m>[39m
            [36m<label[39m
              [33mclass[39m=[32m"text-sm font-medium leading-none peer-disabled:cursor-not-allowed peer-disabled:opacity-70"[39m
              [33mfor[39m=[32m"date_from"[39m
            [36m>[39m
              [0mactivities.filters.dateFrom[0m
            [36m</label>[39m
            [36m<input[39m
              [33mclass[39m=[32m"flex h-10 w-full rounded-md border border-[hsl(var(--input))] bg-[hsl(var(--background))] px-3 py-2 text-base ring-offset-[hsl(var(--background))] file:border-0 file:bg-transparent file:text-sm 
file:font-medium file:text-[hsl(var(--foreground))] placeholder:text-[hsl(var(--muted-foreground))] focus-visible:outline-none focus-visible:ring-2 focus-visible:ring-[hsl(var(--ring))] focus-visible:ring-offset-2 disabled:cursor-not-allowed 
disabled:opacity-50 md:text-sm"[39m
              [33mid[39m=[32m"date_from"[39m
              [33mtype[39m=[32m"date"[39m
        ...
[90m [2mÔØ»[22m Object.getElementError node_modules/@testing-library/dom/dist/config.js:[2m37:19[22m[39m
[90m [2mÔØ»[22m node_modules/@testing-library/dom/dist/query-helpers.js:[2m76:38[22m[39m
[90m [2mÔØ»[22m node_modules/@testing-library/dom/dist/query-helpers.js:[2m52:17[22m[39m
[90m [2mÔØ»[22m node_modules/@testing-library/dom/dist/query-helpers.js:[2m95:19[22m[39m
[36m [2mÔØ»[22m app/features/activities/__tests__/ActivityTimeline.test.tsx:[2m210:35[22m[39m
    [90m208| [39m      )[33m;[39m
    [90m209| [39m
    [90m210| [39m      [35mconst[39m commentBadge [33m=[39m screen[33m.[39m[34mgetByText[39m([32m"Comentario"[39m)[33m;[39m
    [90m   | [39m                                  [31m^[39m
    [90m211| [39m      fireEvent[33m.[39m[34mclick[39m(commentBadge)[33m;[39m
    [90m212| [39m

[31m[2mÔÄ»ÔÄ»ÔÄ»ÔÄ»ÔÄ»ÔÄ»ÔÄ»ÔÄ»ÔÄ»ÔÄ»ÔÄ»ÔÄ»ÔÄ»ÔÄ»ÔÄ»ÔÄ»ÔÄ»ÔÄ»ÔÄ»ÔÄ»ÔÄ»[43/275]ÔÄ»[22m[39m

[41m[1m FAIL [22m[49m app/features/activities/__tests__/ActivityTimeline.test.tsx[2m > [22mActivities Module[2m > [22mActivity Types[2m > [22mhas correct activity types
[31m[1mAssertionError[22m: expected [ 'comment', 'call', 'email', ÔÇª(6) ] to have a length of 10 but got 9[39m

[32m- Expected[39m
[31m+ Received[39m

[32m- 10[39m
[31m+ 9[39m

[36m [2mÔØ»[22m app/features/activities/__tests__/ActivityTimeline.test.tsx:[2m230:21[22m[39m
    [90m228| [39m      ][33m;[39m
    [90m229| [39m
    [90m230| [39m      [34mexpect[39m(types)[33m.[39m[34mtoHaveLength[39m([34m10[39m)[33m;[39m
    [90m   | [39m                    [31m^[39m
    [90m231| [39m      [34mexpect[39m(types)[33m.[39m[34mtoContain[39m([32m"comment"[39m)[33m;[39m
    [90m232| [39m      [34mexpect[39m(types)[33m.[39m[34mtoContain[39m([32m"custom"[39m)[33m;[39m

[31m[2mÔÄ»ÔÄ»ÔÄ»ÔÄ»ÔÄ»ÔÄ»ÔÄ»ÔÄ»ÔÄ»ÔÄ»ÔÄ»ÔÄ»ÔÄ»ÔÄ»ÔÄ»ÔÄ»ÔÄ»ÔÄ»ÔÄ»ÔÄ»ÔÄ»[44/275]ÔÄ»[22m[39m

[41m[1m FAIL [22m[49m app/features/approvals/__tests__/ApprovalRequestList.test.tsx[2m > [22mApprovals Module[2m > [22mApprovalRequestList[2m > [22mrenders loading state
[41m[1m FAIL [22m[49m app/features/approvals/__tests__/ApprovalRequestList.test.tsx[2m > [22mApprovals Module[2m > [22mApprovalRequestList[2m > [22mrenders empty state
[41m[1m FAIL [22m[49m app/features/approvals/__tests__/ApprovalRequestList.test.tsx[2m > [22mApprovals Module[2m > [22mApprovalRequestList[2m > [22mrenders requests list
[41m[1m FAIL [22m[49m app/features/approvals/__tests__/ApprovalRequestList.test.tsx[2m > [22mApprovals Module[2m > [22mApprovalRequestList[2m > [22mcalls onRefresh when refresh button is clicked
[41m[1m FAIL [22m[49m app/features/approvals/__tests__/ApprovalRequestList.test.tsx[2m > [22mApprovals Module[2m > [22mApprovalRequestList[2m > [22mcalls onRequestCreate when create button is clicked
[41m[1m FAIL [22m[49m app/features/approvals/__tests__/ApprovalRequestList.test.tsx[2m > [22mApprovals Module[2m > [22mApprovalRequestList[2m > [22mcalls onRequestApprove when approve button is clicked
[41m[1m FAIL [22m[49m app/features/approvals/__tests__/ApprovalRequestList.test.tsx[2m > [22mApprovals Module[2m > [22mApprovalRequestList[2m > [22mcalls onRequestReject when reject button is clicked
[41m[1m FAIL [22m[49m app/features/approvals/__tests__/ApprovalRequestList.test.tsx[2m > [22mApprovals Module[2m > [22mApprovalRequestList[2m > [22mcalls onRequestDelegate when delegate button is clicked
[31m[1mReferenceError[22m: en is not defined[39m
[36m [2mÔØ»[22m ApprovalRequestList app/features/approvals/components/ApprovalRequestList.tsx:[2m56:57[22m[39m
    [90m 54| [39m}[33m:[39m [33mApprovalRequestListProps[39m) {
    [90m 55| [39m  [35mconst[39m { t } [33m=[39m [34museTranslation[39m()[33m;[39m
    [90m 56| [39m  [35mconst[39m dateLocale [33m=[39m [34mt[39m([32m"common.locale"[39m) [33m===[39m [32m"es"[39m [33m?[39m es [33m:[39m en[33m;[39m
    [90m   | [39m                                                        [31m^[39m
    [90m 57| [39m
    [90m 58| [39m  [35mconst[39m formatDate [33m=[39m (dateString[33m:[39m string) [33m=>[39m {
[90m [2mÔØ»[22m Object.react_stack_bottom_frame node_modules/react-dom/cjs/react-dom-client.development.js:[2m25904:20[22m[39m
[90m [2mÔØ»[22m renderWithHooks node_modules/react-dom/cjs/react-dom-client.development.js:[2m7662:22[22m[39m
[90m [2mÔØ»[22m updateFunctionComponent node_modules/react-dom/cjs/react-dom-client.development.js:[2m10166:19[22m[39m
[90m [2mÔØ»[22m beginWork node_modules/react-dom/cjs/react-dom-client.development.js:[2m11778:18[22m[39m
[90m [2mÔØ»[22m runWithFiberInDEV node_modules/react-dom/cjs/react-dom-client.development.js:[2m874:13[22m[39m
[90m [2mÔØ»[22m performUnitOfWork node_modules/react-dom/cjs/react-dom-client.development.js:[2m17641:22[22m[39m
[90m [2mÔØ»[22m workLoopSync node_modules/react-dom/cjs/react-dom-client.development.js:[2m17469:41[22m[39m
[90m [2mÔØ»[22m renderRootSync node_modules/react-dom/cjs/react-dom-client.development.js:[2m17450:11[22m[39m
[90m [2mÔØ»[22m performWorkOnRoot node_modules/react-dom/cjs/react-dom-client.development.js:[2m16583:35[22m[39m

[31m[2mÔÄ»ÔÄ»ÔÄ»ÔÄ»ÔÄ»ÔÄ»ÔÄ»ÔÄ»ÔÄ»ÔÄ»ÔÄ»ÔÄ»ÔÄ»ÔÄ»ÔÄ»ÔÄ»ÔÄ»ÔÄ»ÔÄ»ÔÄ»ÔÄ»[45/275]ÔÄ»[22m[39m

[41m[1m FAIL [22m[49m app/features/automation/__tests__/Automation.test.tsx[2m > [22mAutomation Module[2m > [22mAutomationPage[2m > [22mrenders automation page with title and description
[41m[1m FAIL [22m[49m app/features/automation/__tests__/Automation.test.tsx[2m > [22mAutomation Module[2m > [22mAutomationPage[2m > [22mrenders tabs for rules and executions
[41m[1m FAIL [22m[49m app/features/automation/__tests__/Automation.test.tsx[2m > [22mAutomation Module[2m > [22mAutomationPage[2m > [22mshows create button in rules tab
[41m[1m FAIL [22m[49m app/features/automation/__tests__/Automation.test.tsx[2m > [22mAutomation Module[2m > [22mAutomationPage[2m > [22mopens create dialog when create button is clicked
[41m[1m FAIL [22m[49m app/features/automation/__tests__/Automation.test.tsx[2m > [22mAutomation Module[2m > [22mAutomationPage[2m > [22mshows loading state initially
[41m[1m FAIL [22m[49m app/features/automation/__tests__/Automation.test.tsx[2m > [22mAutomation Module[2m > [22mAutomationPage[2m > [22mshows error state when API fails
[41m[1m FAIL [22m[49m app/features/automation/__tests__/Automation.test.tsx[2m > [22mAutomation Module[2m > [22mAutomationRuleList component[2m > [22mrenders automation rule list with actions
[41m[1m FAIL [22m[49m app/features/automation/__tests__/Automation.test.tsx[2m > [22mAutomation Module[2m > [22mAutomationRuleList component[2m > [22mcalls edit when edit button is clicked
[41m[1m FAIL [22m[49m app/features/automation/__tests__/Automation.test.tsx[2m > [22mAutomation Module[2m > [22mAutomationRuleList component[2m > [22mcalls view when view button is clicked
[41m[1m FAIL [22m[49m app/features/automation/__tests__/Automation.test.tsx[2m > [22mAutomation Module[2m > [22mAutomationRuleList component[2m > [22mcalls executions when executions button is clicked
[41m[1m FAIL [22m[49m app/features/automation/__tests__/Automation.test.tsx[2m > [22mAutomation Module[2m > [22mAutomationRuleList component[2m > [22mcalls test when test button is clicked
[41m[1m FAIL [22m[49m app/features/automation/__tests__/Automation.test.tsx[2m > [22mAutomation Module[2m > [22mAutomationRuleList component[2m > [22mcalls execute when execute button is clicked
[41m[1m FAIL [22m[49m app/features/automation/__tests__/Automation.test.tsx[2m > [22mAutomation Module[2m > [22mAutomationRuleList component[2m > [22mcalls clone when clone button is clicked
[41m[1m FAIL [22m[49m app/features/automation/__tests__/Automation.test.tsx[2m > [22mAutomation Module[2m > [22mAutomationRuleList component[2m > [22mcalls toggle active when enable/disable button is clicked
[41m[1m FAIL [22m[49m app/features/automation/__tests__/Automation.test.tsx[2m > [22mAutomation Module[2m > [22mAutomationRuleList component[2m > [22mcalls delete when delete button is clicked
[41m[1m FAIL [22m[49m app/features/automation/__tests__/Automation.test.tsx[2m > [22mAutomation Module[2m > [22mAutomationRuleList component[2m > [22mshows empty state when no rules
[41m[1m FAIL [22m[49m app/features/automation/__tests__/Automation.test.tsx[2m > [22mAutomation Module[2m > [22mAutomationRuleForm component[2m > [22mrenders form fields for creating rule
[41m[1m FAIL [22m[49m app/features/automation/__tests__/Automation.test.tsx[2m > [22mAutomation Module[2m > [22mAutomationRuleForm component[2m > [22mrenders form fields for editing rule
[41m[1m FAIL [22m[49m app/features/automation/__tests__/Automation.test.tsx[2m > [22mAutomation Module[2m > [22mAutomationRuleForm component[2m > [22madds condition when add condition button is clicked
[41m[1m FAIL [22m[49m app/features/automation/__tests__/Automation.test.tsx[2m > [22mAutomation Module[2m > [22mAutomationRuleForm component[2m > [22madds action when add action button is clicked
[41m[1m FAIL [22m[49m app/features/automation/__tests__/Automation.test.tsx[2m > [22mAutomation Module[2m > [22mAutomationExecutionList component[2m > [22mrenders execution list when executions tab is selected
[41m[1m FAIL [22m[49m app/features/automation/__tests__/Automation.test.tsx[2m > [22mAutomation Module[2m > [22mAutomationExecutionList component[2m > [22mshows execution details when view button is clicked
[41m[1m FAIL [22m[49m app/features/automation/__tests__/Automation.test.tsx[2m > [22mAutomation Module[2m > [22mAutomationExecutionList component[2m > [22mshows empty state when no executions
[41m[1m FAIL [22m[49m app/features/automation/__tests__/Automation.test.tsx[2m > [22mAutomation Module[2m > [22mData Structure[2m > [22mhas required automation rule fields
[41m[1m FAIL [22m[49m app/features/automation/__tests__/Automation.test.tsx[2m > [22mAutomation Module[2m > [22mData Structure[2m > [22mhas correct trigger structure
[41m[1m FAIL [22m[49m app/features/automation/__tests__/Automation.test.tsx[2m > [22mAutomation Module[2m > [22mData Structure[2m > [22mhas correct condition structure
[41m[1m FAIL [22m[49m app/features/automation/__tests__/Automation.test.tsx[2m > [22mAutomation Module[2m > [22mData Structure[2m > [22mhas correct action structure
[31m[1mError[22m: Cannot find module '~/lib/api/client'
Require stack:
- D:\Documents\Mis_proyectos\Proyectos_Actuales\aiutox_erp_core\frontend\app\features\automation\__tests__\Automation.test.tsx[39m
[36m [2mÔØ»[22m app/features/automation/__tests__/Automation.test.tsx:[2m218:36[22m[39m
    [90m216| [39m
    [90m217| [39m    [90m// Default mock for apiClient.get[39m
    [90m218| [39m    [35mconst[39m { [35mdefault[39m[33m:[39m apiClient } [33m=[39m [34mrequire[39m([32m"~/lib/api/client"[39m)[33m;[39m
    [90m   | [39m                                   [31m^[39m
    [90m219| [39m    (apiClient[33m.[39m[35mget[39m [35mas[39m any)[33m.[39m[34mmockResolvedValue[39m({
    [90m220| [39m      data[33m:[39m {

[31m[2mÔÄ»ÔÄ»ÔÄ»ÔÄ»ÔÄ»ÔÄ»ÔÄ»ÔÄ»ÔÄ»ÔÄ»ÔÄ»ÔÄ»ÔÄ»ÔÄ»ÔÄ»ÔÄ»ÔÄ»ÔÄ»ÔÄ»ÔÄ»ÔÄ»[46/275]ÔÄ»[22m[39m

[41m[1m FAIL [22m[49m app/features/comments/__tests__/CommentThread.test.tsx[2m > [22mComments Module[2m > [22mCommentThread[2m > [22mrenders thread with main comment and replies
[41m[1m FAIL [22m[49m app/features/comments/__tests__/CommentThread.test.tsx[2m > [22mComments Module[2m > [22mCommentThread[2m > [22mcalls onReply when reply button is clicked
[41m[1m FAIL [22m[49m app/features/comments/__tests__/CommentThread.test.tsx[2m > [22mComments Module[2m > [22mCommentThread[2m > [22mcalls onEdit when edit button is clicked
[41m[1m FAIL [22m[49m app/features/comments/__tests__/CommentThread.test.tsx[2m > [22mComments Module[2m > [22mCommentThread[2m > [22mcalls onDelete when delete button is clicked
[41m[1m FAIL [22m[49m app/features/comments/__tests__/CommentThread.test.tsx[2m > [22mComments Module[2m > [22mCommentThread[2m > [22mshows loading state
[31m[1mReferenceError[22m: en is not defined[39m
[36m [2mÔØ»[22m CommentThread app/features/comments/components/CommentThread.tsx:[2m35:57[22m[39m
    [90m 33| [39m}[33m:[39m [33mCommentThreadProps[39m) {
    [90m 34| [39m  [35mconst[39m { t } [33m=[39m [34museTranslation[39m()[33m;[39m
    [90m 35| [39m  [35mconst[39m dateLocale [33m=[39m [34mt[39m([32m"common.locale"[39m) [33m===[39m [32m"es"[39m [33m?[39m es [33m:[39m en[33m;[39m
    [90m   | [39m                                                        [31m^[39m
    [90m 36| [39m  [35mconst[39m [showReplyForm[33m,[39m setShowReplyForm] [33m=[39m [34museState[39m([35mfalse[39m)[33m;[39m
    [90m 37| [39m
[90m [2mÔØ»[22m Object.react_stack_bottom_frame node_modules/react-dom/cjs/react-dom-client.development.js:[2m25904:20[22m[39m
[90m [2mÔØ»[22m renderWithHooks node_modules/react-dom/cjs/react-dom-client.development.js:[2m7662:22[22m[39m
[90m [2mÔØ»[22m updateFunctionComponent node_modules/react-dom/cjs/react-dom-client.development.js:[2m10166:19[22m[39m
[90m [2mÔØ»[22m beginWork node_modules/react-dom/cjs/react-dom-client.development.js:[2m11778:18[22m[39m
[90m [2mÔØ»[22m runWithFiberInDEV node_modules/react-dom/cjs/react-dom-client.development.js:[2m874:13[22m[39m
[90m [2mÔØ»[22m performUnitOfWork node_modules/react-dom/cjs/react-dom-client.development.js:[2m17641:22[22m[39m
[90m [2mÔØ»[22m workLoopSync node_modules/react-dom/cjs/react-dom-client.development.js:[2m17469:41[22m[39m
[90m [2mÔØ»[22m renderRootSync node_modules/react-dom/cjs/react-dom-client.development.js:[2m17450:11[22m[39m
[90m [2mÔØ»[22m performWorkOnRoot node_modules/react-dom/cjs/react-dom-client.development.js:[2m16583:35[22m[39m

[31m[2mÔÄ»ÔÄ»ÔÄ»ÔÄ»ÔÄ»ÔÄ»ÔÄ»ÔÄ»ÔÄ»ÔÄ»ÔÄ»ÔÄ»ÔÄ»ÔÄ»ÔÄ»ÔÄ»ÔÄ»ÔÄ»ÔÄ»ÔÄ»ÔÄ»[47/275]ÔÄ»[22m[39m

[41m[1m FAIL [22m[49m app/features/comments/__tests__/CommentThread.test.tsx[2m > [22mComments Module[2m > [22mCommentItem[2m > [22mrenders comment with user info and actions
[31m[1mTestingLibraryElementError[22m: Unable to find an element with the text: Reply. This could be because the text is broken up by multiple elements. In this case, you can provide a function for your text matcher to make your matcher 
more flexible.

Ignored nodes: comments, script, style
[36m<body>[31m
  [36m<div>[31m
    [36m<div[31m
      [33mclass[31m=[32m"rounded-lg border bg-[hsl(var(--card))] text-[hsl(var(--card-foreground))] shadow-sm"[31m
    [36m>[31m
      [36m<div[31m
        [33mclass[31m=[32m"p-4"[31m
      [36m>[31m
        [36m<div[31m
          [33mclass[31m=[32m"flex space-x-3"[31m
        [36m>[31m
          [36m<span[31m
            [33mclass[31m=[32m"relative flex shrink-0 overflow-hidden rounded-full h-8 w-8"[31m
          [36m>[31m
            [36m<span[31m
              [33mclass[31m=[32m"flex h-full w-full items-center justify-center rounded-full bg-[hsl(var(--muted))] text-[hsl(var(--muted-foreground))]"[31m
            [36m>[31m
              [0mU[0m
            [36m</span>[31m
          [36m</span>[31m
          [36m<div[31m
            [33mclass[31m=[32m"flex-1 space-y-2"[31m
          [36m>[31m
            [36m<div[31m
              [33mclass[31m=[32m"flex items-center space-x-2"[31m
            [36m>[31m
              [36m<span[31m
                [33mclass[31m=[32m"font-medium text-sm"[31m
              [36m>[31m
                [0muser-1[0m
              [36m</span>[31m
              [36m<span[31m
                [33mclass[31m=[32m"text-xs text-muted-foreground"[31m
              [36m>[31m
                [0m31 de diciembre de 2024[0m
              [36m</span>[31m
            [36m</div>[31m
            [36m<div[31m
              [33mclass[31m=[32m"text-sm"[31m
            [36m>[31m
              [0mThis is a test comment[0m
            [36m</div>[31m
            [36m<div[31m
              [33mclass[31m=[32m"flex space-x-2"[31m
            [36m/>[31m
          [36m</div>[31m
        [36m</div>[31m
      [36m</div>[31m
    [36m</div>[31m
  [36m</div>[31m
[36m</body>[31m[39m
[90m [2mÔØ»[22m Object.getElementError node_modules/@testing-library/dom/dist/config.js:[2m37:19[22m[39m
[90m [2mÔØ»[22m node_modules/@testing-library/dom/dist/query-helpers.js:[2m76:38[22m[39m
[90m [2mÔØ»[22m node_modules/@testing-library/dom/dist/query-helpers.js:[2m52:17[22m[39m
[90m [2mÔØ»[22m node_modules/@testing-library/dom/dist/query-helpers.js:[2m95:19[22m[39m
[36m [2mÔØ»[22m app/features/comments/__tests__/CommentThread.test.tsx:[2m146:21[22m[39m
    [90m144| [39m      expect(screen.getByText("This is a test comment")).toBeInTheDocuÔÇª
    [90m145| [39m      [34mexpect[39m(screen[33m.[39m[34mgetByText[39m([32m"user-1"[39m))[33m.[39m[34mtoBeInTheDocument[39m()[33m;[39m
    [90m146| [39m      [34mexpect[39m(screen[33m.[39m[34mgetByText[39m([32m"Reply"[39m))[33m.[39m[34mtoBeInTheDocument[39m()[33m;[39m
    [90m   | [39m                    [31m^[39m
    [90m147| [39m      [34mexpect[39m(screen[33m.[39m[34mgetByText[39m([32m"Edit"[39m))[33m.[39m[34mtoBeInTheDocument[39m()[33m;[39m
    [90m148| [39m      [34mexpect[39m(screen[33m.[39m[34mgetByText[39m([32m"Delete"[39m))[33m.[39m[34mtoBeInTheDocument[39m()[33m;[39m

[31m[2mÔÄ»ÔÄ»ÔÄ»ÔÄ»ÔÄ»ÔÄ»ÔÄ»ÔÄ»ÔÄ»ÔÄ»ÔÄ»ÔÄ»ÔÄ»ÔÄ»ÔÄ»ÔÄ»ÔÄ»ÔÄ»ÔÄ»ÔÄ»ÔÄ»[48/275]ÔÄ»[22m[39m

[41m[1m FAIL [22m[49m app/features/comments/__tests__/CommentThread.test.tsx[2m > [22mComments Module[2m > [22mCommentItem[2m > [22mshows edited badge when comment is edited
[31m[1mTestingLibraryElementError[22m: Unable to find an element with the text: (edited). This could be because the text is broken up by multiple elements. In this case, you can provide a function for your text matcher to make your matcher 
more flexible.

Ignored nodes: comments, script, style
[36m<body>[31m
  [36m<div>[31m
    [36m<div[31m
      [33mclass[31m=[32m"rounded-lg border bg-[hsl(var(--card))] text-[hsl(var(--card-foreground))] shadow-sm"[31m
    [36m>[31m
      [36m<div[31m
        [33mclass[31m=[32m"p-4"[31m
      [36m>[31m
        [36m<div[31m
          [33mclass[31m=[32m"flex space-x-3"[31m
        [36m>[31m
          [36m<span[31m
            [33mclass[31m=[32m"relative flex shrink-0 overflow-hidden rounded-full h-8 w-8"[31m
          [36m>[31m
            [36m<span[31m
              [33mclass[31m=[32m"flex h-full w-full items-center justify-center rounded-full bg-[hsl(var(--muted))] text-[hsl(var(--muted-foreground))]"[31m
            [36m>[31m
              [0mU[0m
            [36m</span>[31m
          [36m</span>[31m
          [36m<div[31m
            [33mclass[31m=[32m"flex-1 space-y-2"[31m
          [36m>[31m
            [36m<div[31m
              [33mclass[31m=[32m"flex items-center space-x-2"[31m
            [36m>[31m
              [36m<span[31m
                [33mclass[31m=[32m"font-medium text-sm"[31m
              [36m>[31m
                [0muser-1[0m
              [36m</span>[31m
              [36m<span[31m
                [33mclass[31m=[32m"text-xs text-muted-foreground"[31m
              [36m>[31m
                [0m31 de diciembre de 2024[0m
              [36m</span>[31m
            [36m</div>[31m
            [36m<div[31m
              [33mclass[31m=[32m"text-sm"[31m
            [36m>[31m
              [0mThis is a test comment[0m
            [36m</div>[31m
            [36m<div[31m
              [33mclass[31m=[32m"flex space-x-2"[31m
            [36m/>[31m
          [36m</div>[31m
        [36m</div>[31m
      [36m</div>[31m
    [36m</div>[31m
  [36m</div>[31m
  [36m<div>[31m
    [36m<div[31m
      [33mclass[31m=[32m"rounded-lg border bg-[hsl(var(--card))] text-[hsl(var(--card-foreground))] shadow-sm"[31m
    [36m>[31m
      [36m<div[31m
        [33mclass[31m=[32m"p-4"[31m
      [36m>[31m
        [36m<div[31m
          [33mclass[31m=[32m"flex space-x-3"[31m
        [36m>[31m
          [36m<span[31m
            [33mclass[31m=[32m"relative flex shrink-0 overflow-hidden rounded-full h-8 w-8"[31m
          [36m>[31m
            [36m<span[31m
              [33mclass[31m=[32m"flex h-full w-full items-center justify-center rounded-full bg-[hsl(var(--muted))] text-[hsl(var(--muted-foreground))]"[31m
            [36m>[31m
              [0mU[0m
            [36m</span>[31m
          [36m</span>[31m
          [36m<div[31m
            [33mclass[31m=[32m"flex-1 space-y-2"[31m
          [36m>[31m
            [36m<div[31m
              [33mclass[31m=[32m"flex items-center space-x-2"[31m
            [36m>[31m
              [36m<span[31m
                [33mclass[31m=[32m"font-medium text-sm"[31m
              [36m>[31m
                [0muser-1[0m
              [36m</span>[31m
              [36m<span[31m
                [33mclass[31m=[32m"text-xs text-muted-foreground"[31m
              [36m>[31m
                [0m31 de diciembre de 2024[0m
              [36m</span>[31m
              [36m<span[31m
                [33mclass[31m=[32m"text-xs text-muted-foreground"[31m
              [36m>[31m
                [0mcomments.edited[0m
              [36m</span>[31m
            [36m</div>[31m
            [36m<div[31m
              [33mclass[31m=[32m"text-sm"[31m
            [36m>[31m
              [0mThis is a test comment[0m
            [36m</div>[31m
            [36m<div[31m
              [33mclass[31m=[32m"flex space-x-2"[31m
            [36m/>[31m
          [36m</div>[31m
        [36m</div>[31m
      [36m</div>[31m
    [36m</div>[31m
  [36m</div>[31m
[36m</body>[31m[39m
[90m [2mÔØ»[22m Object.getElementError node_modules/@testing-library/dom/dist/config.js:[2m37:19[22m[39m
[90m [2mÔØ»[22m node_modules/@testing-library/dom/dist/query-helpers.js:[2m76:38[22m[39m
[90m [2mÔØ»[22m node_modules/@testing-library/dom/dist/query-helpers.js:[2m52:17[22m[39m
[90m [2mÔØ»[22m node_modules/@testing-library/dom/dist/query-helpers.js:[2m95:19[22m[39m
[36m [2mÔØ»[22m app/features/comments/__tests__/CommentThread.test.tsx:[2m163:21[22m[39m
    [90m161| [39m      )[33m;[39m
    [90m162| [39m
    [90m163| [39m      [34mexpect[39m(screen[33m.[39m[34mgetByText[39m([32m"(edited)"[39m))[33m.[39m[34mtoBeInTheDocument[39m()[33m;[39m
    [90m   | [39m                    [31m^[39m
    [90m164| [39m    })[33m;[39m
    [90m165| [39m

[31m[2mÔÄ»ÔÄ»ÔÄ»ÔÄ»ÔÄ»ÔÄ»ÔÄ»ÔÄ»ÔÄ»ÔÄ»ÔÄ»ÔÄ»ÔÄ»ÔÄ»ÔÄ»ÔÄ»ÔÄ»ÔÄ»ÔÄ»ÔÄ»ÔÄ»[49/275]ÔÄ»[22m[39m

[41m[1m FAIL [22m[49m app/features/comments/__tests__/CommentThread.test.tsx[2m > [22mComments Module[2m > [22mCommentForm[2m > [22mrenders form with textarea and buttons
[31m[1mTestingLibraryElementError[22m[39m: Unable to find an element with the placeholder text of: Write a comment...

Ignored nodes: comments, script, style
[36m<body>[39m
  [36m<div>[39m
    [36m<div[39m
      [33mclass[39m=[32m"rounded-lg border bg-[hsl(var(--card))] text-[hsl(var(--card-foreground))] shadow-sm"[39m
    [36m>[39m
      [36m<div[39m
        [33mclass[39m=[32m"p-4"[39m
      [36m>[39m
        [36m<div[39m
          [33mclass[39m=[32m"flex space-x-3"[39m
        [36m>[39m
          [36m<span[39m
            [33mclass[39m=[32m"relative flex shrink-0 overflow-hidden rounded-full h-8 w-8"[39m
          [36m>[39m
            [36m<span[39m
              [33mclass[39m=[32m"flex h-full w-full items-center justify-center rounded-full bg-[hsl(var(--muted))] text-[hsl(var(--muted-foreground))]"[39m
            [36m>[39m
              [0mU[0m
            [36m</span>[39m
          [36m</span>[39m
          [36m<div[39m
            [33mclass[39m=[32m"flex-1 space-y-2"[39m
          [36m>[39m
            [36m<div[39m
              [33mclass[39m=[32m"flex items-center space-x-2"[39m
            [36m>[39m
              [36m<span[39m
                [33mclass[39m=[32m"font-medium text-sm"[39m
              [36m>[39m
                [0muser-1[0m
              [36m</span>[39m
              [36m<span[39m
                [33mclass[39m=[32m"text-xs text-muted-foreground"[39m
              [36m>[39m
                [0m31 de diciembre de 2024[0m
              [36m</span>[39m
            [36m</div>[39m
            [36m<div[39m
              [33mclass[39m=[32m"text-sm"[39m
            [36m>[39m
              [0mThis is a test comment[0m
            [36m</div>[39m
            [36m<div[39m
              [33mclass[39m=[32m"flex space-x-2"[39m
            [36m/>[39m
          [36m</div>[39m
        [36m</div>[39m
      [36m</div>[39m
    [36m</div>[39m
  [36m</div>[39m
  [36m<div>[39m
    [36m<div[39m
      [33mclass[39m=[32m"rounded-lg border bg-[hsl(var(--card))] text-[hsl(var(--card-foreground))] shadow-sm"[39m
    [36m>[39m
      [36m<div[39m
        [33mclass[39m=[32m"p-4"[39m
      [36m>[39m
        [36m<div[39m
          [33mclass[39m=[32m"flex space-x-3"[39m
        [36m>[39m
          [36m<span[39m
            [33mclass[39m=[32m"relative flex shrink-0 overflow-hidden rounded-full h-8 w-8"[39m
          [36m>[39m
            [36m<span[39m
              [33mclass[39m=[32m"flex h-full w-full items-center justify-center rounded-full bg-[hsl(var(--muted))] text-[hsl(var(--muted-foreground))]"[39m
            [36m>[39m
              [0mU[0m
            [36m</span>[39m
          [36m</span>[39m
          [36m<div[39m
            [33mclass[39m=[32m"flex-1 space-y-2"[39m
          [36m>[39m
            [36m<div[39m
              [33mclass[39m=[32m"flex items-center space-x-2"[39m
            [36m>[39m
              [36m<span[39m
                [33mclass[39m=[32m"font-medium text-sm"[39m
              [36m>[39m
                [0muser-1[0m
              [36m</span>[39m
              [36m<span[39m
                [33mclass[39m=[32m"text-xs text-muted-foreground"[39m
              [36m>[39m
                [0m31 de diciembre de 2024[0m
              [36m</span>[39m
              [36m<span[39m
                [33mclass[39m=[32m"text-xs text-muted-foreground"[39m
              [36m>[39m
                [0mcomments.edited[0m
              [36m</span>[39m
            [36m</div>[39m
            [36m<div[39m
              [33mclass[39m=[32m"text-sm"[39m
            [36m>[39m
              [0mThis is a test comment[0m
            [36m</div>[39m
            [36m<div[39m
              [33mclass[39m=[32m"flex space-x-2"[39m
            [36m/>[39m
          [36m</div>[39m
        [36m</div>[39m
      [36m</div>[39m
    [36m</div>[39m
  [36m</div>[39m
  [36m<div>[39m
    [36m<div[39m
      [33mclass[39m=[32m"rounded-lg border bg-[hsl(var(--card))] text-[hsl(var(--card-foreground))] shadow-sm"[39m
    [36m>[39m
      [36m<div[39m
        [33mclass[39m=[32m"p-4"[39m
      [36m>[39m
        [36m<div[39m
          [33mclass[39m=[32m"flex space-x-3"[39m
        [36m>[39m
          [36m<span[39m
            [33mclass[39m=[32m"relative flex shrink-0 overflow-hidden rounded-full h-8 w-8"[39m
          [36m>[39m
            [36m<span[39m
              [33mclass[39m=[32m"flex h-full w-full items-center justify-center rounded-full bg-[hsl(var(--muted))] text-[hsl(var(--muted-foreground))]"[39m
            [36m>[39m
              [0mU[0m
            [36m</span>[39m
          [36m</span>[39m
          [36m<div[39m
            [33mclass[39m=[32m"flex-1 space-y-2"[39m
          [36m>[39m
            [36m<div[39m
              [33mclass[39m=[32m"flex items-center space-x-2"[39m
            [36m>[39m
              [36m<span[39m
                [33mclass[39m=[32m"font-medium text-sm"[39m
              [36m>[39m
                [0muser-1[0m
              [36m</span>[39m
              [36m<span[39m
                [33mclass[39m=[32m"text-xs text-muted-foreground"[39m
              [36m>[39m
                [0m31 de diciembre de 2024[0m
              [36m</span>[39m
            [36m</div>[39m
            [36m<div[39m
              [33mclass[39m=[32m"text-sm"[39m
            [36m>[39m
              [0mThis is a test comment[0m
            [36m</div>[39m
            [36m<div[39m
              [33mclass[39m=[32m"flex flex-wrap gap-1"[39m
            [36m>[39m
              [36m<span[39m
                [33mclass[39m=[32m"inline-flex items-center px-2 py-1 rounded-full text-xs bg-blue-100 text-blue-800"[39m
              [36m>[39m
                [0m@[0m
                [0muser-2[0m
              [36m</span>[39m
              [36m<span[39m
                [33mclass[39m=[32m"inline-flex items-center px-2 py-1 rounded-full text-xs bg-blue-100 text-blue-800"[39m
              [36m>[39m
                [0m@[0m
                [0muser-3[0m
              [36m</span>[39m
            [36m</div>[39m
            [36m<div[39m
              [33mclass[39m=[32m"flex space-x-2"[39m
            [36m/>[39m
          [36m</div>[39m
        [36m</div>[39m
      [36m</div>[39m
    [36m</div>[39m
  [36m</div>[39m
  [36m<div>[39m
    [36m<div[39m
      [33mclass[39m=[32m"rounded-lg border bg-[hsl(var(--card))] text-[hsl(var(--card-foreground))] shadow-sm"[39m
    [36m>[39m
      [36m<div[39m
        [33mclass[39m=[32m"p-4"[39m
      [36m>[39m
        [36m<form[39m
          [33mclass[39m=[32m"space-y-3"[39m
        [36m>[39m
          [36m<textarea[39m
            [33mclass[39m=[32m"flex min-h-[80px] w-full rounded-md border border-[hsl(var(--input))] bg-[hsl(var(--background))] px-3 py-2 text-base ring-offset-[hsl(var(--background))] placeholder:text-[hsl(var(--muted-foreground))] 
focus-visible:outline-none focus-visible:ring-2 focus-visible:ring-[hsl(var(--ring))] focus-visible:ring-offset-2 disabled:cursor-not-allowed disabled:opacity-50 md:text-sm resize-none"[39m
            [33mplaceholder[39m=[32m"Escribe un comentario..."[39m
            [33mrows[39m=[32m"3"[39m
          [36m/>[39m
          [36m<div[39m
            [33mclass[39m=[32m"flex justify-end space-x-2"[39m
          [36m>[39m
            [36m<button[39m
              [33mclass[39m=[32m"inline-flex items-center justify-center gap-2 whitespace-nowrap text-sm font-medium ring-offset-[hsl(var(--background))] transition-colors focus-visible:outline-none focus-visible:ring-2 
focus-visible:ring-[hsl(var(--ring))] focus-visible:ring-offset-2 disabled:pointer-events-none disabled:opacity-50 [&_svg]:pointer-events-none [&_svg]:size-4 [&_svg]:shrink-0 border border-[hsl(var(--input))] bg-[hsl(var(--background))] 
hover:bg-[hsl(var(--accent))] hover:text-[hsl(var(--accent-foreground))] h-9 rounded-md px-3"[39m
              [33mtype[39m=[32m"button"[39m
            [36m>[39m
              [0mcommon.cancel[0m
            [36m</button>[39m
            [36m<button[39m
              [33mclass[39m=[32m"inline-flex items-center justify-center gap-2 whitespace-nowrap text-sm font-medium ring-offset-[hsl(var(--background))] transition-colors focus-visible:outline-none focus-visible:ring-2 
focus-visible:ring-[hsl(var(--ring))] focus-visible:ring-offset-2 disabled:pointer-events-none disabled:opacity-50 [&_svg]:pointer-events-none [&_svg]:size-4 [&_svg]:shrink-0 bg-[hsl(var(--primary))] text-[hsl(var(--primary-foreground))] 
hover:bg-[hsl(var(--primary))]/90 h-9 rounded-md px-3"[39m
              [33mdisabled[39m=[32m""[39m
              [33mtype[39m=[32m"submit"[39m
            [36m>[39m
              [0mComentar[0m
            [36m</button>[39m
          [36m</div>[39m
        [36m</form>[39m
      [36m</div>[39m
    [36m</div>[39m
  [36m</div>[39m
[36m</body>[39m
[90m [2mÔØ»[22m Object.getElementError node_modules/@testing-library/dom/dist/config.js:[2m37:19[22m[39m
[90m [2mÔØ»[22m node_modules/@testing-library/dom/dist/query-helpers.js:[2m76:38[22m[39m
[90m [2mÔØ»[22m node_modules/@testing-library/dom/dist/query-helpers.js:[2m52:17[22m[39m
[90m [2mÔØ»[22m node_modules/@testing-library/dom/dist/query-helpers.js:[2m95:19[22m[39m
[36m [2mÔØ»[22m app/features/comments/__tests__/CommentThread.test.tsx:[2m191:21[22m[39m
    [90m189| [39m      )[33m;[39m
    [90m190| [39m
    [90m191| [39m      expect(screen.getByPlaceholderText("Write a comment...")).toBeInÔÇª
    [90m   | [39m                    [31m^[39m
    [90m192| [39m      [34mexpect[39m(screen[33m.[39m[34mgetByText[39m([32m"Comment"[39m))[33m.[39m[34mtoBeInTheDocument[39m()[33m;[39m
    [90m193| [39m    })[33m;[39m

[31m[2mÔÄ»ÔÄ»ÔÄ»ÔÄ»ÔÄ»ÔÄ»ÔÄ»ÔÄ»ÔÄ»ÔÄ»ÔÄ»ÔÄ»ÔÄ»ÔÄ»ÔÄ»ÔÄ»ÔÄ»ÔÄ»ÔÄ»ÔÄ»ÔÄ»[50/275]ÔÄ»[22m[39m

[41m[1m FAIL [22m[49m app/features/comments/__tests__/CommentThread.test.tsx[2m > [22mComments Module[2m > [22mCommentForm[2m > [22mcalls onSubmit when form is submitted
[31m[1mTestingLibraryElementError[22m[39m: Unable to find an element with the placeholder text of: Write a comment...

Ignored nodes: comments, script, style
[36m<body>[39m
  [36m<div>[39m
    [36m<div[39m
      [33mclass[39m=[32m"rounded-lg border bg-[hsl(var(--card))] text-[hsl(var(--card-foreground))] shadow-sm"[39m
    [36m>[39m
      [36m<div[39m
        [33mclass[39m=[32m"p-4"[39m
      [36m>[39m
        [36m<div[39m
          [33mclass[39m=[32m"flex space-x-3"[39m
        [36m>[39m
          [36m<span[39m
            [33mclass[39m=[32m"relative flex shrink-0 overflow-hidden rounded-full h-8 w-8"[39m
          [36m>[39m
            [36m<span[39m
              [33mclass[39m=[32m"flex h-full w-full items-center justify-center rounded-full bg-[hsl(var(--muted))] text-[hsl(var(--muted-foreground))]"[39m
            [36m>[39m
              [0mU[0m
            [36m</span>[39m
          [36m</span>[39m
          [36m<div[39m
            [33mclass[39m=[32m"flex-1 space-y-2"[39m
          [36m>[39m
            [36m<div[39m
              [33mclass[39m=[32m"flex items-center space-x-2"[39m
            [36m>[39m
              [36m<span[39m
                [33mclass[39m=[32m"font-medium text-sm"[39m
              [36m>[39m
                [0muser-1[0m
              [36m</span>[39m
              [36m<span[39m
                [33mclass[39m=[32m"text-xs text-muted-foreground"[39m
              [36m>[39m
                [0m31 de diciembre de 2024[0m
              [36m</span>[39m
            [36m</div>[39m
            [36m<div[39m
              [33mclass[39m=[32m"text-sm"[39m
            [36m>[39m
              [0mThis is a test comment[0m
            [36m</div>[39m
            [36m<div[39m
              [33mclass[39m=[32m"flex space-x-2"[39m
            [36m/>[39m
          [36m</div>[39m
        [36m</div>[39m
      [36m</div>[39m
    [36m</div>[39m
  [36m</div>[39m
  [36m<div>[39m
    [36m<div[39m
      [33mclass[39m=[32m"rounded-lg border bg-[hsl(var(--card))] text-[hsl(var(--card-foreground))] shadow-sm"[39m
    [36m>[39m
      [36m<div[39m
        [33mclass[39m=[32m"p-4"[39m
      [36m>[39m
        [36m<div[39m
          [33mclass[39m=[32m"flex space-x-3"[39m
        [36m>[39m
          [36m<span[39m
            [33mclass[39m=[32m"relative flex shrink-0 overflow-hidden rounded-full h-8 w-8"[39m
          [36m>[39m
            [36m<span[39m
              [33mclass[39m=[32m"flex h-full w-full items-center justify-center rounded-full bg-[hsl(var(--muted))] text-[hsl(var(--muted-foreground))]"[39m
            [36m>[39m
              [0mU[0m
            [36m</span>[39m
          [36m</span>[39m
          [36m<div[39m
            [33mclass[39m=[32m"flex-1 space-y-2"[39m
          [36m>[39m
            [36m<div[39m
              [33mclass[39m=[32m"flex items-center space-x-2"[39m
            [36m>[39m
              [36m<span[39m
                [33mclass[39m=[32m"font-medium text-sm"[39m
              [36m>[39m
                [0muser-1[0m
              [36m</span>[39m
              [36m<span[39m
                [33mclass[39m=[32m"text-xs text-muted-foreground"[39m
              [36m>[39m
                [0m31 de diciembre de 2024[0m
              [36m</span>[39m
              [36m<span[39m
                [33mclass[39m=[32m"text-xs text-muted-foreground"[39m
              [36m>[39m
                [0mcomments.edited[0m
              [36m</span>[39m
            [36m</div>[39m
            [36m<div[39m
              [33mclass[39m=[32m"text-sm"[39m
            [36m>[39m
              [0mThis is a test comment[0m
            [36m</div>[39m
            [36m<div[39m
              [33mclass[39m=[32m"flex space-x-2"[39m
            [36m/>[39m
          [36m</div>[39m
        [36m</div>[39m
      [36m</div>[39m
    [36m</div>[39m
  [36m</div>[39m
  [36m<div>[39m
    [36m<div[39m
      [33mclass[39m=[32m"rounded-lg border bg-[hsl(var(--card))] text-[hsl(var(--card-foreground))] shadow-sm"[39m
    [36m>[39m
      [36m<div[39m
        [33mclass[39m=[32m"p-4"[39m
      [36m>[39m
        [36m<div[39m
          [33mclass[39m=[32m"flex space-x-3"[39m
        [36m>[39m
          [36m<span[39m
            [33mclass[39m=[32m"relative flex shrink-0 overflow-hidden rounded-full h-8 w-8"[39m
          [36m>[39m
            [36m<span[39m
              [33mclass[39m=[32m"flex h-full w-full items-center justify-center rounded-full bg-[hsl(var(--muted))] text-[hsl(var(--muted-foreground))]"[39m
            [36m>[39m
              [0mU[0m
            [36m</span>[39m
          [36m</span>[39m
          [36m<div[39m
            [33mclass[39m=[32m"flex-1 space-y-2"[39m
          [36m>[39m
            [36m<div[39m
              [33mclass[39m=[32m"flex items-center space-x-2"[39m
            [36m>[39m
              [36m<span[39m
                [33mclass[39m=[32m"font-medium text-sm"[39m
              [36m>[39m
                [0muser-1[0m
              [36m</span>[39m
              [36m<span[39m
                [33mclass[39m=[32m"text-xs text-muted-foreground"[39m
              [36m>[39m
                [0m31 de diciembre de 2024[0m
              [36m</span>[39m
            [36m</div>[39m
            [36m<div[39m
              [33mclass[39m=[32m"text-sm"[39m
            [36m>[39m
              [0mThis is a test comment[0m
            [36m</div>[39m
            [36m<div[39m
              [33mclass[39m=[32m"flex flex-wrap gap-1"[39m
            [36m>[39m
              [36m<span[39m
                [33mclass[39m=[32m"inline-flex items-center px-2 py-1 rounded-full text-xs bg-blue-100 text-blue-800"[39m
              [36m>[39m
                [0m@[0m
                [0muser-2[0m
              [36m</span>[39m
              [36m<span[39m
                [33mclass[39m=[32m"inline-flex items-center px-2 py-1 rounded-full text-xs bg-blue-100 text-blue-800"[39m
              [36m>[39m
                [0m@[0m
                [0muser-3[0m
              [36m</span>[39m
            [36m</div>[39m
            [36m<div[39m
              [33mclass[39m=[32m"flex space-x-2"[39m
            [36m/>[39m
          [36m</div>[39m
        [36m</div>[39m
      [36m</div>[39m
    [36m</div>[39m
  [36m</div>[39m
  [36m<div>[39m
    [36m<div[39m
      [33mclass[39m=[32m"rounded-lg border bg-[hsl(var(--card))] text-[hsl(var(--card-foreground))] shadow-sm"[39m
    [36m>[39m
      [36m<div[39m
        [33mclass[39m=[32m"p-4"[39m
      [36m>[39m
        [36m<form[39m
          [33mclass[39m=[32m"space-y-3"[39m
        [36m>[39m
          [36m<textarea[39m
            [33mclass[39m=[32m"flex min-h-[80px] w-full rounded-md border border-[hsl(var(--input))] bg-[hsl(var(--background))] px-3 py-2 text-base ring-offset-[hsl(var(--background))] placeholder:text-[hsl(var(--muted-foreground))] 
focus-visible:outline-none focus-visible:ring-2 focus-visible:ring-[hsl(var(--ring))] focus-visible:ring-offset-2 disabled:cursor-not-allowed disabled:opacity-50 md:text-sm resize-none"[39m
            [33mplaceholder[39m=[32m"Escribe un comentario..."[39m
            [33mrows[39m=[32m"3"[39m
          [36m/>[39m
          [36m<div[39m
            [33mclass[39m=[32m"flex justify-end space-x-2"[39m
          [36m>[39m
            [36m<button[39m
              [33mclass[39m=[32m"inline-flex items-center justify-center gap-2 whitespace-nowrap text-sm font-medium ring-offset-[hsl(var(--background))] transition-colors focus-visible:outline-none focus-visible:ring-2 
focus-visible:ring-[hsl(var(--ring))] focus-visible:ring-offset-2 disabled:pointer-events-none disabled:opacity-50 [&_svg]:pointer-events-none [&_svg]:size-4 [&_svg]:shrink-0 border border-[hsl(var(--input))] bg-[hsl(var(--background))] 
hover:bg-[hsl(var(--accent))] hover:text-[hsl(var(--accent-foreground))] h-9 rounded-md px-3"[39m
              [33mtype[39m=[32m"button"[39m
            [36m>[39m
              [0mcommon.cancel[0m
            [36m</button>[39m
            [36m<button[39m
              [33mclass[39m=[32m"inline-flex items-center justify-center gap-2 whitespace-nowrap text-sm font-medium ring-offset-[hsl(var(--background))] transition-colors focus-visible:outline-none focus-visible:ring-2 
focus-visible:ring-[hsl(var(--ring))] focus-visible:ring-offset-2 disabled:pointer-events-none disabled:opacity-50 [&_svg]:pointer-events-none [&_svg]:size-4 [&_svg]:shrink-0 bg-[hsl(var(--primary))] text-[hsl(var(--primary-foreground))] 
hover:bg-[hsl(var(--primary))]/90 h-9 rounded-md px-3"[39m
              [33mdisabled[39m=[32m""[39m
              [33mtype[39m=[32m"submit"[39m
            [36m>[39m
              [0mComentar[0m
            [36m</button>[39m
          [36m</div>[39m
        [36m</form>[39m
      [36m</div>[39m
    [36m</div>[39m
  [36m</div>[39m
  [36m<div>[39m
    [36m<div[39m
      [33mclass[39m=[32m"rounded-lg border bg-[hsl(var(--card))] text-[hsl(var(--card-foreground))] shadow-sm"[39m
    [36m>[39m
      [36m<div[39m
        [33mclass[39m=[32m"p-4"[39m
      [36m>[39m
        [36m<form[39m
          [33mclass[39m=[32m"space-y-3"[39m
        [36m>[39m
          [36m<textarea[39m
            [33mclass[39m=[32m"flex min-h-[80px] w-full rounded-md border border-[hsl(var(--input))] bg-[hsl(var(--background))] px-3 py-2 text-base ring-offset-[hsl(var(--background))] placeholder:text-[hsl(var(--muted-foreground))] 
focus-visible:outline-none focus-visible:ring-2 focus-visible:ring-[hsl(var(--ring))] focus-visible:ring-offset-2 disabled:cursor-not-allowed disabled:opacity-50 md:text-sm resize-none"[39m
            [33mplaceholder[39m=[32m"Escribe un comentario..."[39m
            [33mrows[39m=[32m"3"[39m
          [36m/>[39m
          [36m<div[39m
            [33mclass[39m=[32m"flex justify-end space-x-2"[39m
          [36m>[39m
            [36m<button[39m
              [33mclass[39m=[32m"inline-flex items-center justify-center gap-2 whitespace-nowrap text-sm font-medium ring-offset-[hsl(var(--background))] transition-colors focus-visible:outline-none focus-visible:ring-2 
focus-visible:ring-[hsl(var(--ring))] focus-visible:ring-offset-2 disabled:pointer-events-none disabled:opacity-50 [&_svg]:pointer-events-none [&_svg]:size-4 [&_svg]:shrink-0 bg-[hsl(var(--primary))] text-[hsl(var(--primary-foreground))] 
hover:bg-[hsl(var(--primary))]/90 h-9 rounded-md px-3"[39m
              [33mdisabled[39m=[32m""[39m
              [33mtype[39m=[32m"submit"[39m
            [36m>[39m
              [0mComentar[0m
            [36m</button>[39m
          [36m</div>[39m
        [36m</form>[39m
      [36m</div>[39m
    [36m</div>[39m
  [36m</div>[39m
[36m</body>[39m
[90m [2mÔØ»[22m Object.getElementError node_modules/@testing-library/dom/dist/config.js:[2m37:19[22m[39m
[90m [2mÔØ»[22m node_modules/@testing-library/dom/dist/query-helpers.js:[2m76:38[22m[39m
[90m [2mÔØ»[22m node_modules/@testing-library/dom/dist/query-helpers.js:[2m52:17[22m[39m
[90m [2mÔØ»[22m node_modules/@testing-library/dom/dist/query-helpers.js:[2m95:19[22m[39m
[36m [2mÔØ»[22m app/features/comments/__tests__/CommentThread.test.tsx:[2m204:31[22m[39m
    [90m202| [39m      )[33m;[39m
    [90m203| [39m
    [90m204| [39m      const textarea = screen.getByPlaceholderText("Write a comment...ÔÇª
    [90m   | [39m                              [31m^[39m
    [90m205| [39m      fireEvent[33m.[39m[34mchange[39m(textarea[33m,[39m { target[33m:[39m { value[33m:[39m [32m"New comment"[39m } })[33m;[39m
    [90m206| [39m

[31m[2mÔÄ»ÔÄ»ÔÄ»ÔÄ»ÔÄ»ÔÄ»ÔÄ»ÔÄ»ÔÄ»ÔÄ»ÔÄ»ÔÄ»ÔÄ»ÔÄ»ÔÄ»ÔÄ»ÔÄ»ÔÄ»ÔÄ»ÔÄ»ÔÄ»[51/275]ÔÄ»[22m[39m

[41m[1m FAIL [22m[49m app/features/comments/__tests__/CommentThread.test.tsx[2m > [22mComments Module[2m > [22mCommentForm[2m > [22mcalls onCancel when cancel button is clicked
[31m[1mTestingLibraryElementError[22m: Unable to find an element with the text: Cancel. This could be because the text is broken up by multiple elements. In this case, you can provide a function for your text matcher to make your matcher 
more flexible.

Ignored nodes: comments, script, style
[36m<body>[31m
  [36m<div>[31m
    [36m<div[31m
      [33mclass[31m=[32m"rounded-lg border bg-[hsl(var(--card))] text-[hsl(var(--card-foreground))] shadow-sm"[31m
    [36m>[31m
      [36m<div[31m
        [33mclass[31m=[32m"p-4"[31m
      [36m>[31m
        [36m<form[31m
          [33mclass[31m=[32m"space-y-3"[31m
        [36m>[31m
          [36m<textarea[31m
            [33mclass[31m=[32m"flex min-h-[80px] w-full rounded-md border border-[hsl(var(--input))] bg-[hsl(var(--background))] px-3 py-2 text-base ring-offset-[hsl(var(--background))] placeholder:text-[hsl(var(--muted-foreground))] 
focus-visible:outline-none focus-visible:ring-2 focus-visible:ring-[hsl(var(--ring))] focus-visible:ring-offset-2 disabled:cursor-not-allowed disabled:opacity-50 md:text-sm resize-none"[31m
            [33mplaceholder[31m=[32m"Escribe un comentario..."[31m
            [33mrows[31m=[32m"3"[31m
          [36m/>[31m
          [36m<div[31m
            [33mclass[31m=[32m"flex justify-end space-x-2"[31m
          [36m>[31m
            [36m<button[31m
              [33mclass[31m=[32m"inline-flex items-center justify-center gap-2 whitespace-nowrap text-sm font-medium ring-offset-[hsl(var(--background))] transition-colors focus-visible:outline-none focus-visible:ring-2 
focus-visible:ring-[hsl(var(--ring))] focus-visible:ring-offset-2 disabled:pointer-events-none disabled:opacity-50 [&_svg]:pointer-events-none [&_svg]:size-4 [&_svg]:shrink-0 border border-[hsl(var(--input))] bg-[hsl(var(--background))] 
hover:bg-[hsl(var(--accent))] hover:text-[hsl(var(--accent-foreground))] h-9 rounded-md px-3"[31m
              [33mtype[31m=[32m"button"[31m
            [36m>[31m
              [0mcommon.cancel[0m
            [36m</button>[31m
            [36m<button[31m
              [33mclass[31m=[32m"inline-flex items-center justify-center gap-2 whitespace-nowrap text-sm font-medium ring-offset-[hsl(var(--background))] transition-colors focus-visible:outline-none focus-visible:ring-2 
focus-visible:ring-[hsl(var(--ring))] focus-visible:ring-offset-2 disabled:pointer-events-none disabled:opacity-50 [&_svg]:pointer-events-none [&_svg]:size-4 [&_svg]:shrink-0 bg-[hsl(var(--primary))] text-[hsl(var(--primary-foreground))] 
hover:bg-[hsl(var(--primary))]/90 h-9 rounded-md px-3"[31m
              [33mdisabled[31m=[32m""[31m
              [33mtype[31m=[32m"submit"[31m
            [36m>[31m
              [0mComentar[0m
            [36m</button>[31m
          [36m</div>[31m
        [36m</form>[31m
      [36m</div>[31m
    [36m</div>[31m
  [36m</div>[31m
[36m</body>[31m[39m
[90m [2mÔØ»[22m Object.getElementError node_modules/@testing-library/dom/dist/config.js:[2m37:19[22m[39m
[90m [2mÔØ»[22m node_modules/@testing-library/dom/dist/query-helpers.js:[2m76:38[22m[39m
[90m [2mÔØ»[22m node_modules/@testing-library/dom/dist/query-helpers.js:[2m52:17[22m[39m
[90m [2mÔØ»[22m node_modules/@testing-library/dom/dist/query-helpers.js:[2m95:19[22m[39m
[36m [2mÔØ»[22m app/features/comments/__tests__/CommentThread.test.tsx:[2m224:35[22m[39m
    [90m222| [39m      )[33m;[39m
    [90m223| [39m
    [90m224| [39m      [35mconst[39m cancelButton [33m=[39m screen[33m.[39m[34mgetByText[39m([32m"Cancel"[39m)[33m;[39m
    [90m   | [39m                                  [31m^[39m
    [90m225| [39m      fireEvent[33m.[39m[34mclick[39m(cancelButton)[33m;[39m
    [90m226| [39m

[31m[2mÔÄ»ÔÄ»ÔÄ»ÔÄ»ÔÄ»ÔÄ»ÔÄ»ÔÄ»ÔÄ»ÔÄ»ÔÄ»ÔÄ»ÔÄ»ÔÄ»ÔÄ»ÔÄ»ÔÄ»ÔÄ»ÔÄ»ÔÄ»ÔÄ»[52/275]ÔÄ»[22m[39m

[41m[1m FAIL [22m[49m app/features/comments/__tests__/CommentThread.test.tsx[2m > [22mComments Module[2m > [22mCommentForm[2m > [22mdisables submit button when content is empty
[31m[1mTestingLibraryElementError[22m: Unable to find an element with the text: Comment. This could be because the text is broken up by multiple elements. In this case, you can provide a function for your text matcher to make your matcher 
more flexible.

Ignored nodes: comments, script, style
[36m<body>[31m
  [36m<div>[31m
    [36m<div[31m
      [33mclass[31m=[32m"rounded-lg border bg-[hsl(var(--card))] text-[hsl(var(--card-foreground))] shadow-sm"[31m
    [36m>[31m
      [36m<div[31m
        [33mclass[31m=[32m"p-4"[31m
      [36m>[31m
        [36m<form[31m
          [33mclass[31m=[32m"space-y-3"[31m
        [36m>[31m
          [36m<textarea[31m
            [33mclass[31m=[32m"flex min-h-[80px] w-full rounded-md border border-[hsl(var(--input))] bg-[hsl(var(--background))] px-3 py-2 text-base ring-offset-[hsl(var(--background))] placeholder:text-[hsl(var(--muted-foreground))] 
focus-visible:outline-none focus-visible:ring-2 focus-visible:ring-[hsl(var(--ring))] focus-visible:ring-offset-2 disabled:cursor-not-allowed disabled:opacity-50 md:text-sm resize-none"[31m
            [33mplaceholder[31m=[32m"Escribe un comentario..."[31m
            [33mrows[31m=[32m"3"[31m
          [36m/>[31m
          [36m<div[31m
            [33mclass[31m=[32m"flex justify-end space-x-2"[31m
          [36m>[31m
            [36m<button[31m
              [33mclass[31m=[32m"inline-flex items-center justify-center gap-2 whitespace-nowrap text-sm font-medium ring-offset-[hsl(var(--background))] transition-colors focus-visible:outline-none focus-visible:ring-2 
focus-visible:ring-[hsl(var(--ring))] focus-visible:ring-offset-2 disabled:pointer-events-none disabled:opacity-50 [&_svg]:pointer-events-none [&_svg]:size-4 [&_svg]:shrink-0 border border-[hsl(var(--input))] bg-[hsl(var(--background))] 
hover:bg-[hsl(var(--accent))] hover:text-[hsl(var(--accent-foreground))] h-9 rounded-md px-3"[31m
              [33mtype[31m=[32m"button"[31m
            [36m>[31m
              [0mcommon.cancel[0m
            [36m</button>[31m
            [36m<button[31m
              [33mclass[31m=[32m"inline-flex items-center justify-center gap-2 whitespace-nowrap text-sm font-medium ring-offset-[hsl(var(--background))] transition-colors focus-visible:outline-none focus-visible:ring-2 
focus-visible:ring-[hsl(var(--ring))] focus-visible:ring-offset-2 disabled:pointer-events-none disabled:opacity-50 [&_svg]:pointer-events-none [&_svg]:size-4 [&_svg]:shrink-0 bg-[hsl(var(--primary))] text-[hsl(var(--primary-foreground))] 
hover:bg-[hsl(var(--primary))]/90 h-9 rounded-md px-3"[31m
              [33mdisabled[31m=[32m""[31m
              [33mtype[31m=[32m"submit"[31m
            [36m>[31m
              [0mComentar[0m
            [36m</button>[31m
          [36m</div>[31m
        [36m</form>[31m
      [36m</div>[31m
    [36m</div>[31m
  [36m</div>[31m
  [36m<div>[31m
    [36m<div[31m
      [33mclass[31m=[32m"rounded-lg border bg-[hsl(var(--card))] text-[hsl(var(--card-foreground))] shadow-sm"[31m
    [36m>[31m
      [36m<div[31m
        [33mclass[31m=[32m"p-4"[31m
      [36m>[31m
        [36m<form[31m
          [33mclass[31m=[32m"space-y-3"[31m
        [36m>[31m
          [36m<textarea[31m
            [33mclass[31m=[32m"flex min-h-[80px] w-full rounded-md border border-[hsl(var(--input))] bg-[hsl(var(--background))] px-3 py-2 text-base ring-offset-[hsl(var(--background))] placeholder:text-[hsl(var(--muted-foreground))] 
focus-visible:outline-none focus-visible:ring-2 focus-visible:ring-[hsl(var(--ring))] focus-visible:ring-offset-2 disabled:cursor-not-allowed disabled:opacity-50 md:text-sm resize-none"[31m
            [33mplaceholder[31m=[32m"Escribe un comentario..."[31m
            [33mrows[31m=[32m"3"[31m
          [36m/>[31m
          [36m<div[31m
            [33mclass[31m=[32m"flex justify-end space-x-2"[31m
          [36m>[31m
            [36m<button[31m
              [33mclass[31m=[32m"inline-flex items-center justify-center gap-2 whitespace-nowrap text-sm font-medium ring-offset-[hsl(var(--background))] transition-colors focus-visible:outline-none focus-visible:ring-2 
focus-visible:ring-[hsl(var(--ring))] focus-visible:ring-offset-2 disabled:pointer-events-none disabled:opacity-50 [&_svg]:pointer-events-none [&_svg]:size-4 [&_svg]:shrink-0 bg-[hsl(var(--primary))] text-[hsl(var(--primary-foreground))] 
hover:bg-[hsl(var(--primary))]/90 h-9 rounded-md px-3"[31m
              [33mdisabled[31m=[32m""[31m
              [33mtype[31m=[32m"submit"[31m
            [36m>[31m
              [0mComentar[0m
            [36m</button>[31m
          [36m</div>[31m
        [36m</form>[31m
      [36m</div>[31m
    [36m</div>[31m
  [36m</div>[31m
[36m</body>[31m[39m
[90m [2mÔØ»[22m Object.getElementError node_modules/@testing-library/dom/dist/config.js:[2m37:19[22m[39m
[90m [2mÔØ»[22m node_modules/@testing-library/dom/dist/query-helpers.js:[2m76:38[22m[39m
[90m [2mÔØ»[22m node_modules/@testing-library/dom/dist/query-helpers.js:[2m52:17[22m[39m
[90m [2mÔØ»[22m node_modules/@testing-library/dom/dist/query-helpers.js:[2m95:19[22m[39m
[36m [2mÔØ»[22m app/features/comments/__tests__/CommentThread.test.tsx:[2m239:35[22m[39m
    [90m237| [39m      )[33m;[39m
    [90m238| [39m
    [90m239| [39m      [35mconst[39m submitButton [33m=[39m screen[33m.[39m[34mgetByText[39m([32m"Comment"[39m)[33m;[39m
    [90m   | [39m                                  [31m^[39m
    [90m240| [39m      [34mexpect[39m(submitButton)[33m.[39m[34mtoBeDisabled[39m()[33m;[39m
    [90m241| [39m    })[33m;[39m

[31m[2mÔÄ»ÔÄ»ÔÄ»ÔÄ»ÔÄ»ÔÄ»ÔÄ»ÔÄ»ÔÄ»ÔÄ»ÔÄ»ÔÄ»ÔÄ»ÔÄ»ÔÄ»ÔÄ»ÔÄ»ÔÄ»ÔÄ»ÔÄ»ÔÄ»[53/275]ÔÄ»[22m[39m

[41m[1m FAIL [22m[49m app/features/comments/__tests__/CommentThread.test.tsx[2m > [22mComments Module[2m > [22mCommentForm[2m > [22mshows loading state when submitting
[31m[1mTestingLibraryElementError[22m[39m: Unable to find an element with the text: Saving.... This could be because the text is broken up by multiple elements. In this case, you can provide a function for your text matcher to make your 
matcher more flexible.

Ignored nodes: comments, script, style
[36m<body>[39m
  [36m<div>[39m
    [36m<div[39m
      [33mclass[39m=[32m"rounded-lg border bg-[hsl(var(--card))] text-[hsl(var(--card-foreground))] shadow-sm"[39m
    [36m>[39m
      [36m<div[39m
        [33mclass[39m=[32m"p-4"[39m
      [36m>[39m
        [36m<form[39m
          [33mclass[39m=[32m"space-y-3"[39m
        [36m>[39m
          [36m<textarea[39m
            [33mclass[39m=[32m"flex min-h-[80px] w-full rounded-md border border-[hsl(var(--input))] bg-[hsl(var(--background))] px-3 py-2 text-base ring-offset-[hsl(var(--background))] placeholder:text-[hsl(var(--muted-foreground))] 
focus-visible:outline-none focus-visible:ring-2 focus-visible:ring-[hsl(var(--ring))] focus-visible:ring-offset-2 disabled:cursor-not-allowed disabled:opacity-50 md:text-sm resize-none"[39m
            [33mplaceholder[39m=[32m"Escribe un comentario..."[39m
            [33mrows[39m=[32m"3"[39m
          [36m/>[39m
          [36m<div[39m
            [33mclass[39m=[32m"flex justify-end space-x-2"[39m
          [36m>[39m
            [36m<button[39m
              [33mclass[39m=[32m"inline-flex items-center justify-center gap-2 whitespace-nowrap text-sm font-medium ring-offset-[hsl(var(--background))] transition-colors focus-visible:outline-none focus-visible:ring-2 
focus-visible:ring-[hsl(var(--ring))] focus-visible:ring-offset-2 disabled:pointer-events-none disabled:opacity-50 [&_svg]:pointer-events-none [&_svg]:size-4 [&_svg]:shrink-0 border border-[hsl(var(--input))] bg-[hsl(var(--background))] 
hover:bg-[hsl(var(--accent))] hover:text-[hsl(var(--accent-foreground))] h-9 rounded-md px-3"[39m
              [33mtype[39m=[32m"button"[39m
            [36m>[39m
              [0mcommon.cancel[0m
            [36m</button>[39m
            [36m<button[39m
              [33mclass[39m=[32m"inline-flex items-center justify-center gap-2 whitespace-nowrap text-sm font-medium ring-offset-[hsl(var(--background))] transition-colors focus-visible:outline-none focus-visible:ring-2 
focus-visible:ring-[hsl(var(--ring))] focus-visible:ring-offset-2 disabled:pointer-events-none disabled:opacity-50 [&_svg]:pointer-events-none [&_svg]:size-4 [&_svg]:shrink-0 bg-[hsl(var(--primary))] text-[hsl(var(--primary-foreground))] 
hover:bg-[hsl(var(--primary))]/90 h-9 rounded-md px-3"[39m
              [33mdisabled[39m=[32m""[39m
              [33mtype[39m=[32m"submit"[39m
            [36m>[39m
              [0mComentar[0m
            [36m</button>[39m
          [36m</div>[39m
        [36m</form>[39m
      [36m</div>[39m
    [36m</div>[39m
  [36m</div>[39m
  [36m<div>[39m
    [36m<div[39m
      [33mclass[39m=[32m"rounded-lg border bg-[hsl(var(--card))] text-[hsl(var(--card-foreground))] shadow-sm"[39m
    [36m>[39m
      [36m<div[39m
        [33mclass[39m=[32m"p-4"[39m
      [36m>[39m
        [36m<form[39m
          [33mclass[39m=[32m"space-y-3"[39m
        [36m>[39m
          [36m<textarea[39m
            [33mclass[39m=[32m"flex min-h-[80px] w-full rounded-md border border-[hsl(var(--input))] bg-[hsl(var(--background))] px-3 py-2 text-base ring-offset-[hsl(var(--background))] placeholder:text-[hsl(var(--muted-foreground))] 
focus-visible:outline-none focus-visible:ring-2 focus-visible:ring-[hsl(var(--ring))] focus-visible:ring-offset-2 disabled:cursor-not-allowed disabled:opacity-50 md:text-sm resize-none"[39m
            [33mplaceholder[39m=[32m"Escribe un comentario..."[39m
            [33mrows[39m=[32m"3"[39m
          [36m/>[39m
          [36m<div[39m
            [33mclass[39m=[32m"flex justify-end space-x-2"[39m
          [36m>[39m
            [36m<button[39m
              [33mclass[39m=[32m"inline-flex items-center justify-center gap-2 whitespace-nowrap text-sm font-medium ring-offset-[hsl(var(--background))] transition-colors focus-visible:outline-none focus-visible:ring-2 
focus-visible:ring-[hsl(var(--ring))] focus-visible:ring-offset-2 disabled:pointer-events-none disabled:opacity-50 [&_svg]:pointer-events-none [&_svg]:size-4 [&_svg]:shrink-0 bg-[hsl(var(--primary))] text-[hsl(var(--primary-foreground))] 
hover:bg-[hsl(var(--primary))]/90 h-9 rounded-md px-3"[39m
              [33mdisabled[39m=[32m""[39m
              [33mtype[39m=[32m"submit"[39m
            [36m>[39m
              [0mComentar[0m
            [36m</button>[39m
          [36m</div>[39m
        [36m</form>[39m
      [36m</div>[39m
    [36m</div>[39m
  [36m</div>[39m
  [36m<div>[39m
    [36m<div[39m
      [33mclass[39m=[32m"rounded-lg border bg-[hsl(var(--card))] text-[hsl(var(--card-foreground))] shadow-sm"[39m
    [36m>[39m
      [36m<div[39m
        [33mclass[39m=[32m"p-4"[39m
      [36m>[39m
        [36m<form[39m
          [33mclass[39m=[32m"space-y-3"[39m
        [36m>[39m
          [36m<textarea[39m
            [33mclass[39m=[32m"flex min-h-[80px] w-full rounded-md border border-[hsl(var(--input))] bg-[hsl(var(--background))] px-3 py-2 text-base ring-offset-[hsl(var(--background))] placeholder:text-[hsl(var(--muted-foreground))] 
focus-visible:outline-none focus-visible:ring-2 focus-visible:ring-[hsl(var(--ring))] focus-visible:ring-offset-2 disabled:cursor-not-allowed disabled:opacity-50 md:text-sm resize-none"[39m
            [33mdisabled[39m=[32m""[39m
            [33mplaceholder[39m=[32m"Escribe un comentario..."[39m
            [33mrows[39m=[32m"3"[39m
          [36m/>[39m
          [36m<div[39m
            [33mclass[39m=[32m"flex justify-end space-x-2"[39m
          [36m>[39m
            [36m<button[39m
              [33mclass[39m=[32m"inline-flex items-center justify-center gap-2 whitespace-nowrap text-sm font-medium ring-offset-[hsl(var(--background))] transition-colors focus-visible:outline-none focus-visible:ring-2 
focus-visible:ring-[hsl(var(--ring))] focus-visible:ring-offset-2 disabled:pointer-events-none disabled:opacity-50 [&_svg]:pointer-events-none [&_svg]:size-4 [&_svg]:shrink-0 bg-[hsl(var(--primary))] text-[hsl(var(--primary-foreground))] 
hover:bg-[hsl(var(--primary))]/90 h-9 rounded-md px-3"[39m
              [33mdisabled[39m=[32m""[39m
              [33mtype[39m=[32m"submit"[39m
            [36m>[39m
              [36m<div[39m
                [33mclass[39m=[32m"flex items-center space-x-2"[39m
              [36m>[39m
                [36m<div[39m
                  [33mclass[39m=[32m"animate-spin rounded-full h-4 w-4 border-2 border-primary border-t-transparent"[39m
                [36m/>[39m
                [36m<span>[39m
                  [0mcommon.saving[0m
                [36m</span>[39m
              [36m</div>[39m
            [36m</button>[39m
          [36m</div>[39m
        [36m</form>[39m
      [36m</div>[39m
    [36m</div>[39m
  [36m</div>[39m
[36m</body>[39m
[90m [2mÔØ»[22m Object.getElementError node_modules/@testing-library/dom/dist/config.js:[2m37:19[22m[39m
[90m [2mÔØ»[22m node_modules/@testing-library/dom/dist/query-helpers.js:[2m76:38[22m[39m
[90m [2mÔØ»[22m node_modules/@testing-library/dom/dist/query-helpers.js:[2m52:17[22m[39m
[90m [2mÔØ»[22m node_modules/@testing-library/dom/dist/query-helpers.js:[2m95:19[22m[39m
[36m [2mÔØ»[22m app/features/comments/__tests__/CommentThread.test.tsx:[2m250:21[22m[39m
    [90m248| [39m      )[33m;[39m
    [90m249| [39m
    [90m250| [39m      [34mexpect[39m(screen[33m.[39m[34mgetByText[39m([32m"Saving..."[39m))[33m.[39m[34mtoBeInTheDocument[39m()[33m;[39m
    [90m   | [39m                    [31m^[39m
    [90m251| [39m    })[33m;[39m
    [90m252| [39m  })[33m;[39m

[31m[2mÔÄ»ÔÄ»ÔÄ»ÔÄ»ÔÄ»ÔÄ»ÔÄ»ÔÄ»ÔÄ»ÔÄ»ÔÄ»ÔÄ»ÔÄ»ÔÄ»ÔÄ»ÔÄ»ÔÄ»ÔÄ»ÔÄ»ÔÄ»ÔÄ»[54/275]ÔÄ»[22m[39m

[41m[1m FAIL [22m[49m app/features/import-export/__tests__/ImportExport.test.tsx[2m > [22mImport/Export Module[2m > [22mImport/Export Hooks[2m > [22museImportJobs should fetch import jobs
[41m[1m FAIL [22m[49m app/features/import-export/__tests__/ImportExport.test.tsx[2m > [22mImport/Export Module[2m > [22mImport/Export Hooks[2m > [22museExportJobs should fetch export jobs
[41m[1m FAIL [22m[49m app/features/import-export/__tests__/ImportExport.test.tsx[2m > [22mImport/Export Module[2m > [22mImport/Export Hooks[2m > [22museImportTemplates should fetch import templates
[41m[1m FAIL [22m[49m app/features/import-export/__tests__/ImportExport.test.tsx[2m > [22mImport/Export Module[2m > [22mImport/Export Hooks[2m > [22museImportExportStats should fetch statistics
[41m[1m FAIL [22m[49m app/features/import-export/__tests__/ImportExport.test.tsx[2m > [22mImport/Export Module[2m > [22mImport/Export Hooks[2m > [22museAvailableModules should fetch available modules
[41m[1m FAIL [22m[49m app/features/import-export/__tests__/ImportExport.test.tsx[2m > [22mImport/Export Module[2m > [22mImport/Export Hooks[2m > [22museCreateImportJob should create import job
[41m[1m FAIL [22m[49m app/features/import-export/__tests__/ImportExport.test.tsx[2m > [22mImport/Export Module[2m > [22mImport/Export Hooks[2m > [22museCreateExportJob should create export job
[41m[1m FAIL [22m[49m app/features/import-export/__tests__/ImportExport.test.tsx[2m > [22mImport/Export Module[2m > [22mData Structure[2m > [22mhas required ImportJob fields
[41m[1m FAIL [22m[49m app/features/import-export/__tests__/ImportExport.test.tsx[2m > [22mImport/Export Module[2m > [22mData Structure[2m > [22mhas required ExportJob fields
[41m[1m FAIL [22m[49m app/features/import-export/__tests__/ImportExport.test.tsx[2m > [22mImport/Export Module[2m > [22mData Structure[2m > [22mhas required ImportTemplate fields
[41m[1m FAIL [22m[49m app/features/import-export/__tests__/ImportExport.test.tsx[2m > [22mImport/Export Module[2m > [22mData Structure[2m > [22mhas required ImportExportStats fields
[41m[1m FAIL [22m[49m app/features/import-export/__tests__/ImportExport.test.tsx[2m > [22mImport/Export Module[2m > [22mData Structure[2m > [22mhas correct result summary structure
[41m[1m FAIL [22m[49m app/features/import-export/__tests__/ImportExport.test.tsx[2m > [22mImport/Export Module[2m > [22mData Structure[2m > [22mhas correct field mapping structure
[41m[1m FAIL [22m[49m app/features/import-export/__tests__/ImportExport.test.tsx[2m > [22mImport/Export Module[2m > [22mData Structure[2m > [22mhas correct most used modules structure
[41m[1m FAIL [22m[49m app/features/import-export/__tests__/ImportExport.test.tsx[2m > [22mImport/Export Module[2m > [22mStatus and Progress[2m > [22mhas valid import job status
[41m[1m FAIL [22m[49m app/features/import-export/__tests__/ImportExport.test.tsx[2m > [22mImport/Export Module[2m > [22mStatus and Progress[2m > [22mhas valid export job status
[41m[1m FAIL [22m[49m app/features/import-export/__tests__/ImportExport.test.tsx[2m > [22mImport/Export Module[2m > [22mStatus and Progress[2m > [22mhas valid progress values
[41m[1m FAIL [22m[49m app/features/import-export/__tests__/ImportExport.test.tsx[2m > [22mImport/Export Module[2m > [22mStatus and Progress[2m > [22mhas valid row counts
[31m[1mError[22m: Cannot find module '~/lib/api/client'
Require stack:
- D:\Documents\Mis_proyectos\Proyectos_Actuales\aiutox_erp_core\frontend\app\features\import-export\__tests__\ImportExport.test.tsx[39m
[36m [2mÔØ»[22m app/features/import-export/__tests__/ImportExport.test.tsx:[2m232:36[22m[39m
    [90m230| [39m
    [90m231| [39m    [90m// Default mock for apiClient.get[39m
    [90m232| [39m    [35mconst[39m { [35mdefault[39m[33m:[39m apiClient } [33m=[39m [34mrequire[39m([32m"~/lib/api/client"[39m)[33m;[39m
    [90m   | [39m                                   [31m^[39m
    [90m233| [39m    (apiClient[33m.[39m[35mget[39m [35mas[39m any)[33m.[39m[34mmockResolvedValue[39m({
    [90m234| [39m      data[33m:[39m {

[31m[2mÔÄ»ÔÄ»ÔÄ»ÔÄ»ÔÄ»ÔÄ»ÔÄ»ÔÄ»ÔÄ»ÔÄ»ÔÄ»ÔÄ»ÔÄ»ÔÄ»ÔÄ»ÔÄ»ÔÄ»ÔÄ»ÔÄ»ÔÄ»ÔÄ»[55/275]ÔÄ»[22m[39m

[41m[1m FAIL [22m[49m app/features/integrations/__tests__/Integrations.test.tsx[2m > [22mIntegrations Module[2m > [22mIntegrations Hooks[2m > [22museIntegrations should fetch integrations
[41m[1m FAIL [22m[49m app/features/integrations/__tests__/Integrations.test.tsx[2m > [22mIntegrations Module[2m > [22mIntegrations Hooks[2m > [22museIntegration should fetch single integration
[41m[1m FAIL [22m[49m app/features/integrations/__tests__/Integrations.test.tsx[2m > [22mIntegrations Module[2m > [22mIntegrations Hooks[2m > [22museIntegrationStats should fetch statistics
[41m[1m FAIL [22m[49m app/features/integrations/__tests__/Integrations.test.tsx[2m > [22mIntegrations Module[2m > [22mIntegrations Hooks[2m > [22museAvailableIntegrationTypes should fetch available types
[41m[1m FAIL [22m[49m app/features/integrations/__tests__/Integrations.test.tsx[2m > [22mIntegrations Module[2m > [22mIntegrations Hooks[2m > [22museCreateIntegration should create integration
[41m[1m FAIL [22m[49m app/features/integrations/__tests__/Integrations.test.tsx[2m > [22mIntegrations Module[2m > [22mIntegrations Hooks[2m > [22museActivateIntegration should activate integration
[41m[1m FAIL [22m[49m app/features/integrations/__tests__/Integrations.test.tsx[2m > [22mIntegrations Module[2m > [22mIntegrations Hooks[2m > [22museTestIntegration should test integration
[41m[1m FAIL [22m[49m app/features/integrations/__tests__/Integrations.test.tsx[2m > [22mIntegrations Module[2m > [22mIntegrations Hooks[2m > [22museIntegrationWebhooks should fetch webhooks
[41m[1m FAIL [22m[49m app/features/integrations/__tests__/Integrations.test.tsx[2m > [22mIntegrations Module[2m > [22mIntegrations Hooks[2m > [22museIntegrationLogs should fetch logs
[41m[1m FAIL [22m[49m app/features/integrations/__tests__/Integrations.test.tsx[2m > [22mIntegrations Module[2m > [22mIntegrations Hooks[2m > [22museIntegrationEvents should fetch events
[41m[1m FAIL [22m[49m app/features/integrations/__tests__/Integrations.test.tsx[2m > [22mIntegrations Module[2m > [22mIntegrations Hooks[2m > [22museIntegrationHealth should fetch health status
[41m[1m FAIL [22m[49m app/features/integrations/__tests__/Integrations.test.tsx[2m > [22mIntegrations Module[2m > [22mIntegrations Hooks[2m > [22museIntegrationCredentials should fetch credentials
[41m[1m FAIL [22m[49m app/features/integrations/__tests__/Integrations.test.tsx[2m > [22mIntegrations Module[2m > [22mIntegrations Hooks[2m > [22museIntegrationConfig should fetch configuration
[41m[1m FAIL [22m[49m app/features/integrations/__tests__/Integrations.test.tsx[2m > [22mIntegrations Module[2m > [22mData Structure[2m > [22mhas required Integration fields
[41m[1m FAIL [22m[49m app/features/integrations/__tests__/Integrations.test.tsx[2m > [22mIntegrations Module[2m > [22mData Structure[2m > [22mhas valid integration status
[41m[1m FAIL [22m[49m app/features/integrations/__tests__/Integrations.test.tsx[2m > [22mIntegrations Module[2m > [22mData Structure[2m > [22mhas required IntegrationStats fields
[41m[1m FAIL [22m[49m app/features/integrations/__tests__/Integrations.test.tsx[2m > [22mIntegrations Module[2m > [22mData Structure[2m > [22mhas correct most used types structure
[41m[1m FAIL [22m[49m app/features/integrations/__tests__/Integrations.test.tsx[2m > [22mIntegrations Module[2m > [22mData Structure[2m > [22mhas correct recent activity structure
[41m[1m FAIL [22m[49m app/features/integrations/__tests__/Integrations.test.tsx[2m > [22mIntegrations Module[2m > [22mData Structure[2m > [22mhas required IntegrationWebhook fields
[41m[1m FAIL [22m[49m app/features/integrations/__tests__/Integrations.test.tsx[2m > [22mIntegrations Module[2m > [22mData Structure[2m > [22mhas required IntegrationLog fields
[41m[1m FAIL [22m[49m app/features/integrations/__tests__/Integrations.test.tsx[2m > [22mIntegrations Module[2m > [22mData Structure[2m > [22mhas valid log level
[41m[1m FAIL [22m[49m app/features/integrations/__tests__/Integrations.test.tsx[2m > [22mIntegrations Module[2m > [22mData Structure[2m > [22mhas required IntegrationEvent fields
[41m[1m FAIL [22m[49m app/features/integrations/__tests__/Integrations.test.tsx[2m > [22mIntegrations Module[2m > [22mData Structure[2m > [22mhas required IntegrationHealth fields
[41m[1m FAIL [22m[49m app/features/integrations/__tests__/Integrations.test.tsx[2m > [22mIntegrations Module[2m > [22mData Structure[2m > [22mhas valid health status
[41m[1m FAIL [22m[49m app/features/integrations/__tests__/Integrations.test.tsx[2m > [22mIntegrations Module[2m > [22mData Structure[2m > [22mhas required IntegrationCredentials fields
[41m[1m FAIL [22m[49m app/features/integrations/__tests__/Integrations.test.tsx[2m > [22mIntegrations Module[2m > [22mData Structure[2m > [22mhas valid credential type
[41m[1m FAIL [22m[49m app/features/integrations/__tests__/Integrations.test.tsx[2m > [22mIntegrations Module[2m > [22mData Structure[2m > [22mhas required IntegrationConfig fields
[41m[1m FAIL [22m[49m app/features/integrations/__tests__/Integrations.test.tsx[2m > [22mIntegrations Module[2m > [22mData Structure[2m > [22mhas valid config type
[31m[1mError[22m: Cannot find module '~/lib/api/client'
Require stack:
- D:\Documents\Mis_proyectos\Proyectos_Actuales\aiutox_erp_core\frontend\app\features\integrations\__tests__\Integrations.test.tsx[39m
[36m [2mÔØ»[22m app/features/integrations/__tests__/Integrations.test.tsx:[2m216:36[22m[39m
    [90m214| [39m
    [90m215| [39m    [90m// Default mock for apiClient.get[39m
    [90m216| [39m    [35mconst[39m { [35mdefault[39m[33m:[39m apiClient } [33m=[39m [34mrequire[39m([32m"~/lib/api/client"[39m)[33m;[39m
    [90m   | [39m                                   [31m^[39m
    [90m217| [39m    (apiClient[33m.[39m[35mget[39m [35mas[39m any)[33m.[39m[34mmockResolvedValue[39m({
    [90m218| [39m      data[33m:[39m {

[31m[2mÔÄ»ÔÄ»ÔÄ»ÔÄ»ÔÄ»ÔÄ»ÔÄ»ÔÄ»ÔÄ»ÔÄ»ÔÄ»ÔÄ»ÔÄ»ÔÄ»ÔÄ»ÔÄ»ÔÄ»ÔÄ»ÔÄ»ÔÄ»ÔÄ»[56/275]ÔÄ»[22m[39m

[41m[1m FAIL [22m[49m app/features/products/__tests__/ProductList.test.tsx[2m > [22mProducts Module[2m > [22mProductsPage[2m > [22mrenders products page with title and description
[41m[1m FAIL [22m[49m app/features/products/__tests__/ProductList.test.tsx[2m > [22mProducts Module[2m > [22mProductsPage[2m > [22mrenders tabs for different views
[41m[1m FAIL [22m[49m app/features/products/__tests__/ProductList.test.tsx[2m > [22mProducts Module[2m > [22mProductsPage[2m > [22mshows create button in list tab
[41m[1m FAIL [22m[49m app/features/products/__tests__/ProductList.test.tsx[2m > [22mProducts Module[2m > [22mProductsPage[2m > [22mopens create dialog when create button is clicked
[41m[1m FAIL [22m[49m app/features/products/__tests__/ProductList.test.tsx[2m > [22mProducts Module[2m > [22mProductsPage[2m > [22mshows loading state initially
[41m[1m FAIL [22m[49m app/features/products/__tests__/ProductList.test.tsx[2m > [22mProducts Module[2m > [22mProductsPage[2m > [22mshows error state when API fails
[41m[1m FAIL [22m[49m app/features/products/__tests__/ProductList.test.tsx[2m > [22mProducts Module[2m > [22mProductList component[2m > [22mrenders product list with actions
[41m[1m FAIL [22m[49m app/features/products/__tests__/ProductList.test.tsx[2m > [22mProducts Module[2m > [22mProductList component[2m > [22mcalls edit when edit button is clicked
[41m[1m FAIL [22m[49m app/features/products/__tests__/ProductList.test.tsx[2m > [22mProducts Module[2m > [22mProductList component[2m > [22mcalls view when view button is clicked
[41m[1m FAIL [22m[49m app/features/products/__tests__/ProductList.test.tsx[2m > [22mProducts Module[2m > [22mProductList component[2m > [22mcalls delete when delete button is clicked
[41m[1m FAIL [22m[49m app/features/products/__tests__/ProductList.test.tsx[2m > [22mProducts Module[2m > [22mProductList component[2m > [22mshows empty state when no products
[41m[1m FAIL [22m[49m app/features/products/__tests__/ProductList.test.tsx[2m > [22mProducts Module[2m > [22mProductForm component[2m > [22mrenders form fields for creating product
[41m[1m FAIL [22m[49m app/features/products/__tests__/ProductList.test.tsx[2m > [22mProducts Module[2m > [22mProductForm component[2m > [22mrenders form fields for editing product
[41m[1m FAIL [22m[49m app/features/products/__tests__/ProductList.test.tsx[2m > [22mProducts Module[2m > [22mProductForm component[2m > [22mcalculates margin and profit correctly
[41m[1m FAIL [22m[49m app/features/products/__tests__/ProductList.test.tsx[2m > [22mProducts Module[2m > [22mProductDetail component[2m > [22mrenders product details when product is selected
[41m[1m FAIL [22m[49m app/features/products/__tests__/ProductList.test.tsx[2m > [22mProducts Module[2m > [22mProductDetail component[2m > [22mshows error state when product not found
[41m[1m FAIL [22m[49m app/features/products/__tests__/ProductList.test.tsx[2m > [22mProducts Module[2m > [22mProductVariants component[2m > [22mrenders variants list when product has variants
[41m[1m FAIL [22m[49m app/features/products/__tests__/ProductList.test.tsx[2m > [22mProducts Module[2m > [22mProductVariants component[2m > [22mshows empty state when product has no variants
[41m[1m FAIL [22m[49m app/features/products/__tests__/ProductList.test.tsx[2m > [22mProducts Module[2m > [22mProductBarcodes component[2m > [22mrenders barcodes list when product has barcodes
[41m[1m FAIL [22m[49m app/features/products/__tests__/ProductList.test.tsx[2m > [22mProducts Module[2m > [22mProductBarcodes component[2m > [22mshows empty state when product has no barcodes
[41m[1m FAIL [22m[49m app/features/products/__tests__/ProductList.test.tsx[2m > [22mProducts Module[2m > [22mData Structure[2m > [22mhas required product fields
[41m[1m FAIL [22m[49m app/features/products/__tests__/ProductList.test.tsx[2m > [22mProducts Module[2m > [22mData Structure[2m > [22mhas optional product fields
[41m[1m FAIL [22m[49m app/features/products/__tests__/ProductList.test.tsx[2m > [22mProducts Module[2m > [22mData Structure[2m > [22mhas correct category structure
[41m[1m FAIL [22m[49m app/features/products/__tests__/ProductList.test.tsx[2m > [22mProducts Module[2m > [22mData Structure[2m > [22mhas correct dimensions structure
[31m[1mError[22m: Cannot find module '~/lib/api/client'
Require stack:
- D:\Documents\Mis_proyectos\Proyectos_Actuales\aiutox_erp_core\frontend\app\features\products\__tests__\ProductList.test.tsx[39m
[36m [2mÔØ»[22m app/features/products/__tests__/ProductList.test.tsx:[2m230:36[22m[39m
    [90m228| [39m
    [90m229| [39m    [90m// Default mock for apiClient.get[39m
    [90m230| [39m    [35mconst[39m { [35mdefault[39m[33m:[39m apiClient } [33m=[39m [34mrequire[39m([32m"~/lib/api/client"[39m)[33m;[39m
    [90m   | [39m                                   [31m^[39m
    [90m231| [39m    (apiClient[33m.[39m[35mget[39m [35mas[39m any)[33m.[39m[34mmockResolvedValue[39m({
    [90m232| [39m      data[33m:[39m {

[31m[2mÔÄ»ÔÄ»ÔÄ»ÔÄ»ÔÄ»ÔÄ»ÔÄ»ÔÄ»ÔÄ»ÔÄ»ÔÄ»ÔÄ»ÔÄ»ÔÄ»ÔÄ»ÔÄ»ÔÄ»ÔÄ»ÔÄ»ÔÄ»ÔÄ»[57/275]ÔÄ»[22m[39m

[41m[1m FAIL [22m[49m app/features/notifications/__tests__/Notifications.test.tsx[2m > [22mNotifications Module[2m > [22mNotifications Hooks[2m > [22museNotificationTemplates should fetch templates
[41m[1m FAIL [22m[49m app/features/notifications/__tests__/Notifications.test.tsx[2m > [22mNotifications Module[2m > [22mNotifications Hooks[2m > [22museNotificationTemplate should fetch single template
[41m[1m FAIL [22m[49m app/features/notifications/__tests__/Notifications.test.tsx[2m > [22mNotifications Module[2m > [22mNotifications Hooks[2m > [22museNotificationQueue should fetch queue entries
[41m[1m FAIL [22m[49m app/features/notifications/__tests__/Notifications.test.tsx[2m > [22mNotifications Module[2m > [22mNotifications Hooks[2m > [22museNotificationChannels should fetch channels configuration
[41m[1m FAIL [22m[49m app/features/notifications/__tests__/Notifications.test.tsx[2m > [22mNotifications Module[2m > [22mNotifications Hooks[2m > [22museNotificationStats should fetch statistics
[41m[1m FAIL [22m[49m app/features/notifications/__tests__/Notifications.test.tsx[2m > [22mNotifications Module[2m > [22mNotifications Hooks[2m > [22museNotificationEventTypes should fetch event types
[41m[1m FAIL [22m[49m app/features/notifications/__tests__/Notifications.test.tsx[2m > [22mNotifications Module[2m > [22mNotifications Hooks[2m > [22museCreateNotificationTemplate should create template
[41m[1m FAIL [22m[49m app/features/notifications/__tests__/Notifications.test.tsx[2m > [22mNotifications Module[2m > [22mNotifications Hooks[2m > [22museSendNotification should send notification
[41m[1m FAIL [22m[49m app/features/notifications/__tests__/Notifications.test.tsx[2m > [22mNotifications Module[2m > [22mNotifications Hooks[2m > [22museTestSMTPConnection should test SMTP connection
[41m[1m FAIL [22m[49m app/features/notifications/__tests__/Notifications.test.tsx[2m > [22mNotifications Module[2m > [22mNotifications Hooks[2m > [22museTestWebhookConnection should test webhook connection
[41m[1m FAIL [22m[49m app/features/notifications/__tests__/Notifications.test.tsx[2m > [22mNotifications Module[2m > [22mData Structure[2m > [22mhas required NotificationTemplate fields
[41m[1m FAIL [22m[49m app/features/notifications/__tests__/Notifications.test.tsx[2m > [22mNotifications Module[2m > [22mData Structure[2m > [22mhas valid notification status
[41m[1m FAIL [22m[49m app/features/notifications/__tests__/Notifications.test.tsx[2m > [22mNotifications Module[2m > [22mData Structure[2m > [22mhas valid notification channel
[41m[1m FAIL [22m[49m app/features/notifications/__tests__/Notifications.test.tsx[2m > [22mNotifications Module[2m > [22mData Structure[2m > [22mhas required NotificationQueue fields
[41m[1m FAIL [22m[49m app/features/notifications/__tests__/Notifications.test.tsx[2m > [22mNotifications Module[2m > [22mData Structure[2m > [22mhas required NotificationChannels fields
[41m[1m FAIL [22m[49m app/features/notifications/__tests__/Notifications.test.tsx[2m > [22mNotifications Module[2m > [22mData Structure[2m > [22mhas required SMTP config fields
[41m[1m FAIL [22m[49m app/features/notifications/__tests__/Notifications.test.tsx[2m > [22mNotifications Module[2m > [22mData Structure[2m > [22mhas required SMS config fields
[41m[1m FAIL [22m[49m app/features/notifications/__tests__/Notifications.test.tsx[2m > [22mNotifications Module[2m > [22mData Structure[2m > [22mhas required Webhook config fields
[41m[1m FAIL [22m[49m app/features/notifications/__tests__/Notifications.test.tsx[2m > [22mNotifications Module[2m > [22mData Structure[2m > [22mhas required NotificationStats fields
[41m[1m FAIL [22m[49m app/features/notifications/__tests__/Notifications.test.tsx[2m > [22mNotifications Module[2m > [22mData Structure[2m > [22mhas correct most used channels structure
[41m[1m FAIL [22m[49m app/features/notifications/__tests__/Notifications.test.tsx[2m > [22mNotifications Module[2m > [22mData Structure[2m > [22mhas correct most used events structure
[41m[1m FAIL [22m[49m app/features/notifications/__tests__/Notifications.test.tsx[2m > [22mNotifications Module[2m > [22mData Structure[2m > [22mhas correct recent activity structure
[41m[1m FAIL [22m[49m app/features/notifications/__tests__/Notifications.test.tsx[2m > [22mNotifications Module[2m > [22mData Structure[2m > [22mhas required NotificationPreferences fields
[41m[1m FAIL [22m[49m app/features/notifications/__tests__/Notifications.test.tsx[2m > [22mNotifications Module[2m > [22mData Structure[2m > [22mhas valid preference channels
[41m[1m FAIL [22m[49m app/features/notifications/__tests__/Notifications.test.tsx[2m > [22mNotifications Module[2m > [22mData Structure[2m > [22mhas required NotificationDeliveryReport fields
[41m[1m FAIL [22m[49m app/features/notifications/__tests__/Notifications.test.tsx[2m > [22mNotifications Module[2m > [22mData Structure[2m > [22mhas valid delivery status
[41m[1m FAIL [22m[49m app/features/notifications/__tests__/Notifications.test.tsx[2m > [22mNotifications Module[2m > [22mData Structure[2m > [22mhas required NotificationSubscription fields
[41m[1m FAIL [22m[49m app/features/notifications/__tests__/Notifications.test.tsx[2m > [22mNotifications Module[2m > [22mData Structure[2m > [22mhas required NotificationEventType fields
[41m[1m FAIL [22m[49m app/features/notifications/__tests__/Notifications.test.tsx[2m > [22mNotifications Module[2m > [22mData Structure[2m > [22mhas correct required data structure
[31m[1mError[22m: Cannot find module '~/lib/api/client'
Require stack:
- D:\Documents\Mis_proyectos\Proyectos_Actuales\aiutox_erp_core\frontend\app\features\notifications\__tests__\Notifications.test.tsx[39m
[36m [2mÔØ»[22m app/features/notifications/__tests__/Notifications.test.tsx:[2m266:36[22m[39m
    [90m264| [39m
    [90m265| [39m    [90m// Default mock for apiClient.get[39m
    [90m266| [39m    [35mconst[39m { [35mdefault[39m[33m:[39m apiClient } [33m=[39m [34mrequire[39m([32m"~/lib/api/client"[39m)[33m;[39m
    [90m   | [39m                                   [31m^[39m
    [90m267| [39m    (apiClient[33m.[39m[35mget[39m [35mas[39m any)[33m.[39m[34mmockResolvedValue[39m({
    [90m268| [39m      data[33m:[39m {

[31m[2mÔÄ»ÔÄ»ÔÄ»ÔÄ»ÔÄ»ÔÄ»ÔÄ»ÔÄ»ÔÄ»ÔÄ»ÔÄ»ÔÄ»ÔÄ»ÔÄ»ÔÄ»ÔÄ»ÔÄ»ÔÄ»ÔÄ»ÔÄ»ÔÄ»[58/275]ÔÄ»[22m[39m

[41m[1m FAIL [22m[49m app/features/reporting/__tests__/ReportList.test.tsx[2m > [22mReporting Module[2m > [22mReportList[2m > [22mrenders report list with actions
[41m[1m FAIL [22m[49m app/features/reporting/__tests__/ReportList.test.tsx[2m > [22mReporting Module[2m > [22mReportList[2m > [22mcalls onEdit when edit button is clicked
[41m[1m FAIL [22m[49m app/features/reporting/__tests__/ReportList.test.tsx[2m > [22mReporting Module[2m > [22mReportList[2m > [22mcalls onDelete when delete button is clicked
[41m[1m FAIL [22m[49m app/features/reporting/__tests__/ReportList.test.tsx[2m > [22mReporting Module[2m > [22mReportList[2m > [22mcalls onExecute when execute button is clicked
[41m[1m FAIL [22m[49m app/features/reporting/__tests__/ReportList.test.tsx[2m > [22mReporting Module[2m > [22mReportList[2m > [22mcalls onSearch when search is performed
[41m[1m FAIL [22m[49m app/features/reporting/__tests__/ReportList.test.tsx[2m > [22mReporting Module[2m > [22mReportList[2m > [22mshows empty state
[31m[1mError[22m: A <Select.Item /> must have a value prop that is not an empty string. This is because the Select value can be set to an empty string to clear the selection and show the placeholder.[39m
[90m [2mÔØ»[22m SelectItem node_modules/@radix-ui/react-select/dist/index.mjs:[2m824:13[22m[39m
[90m [2mÔØ»[22m Object.react_stack_bottom_frame node_modules/react-dom/cjs/react-dom-client.development.js:[2m25904:20[22m[39m
[90m [2mÔØ»[22m renderWithHooks node_modules/react-dom/cjs/react-dom-client.development.js:[2m7662:22[22m[39m
[90m [2mÔØ»[22m updateForwardRef node_modules/react-dom/cjs/react-dom-client.development.js:[2m9724:19[22m[39m
[90m [2mÔØ»[22m beginWork node_modules/react-dom/cjs/react-dom-client.development.js:[2m12117:18[22m[39m
[90m [2mÔØ»[22m runWithFiberInDEV node_modules/react-dom/cjs/react-dom-client.development.js:[2m874:13[22m[39m
[90m [2mÔØ»[22m performUnitOfWork node_modules/react-dom/cjs/react-dom-client.development.js:[2m17641:22[22m[39m
[90m [2mÔØ»[22m workLoopSync node_modules/react-dom/cjs/react-dom-client.development.js:[2m17469:41[22m[39m
[90m [2mÔØ»[22m renderRootSync node_modules/react-dom/cjs/react-dom-client.development.js:[2m17450:11[22m[39m
[90m [2mÔØ»[22m performWorkOnRoot node_modules/react-dom/cjs/react-dom-client.development.js:[2m16583:35[22m[39m

[31m[2mÔÄ»ÔÄ»ÔÄ»ÔÄ»ÔÄ»ÔÄ»ÔÄ»ÔÄ»ÔÄ»ÔÄ»ÔÄ»ÔÄ»ÔÄ»ÔÄ»ÔÄ»ÔÄ»ÔÄ»ÔÄ»ÔÄ»ÔÄ»ÔÄ»[59/275]ÔÄ»[22m[39m

[41m[1m FAIL [22m[49m app/features/reporting/__tests__/ReportList.test.tsx[2m > [22mReporting Module[2m > [22mReportList[2m > [22mshows loading state
[31m[1mTestingLibraryElementError[22m: Unable to find an element with the text: Loading reports.... This could be because the text is broken up by multiple elements. In this case, you can provide a function for your text matcher to make 
your matcher more flexible.

Ignored nodes: comments, script, style
[36m<body>[31m
  [36m<div>[31m
    [36m<div[31m
      [33mclass[31m=[32m"rounded-lg border bg-[hsl(var(--card))] text-[hsl(var(--card-foreground))] shadow-sm"[31m
    [36m>[31m
      [36m<div[31m
        [33mclass[31m=[32m"p-8"[31m
      [36m>[31m
        [36m<div[31m
          [33mclass[31m=[32m"flex items-center space-x-2"[31m
        [36m>[31m
          [36m<div[31m
            [33mclass[31m=[32m"animate-spin rounded-full h-4 w-4 border-2 border-primary"[31m
          [36m/>[31m
          [36m<span>[31m
            [0mreporting.loading[0m
          [36m</span>[31m
        [36m</div>[31m
      [36m</div>[31m
    [36m</div>[31m
  [36m</div>[31m
[36m</body>[31m[39m
[90m [2mÔØ»[22m Object.getElementError node_modules/@testing-library/dom/dist/config.js:[2m37:19[22m[39m
[90m [2mÔØ»[22m node_modules/@testing-library/dom/dist/query-helpers.js:[2m76:38[22m[39m
[90m [2mÔØ»[22m node_modules/@testing-library/dom/dist/query-helpers.js:[2m52:17[22m[39m
[90m [2mÔØ»[22m node_modules/@testing-library/dom/dist/query-helpers.js:[2m95:19[22m[39m
[36m [2mÔØ»[22m app/features/reporting/__tests__/ReportList.test.tsx:[2m232:21[22m[39m
    [90m230| [39m      )[33m;[39m
    [90m231| [39m
    [90m232| [39m      expect(screen.getByText("Loading reports...")).toBeInTheDocumentÔÇª
    [90m   | [39m                    [31m^[39m
    [90m233| [39m    })[33m;[39m
    [90m234| [39m

[31m[2mÔÄ»ÔÄ»ÔÄ»ÔÄ»ÔÄ»ÔÄ»ÔÄ»ÔÄ»ÔÄ»ÔÄ»ÔÄ»ÔÄ»ÔÄ»ÔÄ»ÔÄ»ÔÄ»ÔÄ»ÔÄ»ÔÄ»ÔÄ»ÔÄ»[60/275]ÔÄ»[22m[39m

[41m[1m FAIL [22m[49m app/features/reporting/__tests__/ReportList.test.tsx[2m > [22mReporting Module[2m > [22mReportBuilder[2m > [22mrenders builder form with all fields
[41m[1m FAIL [22m[49m app/features/reporting/__tests__/ReportList.test.tsx[2m > [22mReporting Module[2m > [22mReportBuilder[2m > [22mcalls onSubmit when form is submitted
[41m[1m FAIL [22m[49m app/features/reporting/__tests__/ReportList.test.tsx[2m > [22mReporting Module[2m > [22mReportBuilder[2m > [22mcalls onCancel when cancel button is clicked
[41m[1m FAIL [22m[49m app/features/reporting/__tests__/ReportList.test.tsx[2m > [22mReporting Module[2m > [22mReportBuilder[2m > [22madds visualizations when add button is clicked
[41m[1m FAIL [22m[49m app/features/reporting/__tests__/ReportList.test.tsx[2m > [22mReporting Module[2m > [22mReportBuilder[2m > [22madds parameters when add button is clicked
[31m[1mTypeError[22m: client.defaultQueryOptions is not a function[39m
[90m [2mÔØ»[22m useBaseQuery node_modules/@tanstack/react-query/build/modern/useBaseQuery.js:[2m31:35[22m[39m
[90m [2mÔØ»[22m useQuery node_modules/@tanstack/react-query/build/modern/useQuery.js:[2m7:10[22m[39m
[36m [2mÔØ»[22m useTranslation app/lib/i18n/useTranslation.ts:[2m72:35[22m[39m
    [90m 70| [39m
    [90m 71| [39m  [90m// Fetch general config to get language preference from backend[39m
    [90m 72| [39m  [35mconst[39m { data[33m:[39m generalConfig } [33m=[39m [34museQuery[39m({
    [90m   | [39m                                  [31m^[39m
    [90m 73| [39m    queryKey[33m:[39m [[32m"config"[39m[33m,[39m [32m"general"[39m][33m,[39m
    [90m 74| [39m    queryFn[33m:[39m [35masync[39m () [33m=>[39m {
[90m [2mÔØ»[22m ReportBuilder app/features/reporting/components/ReportBuilder.tsx:[2m46:17[22m[39m
[90m [2mÔØ»[22m Object.react_stack_bottom_frame node_modules/react-dom/cjs/react-dom-client.development.js:[2m25904:20[22m[39m
[90m [2mÔØ»[22m renderWithHooks node_modules/react-dom/cjs/react-dom-client.development.js:[2m7662:22[22m[39m
[90m [2mÔØ»[22m updateFunctionComponent node_modules/react-dom/cjs/react-dom-client.development.js:[2m10166:19[22m[39m
[90m [2mÔØ»[22m beginWork node_modules/react-dom/cjs/react-dom-client.development.js:[2m11778:18[22m[39m
[90m [2mÔØ»[22m runWithFiberInDEV node_modules/react-dom/cjs/react-dom-client.development.js:[2m874:13[22m[39m
[90m [2mÔØ»[22m performUnitOfWork node_modules/react-dom/cjs/react-dom-client.development.js:[2m17641:22[22m[39m

[31m[2mÔÄ»ÔÄ»ÔÄ»ÔÄ»ÔÄ»ÔÄ»ÔÄ»ÔÄ»ÔÄ»ÔÄ»ÔÄ»ÔÄ»ÔÄ»ÔÄ»ÔÄ»ÔÄ»ÔÄ»ÔÄ»ÔÄ»ÔÄ»ÔÄ»[61/275]ÔÄ»[22m[39m

[41m[1m FAIL [22m[49m app/features/reporting/__tests__/ReportList.test.tsx[2m > [22mReporting Module[2m > [22mReportViewer[2m > [22mrenders viewer with report information
[41m[1m FAIL [22m[49m app/features/reporting/__tests__/ReportList.test.tsx[2m > [22mReporting Module[2m > [22mReportViewer[2m > [22mshows execution status when execution is provided
[41m[1m FAIL [22m[49m app/features/reporting/__tests__/ReportList.test.tsx[2m > [22mReporting Module[2m > [22mReportViewer[2m > [22mcalls onExecute when execute button is clicked
[41m[1m FAIL [22m[49m app/features/reporting/__tests__/ReportList.test.tsx[2m > [22mReporting Module[2m > [22mReportViewer[2m > [22mcalls onExport when export button is clicked
[41m[1m FAIL [22m[49m app/features/reporting/__tests__/ReportList.test.tsx[2m > [22mReporting Module[2m > [22mReportViewer[2m > [22mrenders parameters when report has parameters
[41m[1m FAIL [22m[49m app/features/reporting/__tests__/ReportList.test.tsx[2m > [22mReporting Module[2m > [22mReportViewer[2m > [22mshows no results message when no execution
[31m[1mTypeError[22m: client.defaultQueryOptions is not a function[39m
[90m [2mÔØ»[22m useBaseQuery node_modules/@tanstack/react-query/build/modern/useBaseQuery.js:[2m31:35[22m[39m
[90m [2mÔØ»[22m useQuery node_modules/@tanstack/react-query/build/modern/useQuery.js:[2m7:10[22m[39m
[36m [2mÔØ»[22m useTranslation app/lib/i18n/useTranslation.ts:[2m72:35[22m[39m
    [90m 70| [39m
    [90m 71| [39m  [90m// Fetch general config to get language preference from backend[39m
    [90m 72| [39m  [35mconst[39m { data[33m:[39m generalConfig } [33m=[39m [34museQuery[39m({
    [90m   | [39m                                  [31m^[39m
    [90m 73| [39m    queryKey[33m:[39m [[32m"config"[39m[33m,[39m [32m"general"[39m][33m,[39m
    [90m 74| [39m    queryFn[33m:[39m [35masync[39m () [33m=>[39m {
[90m [2mÔØ»[22m ReportViewer app/features/reporting/components/ReportViewer.tsx:[2m53:17[22m[39m
[90m [2mÔØ»[22m Object.react_stack_bottom_frame node_modules/react-dom/cjs/react-dom-client.development.js:[2m25904:20[22m[39m
[90m [2mÔØ»[22m renderWithHooks node_modules/react-dom/cjs/react-dom-client.development.js:[2m7662:22[22m[39m
[90m [2mÔØ»[22m updateFunctionComponent node_modules/react-dom/cjs/react-dom-client.development.js:[2m10166:19[22m[39m
[90m [2mÔØ»[22m beginWork node_modules/react-dom/cjs/react-dom-client.development.js:[2m11778:18[22m[39m
[90m [2mÔØ»[22m runWithFiberInDEV node_modules/react-dom/cjs/react-dom-client.development.js:[2m874:13[22m[39m
[90m [2mÔØ»[22m performUnitOfWork node_modules/react-dom/cjs/react-dom-client.development.js:[2m17641:22[22m[39m

[31m[2mÔÄ»ÔÄ»ÔÄ»ÔÄ»ÔÄ»ÔÄ»ÔÄ»ÔÄ»ÔÄ»ÔÄ»ÔÄ»ÔÄ»ÔÄ»ÔÄ»ÔÄ»ÔÄ»ÔÄ»ÔÄ»ÔÄ»ÔÄ»ÔÄ»[62/275]ÔÄ»[22m[39m

[41m[1m FAIL [22m[49m app/features/reporting/__tests__/ReportList.test.tsx[2m > [22mReporting Module[2m > [22mReportExportButtons[2m > [22mrenders export options
[41m[1m FAIL [22m[49m app/features/reporting/__tests__/ReportList.test.tsx[2m > [22mReporting Module[2m > [22mReportExportButtons[2m > [22mcalls onExport when export button is clicked
[41m[1m FAIL [22m[49m app/features/reporting/__tests__/ReportList.test.tsx[2m > [22mReporting Module[2m > [22mReportExportButtons[2m > [22mshows disabled state when execution is not completed
[41m[1m FAIL [22m[49m app/features/reporting/__tests__/ReportList.test.tsx[2m > [22mReporting Module[2m > [22mReportExportButtons[2m > [22mshows loading state during export
[31m[1mTypeError[22m: client.defaultQueryOptions is not a function[39m
[90m [2mÔØ»[22m useBaseQuery node_modules/@tanstack/react-query/build/modern/useBaseQuery.js:[2m31:35[22m[39m
[90m [2mÔØ»[22m useQuery node_modules/@tanstack/react-query/build/modern/useQuery.js:[2m7:10[22m[39m
[36m [2mÔØ»[22m useTranslation app/lib/i18n/useTranslation.ts:[2m72:35[22m[39m
    [90m 70| [39m
    [90m 71| [39m  [90m// Fetch general config to get language preference from backend[39m
    [90m 72| [39m  [35mconst[39m { data[33m:[39m generalConfig } [33m=[39m [34museQuery[39m({
    [90m   | [39m                                  [31m^[39m
    [90m 73| [39m    queryKey[33m:[39m [[32m"config"[39m[33m,[39m [32m"general"[39m][33m,[39m
    [90m 74| [39m    queryFn[33m:[39m [35masync[39m () [33m=>[39m {
[90m [2mÔØ»[22m ReportExportButtons app/features/reporting/components/ReportExportButtons.tsx:[2m30:17[22m[39m
[90m [2mÔØ»[22m Object.react_stack_bottom_frame node_modules/react-dom/cjs/react-dom-client.development.js:[2m25904:20[22m[39m
[90m [2mÔØ»[22m renderWithHooks node_modules/react-dom/cjs/react-dom-client.development.js:[2m7662:22[22m[39m
[90m [2mÔØ»[22m updateFunctionComponent node_modules/react-dom/cjs/react-dom-client.development.js:[2m10166:19[22m[39m
[90m [2mÔØ»[22m beginWork node_modules/react-dom/cjs/react-dom-client.development.js:[2m11778:18[22m[39m
[90m [2mÔØ»[22m runWithFiberInDEV node_modules/react-dom/cjs/react-dom-client.development.js:[2m874:13[22m[39m
[90m [2mÔØ»[22m performUnitOfWork node_modules/react-dom/cjs/react-dom-client.development.js:[2m17641:22[22m[39m

[31m[2mÔÄ»ÔÄ»ÔÄ»ÔÄ»ÔÄ»ÔÄ»ÔÄ»ÔÄ»ÔÄ»ÔÄ»ÔÄ»ÔÄ»ÔÄ»ÔÄ»ÔÄ»ÔÄ»ÔÄ»ÔÄ»ÔÄ»ÔÄ»ÔÄ»[63/275]ÔÄ»[22m[39m

[41m[1m FAIL [22m[49m app/lib/api/__tests__/client.test.ts[2m > [22mapiClient - Refresh Token[2m > [22mResponse Interceptor - 401 Handling[2m > [22mshould redirect to login if refresh token is expired
[31m[1mAssertionError[22m: expected "vi.fn()" to be called at least once[39m
[36m [2mÔØ»[22m app/lib/api/__tests__/client.test.ts:[2m443:29[22m[39m
    [90m441| [39m      }
    [90m442| [39m
    [90m443| [39m      [34mexpect[39m(clearAuthMock)[33m.[39m[34mtoHaveBeenCalled[39m()[33m;[39m
    [90m   | [39m                            [31m^[39m
    [90m444| [39m      [34mexpect[39m(localStorageMock[33m.[39m[34mgetItem[39m([32m"auth_token"[39m))[33m.[39m[34mtoBeNull[39m()[33m;[39m
    [90m445| [39m      [34mexpect[39m(localStorageMock[33m.[39m[34mgetItem[39m([32m"refresh_token"[39m))[33m.[39m[34mtoBeNull[39m()[33m;[39m

[31m[2mÔÄ»ÔÄ»ÔÄ»ÔÄ»ÔÄ»ÔÄ»ÔÄ»ÔÄ»ÔÄ»ÔÄ»ÔÄ»ÔÄ»ÔÄ»ÔÄ»ÔÄ»ÔÄ»ÔÄ»ÔÄ»ÔÄ»ÔÄ»ÔÄ»[64/275]ÔÄ»[22m[39m

[41m[1m FAIL [22m[49m app/lib/api/__tests__/client.test.ts[2m > [22mapiClient - Refresh Token[2m > [22mCookie Support[2m > [22mshould fallback to localStorage if cookie is not available
[31m[1mAssertionError[22m: expected "vi.fn()" to be called with arguments: [ '/auth/refresh', ÔÇª(1) ][90m

Received: 

[1m  1st vi.fn() call:

[22m[2m  [[22m
[2m    "/auth/refresh",[22m
[2m    {[22m
[32m-     "refresh_token": "localStorage_refresh_token_456",[90m
[31m+     "refresh_token": "cookie_refresh_token_123",[90m
[2m    },[22m
[2m  ][22m

[1m  2nd vi.fn() call:

[22m[2m  [[22m
[2m    "/auth/refresh",[22m
[2m    {[22m
[32m-     "refresh_token": "localStorage_refresh_token_456",[90m
[31m+     "refresh_token": "cookie_refresh_token_123",[90m
[2m    },[22m
[2m  ][22m
[31m[90m

Number of calls: [1m2[22m
[31m[39m
[36m [2mÔØ»[22m app/lib/api/__tests__/client.test.ts:[2m583:40[22m[39m
    [90m581| [39m
    [90m582| [39m      [90m// Verify that refresh was called with localStorage token[39m
    [90m583| [39m      [34mexpect[39m(mockRefreshClientPost[33m.[39mfn)[33m.[39m[34mtoHaveBeenCalledWith[39m(
    [90m   | [39m                                       [31m^[39m
    [90m584| [39m        [32m"/auth/refresh"[39m[33m,[39m
    [90m585| [39m        { refresh_token[33m:[39m localStorageRefreshToken }

[31m[2mÔÄ»ÔÄ»ÔÄ»ÔÄ»ÔÄ»ÔÄ»ÔÄ»ÔÄ»ÔÄ»ÔÄ»ÔÄ»ÔÄ»ÔÄ»ÔÄ»ÔÄ»ÔÄ»ÔÄ»ÔÄ»ÔÄ»ÔÄ»ÔÄ»[65/275]ÔÄ»[22m[39m

[41m[1m FAIL [22m[49m app/lib/storage/__tests__/encryptedStorage.test.ts[2m > [22mencryptedStorage[2m > [22mencrypt/decrypt[2m > [22mshould encrypt and decrypt data correctly
[31m[1mInvalidCharacterError[22m: The string to be decoded is not correctly encoded.[39m
[36m [2mÔØ»[22m decrypt app/lib/storage/encryptedStorage.ts:[2m141:5[22m[39m
    [90m139| [39m  [90m// Convert from base64[39m
    [90m140| [39m  [35mconst[39m encryptedArray [33m=[39m [33mUint8Array[39m[33m.[39m[35mfrom[39m(
    [90m141| [39m    [34matob[39m(encryptedData[33m.[39mdata)[33m,[39m
    [90m   | [39m    [31m^[39m
    [90m142| [39m    (c) [33m=>[39m c[33m.[39m[34mcharCodeAt[39m([34m0[39m)
    [90m143| [39m  )[33m;[39m
[90m [2mÔØ»[22m app/lib/storage/__tests__/encryptedStorage.test.ts:[2m39:31[22m[39m

[31m[2mÔÄ»ÔÄ»ÔÄ»ÔÄ»ÔÄ»ÔÄ»ÔÄ»ÔÄ»ÔÄ»ÔÄ»ÔÄ»ÔÄ»ÔÄ»ÔÄ»ÔÄ»ÔÄ»ÔÄ»ÔÄ»ÔÄ»ÔÄ»ÔÄ»[66/275]ÔÄ»[22m[39m

[41m[1m FAIL [22m[49m app/lib/storage/__tests__/encryptedStorage.test.ts[2m > [22mencryptedStorage[2m > [22msetEncrypted/getEncrypted[2m > [22mshould return null for expired data
[31m[1mAssertionError[22m: expected { name: 'Test User', id: '123' } to be null[39m

[32m- Expected:[39m 
null

[31m+ Received:[39m 
{
  "id": "123",
  "name": "Test User",
}

[36m [2mÔØ»[22m app/lib/storage/__tests__/encryptedStorage.test.ts:[2m100:25[22m[39m
    [90m 98| [39m
    [90m 99| [39m      const retrieved = await getEncrypted("expired-key", tenantId, seÔÇª
    [90m100| [39m      [34mexpect[39m(retrieved)[33m.[39m[34mtoBeNull[39m()[33m;[39m
    [90m   | [39m                        [31m^[39m
    [90m101| [39m    })[33m;[39m
    [90m102| [39m  })[33m;[39m

[31m[2mÔÄ»ÔÄ»ÔÄ»ÔÄ»ÔÄ»ÔÄ»ÔÄ»ÔÄ»ÔÄ»ÔÄ»ÔÄ»ÔÄ»ÔÄ»ÔÄ»ÔÄ»ÔÄ»ÔÄ»ÔÄ»ÔÄ»ÔÄ»ÔÄ»[67/275]ÔÄ»[22m[39m

[41m[1m FAIL [22m[49m app/lib/storage/__tests__/encryptedStorage.test.ts[2m > [22mencryptedStorage[2m > [22mclearExpiredEncrypted[2m > [22mshould clear expired entries
[31m[1mAssertionError[22m: expected 0 to be greater than or equal to 2[39m
[36m [2mÔØ»[22m app/lib/storage/__tests__/encryptedStorage.test.ts:[2m125:23[22m[39m
    [90m123| [39m
    [90m124| [39m      [35mconst[39m cleared [33m=[39m [35mawait[39m [34mclearExpiredEncrypted[39m(tenantId[33m,[39m secret)[33m;[39m
    [90m125| [39m      [34mexpect[39m(cleared)[33m.[39m[34mtoBeGreaterThanOrEqual[39m([34m2[39m)[33m;[39m
    [90m   | [39m                      [31m^[39m
    [90m126| [39m
    [90m127| [39m      [90m// Valid data should still exist[39m

[31m[2mÔÄ»ÔÄ»ÔÄ»ÔÄ»ÔÄ»ÔÄ»ÔÄ»ÔÄ»ÔÄ»ÔÄ»ÔÄ»ÔÄ»ÔÄ»ÔÄ»ÔÄ»ÔÄ»ÔÄ»ÔÄ»ÔÄ»ÔÄ»ÔÄ»[68/275]ÔÄ»[22m[39m

[41m[1m FAIL [22m[49m app/__tests__/integration/config/theme-api.test.ts[2m > [22mTheme Configuration API Integration[2m > [22mPOST /config/app_theme[2m > [22mshould handle validation error for invalid color format
[31m[1mAssertionError[22m: promise resolved "{ data: { data: { ÔÇª(2) }, ÔÇª(2) }, ÔÇª(2) }" instead of rejecting[39m

[32m- Expected[39m
[31m+ Received[39m

[32m- Error {[39m
[32m-   "message": "rejected promise",[39m
[31m+ {[39m
[31m+   "data": {[39m
[31m+     "data": {[39m
[31m+       "config": {[39m
[31m+         "accent_color": "#3498DB",[39m
[31m+         "primary_color": "#FF5733",[39m
[31m+         "secondary_color": "#E74C3C",[39m
[31m+       },[39m
[31m+       "module": "app_theme",[39m
[31m+     },[39m
[31m+     "error": null,[39m
[31m+     "meta": null,[39m
[31m+   },[39m
[31m+   "status": 201,[39m
[31m+   "statusText": "Created",[39m
[2m  }[22m

[36m [2mÔØ»[22m app/__tests__/integration/config/theme-api.test.ts:[2m220:7[22m[39m
    [90m218| [39m      [35mawait[39m [34mexpect[39m(
    [90m219| [39m        apiClient[33m.[39m[34mpost[39m([32m"/config/app_theme"[39m[33m,[39m invalidThemeData)
    [90m220| [39m      )[33m.[39mrejects[33m.[39m[34mtoMatchObject[39m({
    [90m   | [39m      [31m^[39m
    [90m221| [39m        response[33m:[39m {
    [90m222| [39m          status[33m:[39m [34m400[39m[33m,[39m

[31m[2mÔÄ»ÔÄ»ÔÄ»ÔÄ»ÔÄ»ÔÄ»ÔÄ»ÔÄ»ÔÄ»ÔÄ»ÔÄ»ÔÄ»ÔÄ»ÔÄ»ÔÄ»ÔÄ»ÔÄ»ÔÄ»ÔÄ»ÔÄ»ÔÄ»[69/275]ÔÄ»[22m[39m

[41m[1m FAIL [22m[49m app/__tests__/integration/config/theme-api.test.ts[2m > [22mTheme Configuration API Integration[2m > [22mPOST /config/app_theme[2m > [22mshould handle permission error
[31m[1mAssertionError[22m: promise resolved "{ data: { data: { ÔÇª(2) }, ÔÇª(2) }, ÔÇª(2) }" instead of rejecting[39m

[32m- Expected[39m
[31m+ Received[39m

[32m- Error {[39m
[32m-   "message": "rejected promise",[39m
[31m+ {[39m
[31m+   "data": {[39m
[31m+     "data": {[39m
[31m+       "config": {[39m
[31m+         "accent_color": "#3498DB",[39m
[31m+         "primary_color": "#FF5733",[39m
[31m+         "secondary_color": "#E74C3C",[39m
[31m+       },[39m
[31m+       "module": "app_theme",[39m
[31m+     },[39m
[31m+     "error": null,[39m
[31m+     "meta": null,[39m
[31m+   },[39m
[31m+   "status": 201,[39m
[31m+   "statusText": "Created",[39m
[2m  }[22m

[36m [2mÔØ»[22m app/__tests__/integration/config/theme-api.test.ts:[2m256:7[22m[39m
    [90m254| [39m      [35mawait[39m [34mexpect[39m(
    [90m255| [39m        apiClient[33m.[39m[34mpost[39m([32m"/config/app_theme"[39m[33m,[39m themeData)
    [90m256| [39m      )[33m.[39mrejects[33m.[39m[34mtoMatchObject[39m({
    [90m   | [39m      [31m^[39m
    [90m257| [39m        response[33m:[39m {
    [90m258| [39m          status[33m:[39m [34m403[39m[33m,[39m

[31m[2mÔÄ»ÔÄ»ÔÄ»ÔÄ»ÔÄ»ÔÄ»ÔÄ»ÔÄ»ÔÄ»ÔÄ»ÔÄ»ÔÄ»ÔÄ»ÔÄ»ÔÄ»ÔÄ»ÔÄ»ÔÄ»ÔÄ»ÔÄ»ÔÄ»[70/275]ÔÄ»[22m[39m

[41m[1m FAIL [22m[49m app/__tests__/integration/config/theme-api.test.ts[2m > [22mTheme Configuration API Integration[2m > [22mPUT /config/app_theme/{key}[2m > [22mshould update single theme property successfully
[31m[1mTypeError[22m: Cannot read properties of undefined (reading 'status')[39m
[36m [2mÔØ»[22m app/__tests__/integration/config/theme-api.test.ts:[2m289:23[22m[39m
    [90m287| [39m      })[33m;[39m
    [90m288| [39m
    [90m289| [39m      [34mexpect[39m(response[33m.[39mstatus)[33m.[39m[34mtoBe[39m([34m200[39m)[33m;[39m
    [90m   | [39m                      [31m^[39m
    [90m290| [39m      [34mexpect[39m(response[33m.[39mdata[33m.[39mdata[33m.[39mvalue)[33m.[39m[34mtoBe[39m([32m"#FF5733"[39m)[33m;[39m
    [90m291| [39m    })[33m;[39m

[31m[2mÔÄ»ÔÄ»ÔÄ»ÔÄ»ÔÄ»ÔÄ»ÔÄ»ÔÄ»ÔÄ»ÔÄ»ÔÄ»ÔÄ»ÔÄ»ÔÄ»ÔÄ»ÔÄ»ÔÄ»ÔÄ»ÔÄ»ÔÄ»ÔÄ»[71/275]ÔÄ»[22m[39m

[41m[1m FAIL [22m[49m app/__tests__/integration/config/theme-api.test.ts[2m > [22mTheme Configuration API Integration[2m > [22mPUT /config/app_theme/{key}[2m > [22mshould handle validation error for invalid color
[31m[1mTypeError[22m: You must provide a Promise to expect() when using .rejects, not 'undefined'.[39m
[36m [2mÔØ»[22m app/__tests__/integration/config/theme-api.test.ts:[2m310:7[22m[39m
    [90m308| [39m      [35mawait[39m [34mexpect[39m(
    [90m309| [39m        apiClient.put("/config/app_theme/primary_color", { value: "redÔÇª
    [90m310| [39m      )[33m.[39mrejects[33m.[39m[34mtoMatchObject[39m({
    [90m   | [39m      [31m^[39m
    [90m311| [39m        response[33m:[39m {
    [90m312| [39m          status[33m:[39m [34m400[39m[33m,[39m

[31m[2mÔÄ»ÔÄ»ÔÄ»ÔÄ»ÔÄ»ÔÄ»ÔÄ»ÔÄ»ÔÄ»ÔÄ»ÔÄ»ÔÄ»ÔÄ»ÔÄ»ÔÄ»ÔÄ»ÔÄ»ÔÄ»ÔÄ»ÔÄ»ÔÄ»[72/275]ÔÄ»[22m[39m

[41m[1m FAIL [22m[49m app/__tests__/integration/config/theme-api.test.ts[2m > [22mTheme Configuration API Integration[2m > [22mPUT /config/app_theme/{key}[2m > [22mshould update non-color properties without validation
[31m[1mTypeError[22m: Cannot read properties of undefined (reading 'status')[39m
[36m [2mÔØ»[22m app/__tests__/integration/config/theme-api.test.ts:[2m341:23[22m[39m
    [90m339| [39m      })[33m;[39m
    [90m340| [39m
    [90m341| [39m      [34mexpect[39m(response[33m.[39mstatus)[33m.[39m[34mtoBe[39m([34m200[39m)[33m;[39m
    [90m   | [39m                      [31m^[39m
    [90m342| [39m      expect(response.data.data.value).toBe("/assets/logos/custom-logoÔÇª
    [90m343| [39m    })[33m;[39m

[31m[2mÔÄ»ÔÄ»ÔÄ»ÔÄ»ÔÄ»ÔÄ»ÔÄ»ÔÄ»ÔÄ»ÔÄ»ÔÄ»ÔÄ»ÔÄ»ÔÄ»ÔÄ»ÔÄ»ÔÄ»ÔÄ»ÔÄ»ÔÄ»ÔÄ»[73/275]ÔÄ»[22m[39m

[41m[1m FAIL [22m[49m app/__tests__/integration/config/theme-api.test.ts[2m > [22mTheme Configuration API Integration[2m > [22mAPI request format[2m > [22mshould send requests with correct base URL
[31m[1mAssertionError[22m: expected "vi.fn()" to be called with arguments: [ ObjectContaining{ÔÇª} ][90m

Number of calls: [1m0[22m
[31m[39m
[36m [2mÔØ»[22m app/__tests__/integration/config/theme-api.test.ts:[2m363:31[22m[39m
    [90m361| [39m
    [90m362| [39m      [90m// Verify axios.create was called with correct baseURL[39m
    [90m363| [39m      [34mexpect[39m(mockAxiosCreate)[33m.[39m[34mtoHaveBeenCalledWith[39m(
    [90m   | [39m                              [31m^[39m
    [90m364| [39m        expect[33m.[39m[34mobjectContaining[39m({
    [90m365| [39m          baseURL[33m:[39m expect[33m.[39m[34mstringContaining[39m([32m"/api/v1"[39m)[33m,[39m

[31m[2mÔÄ»ÔÄ»ÔÄ»ÔÄ»ÔÄ»ÔÄ»ÔÄ»ÔÄ»ÔÄ»ÔÄ»ÔÄ»ÔÄ»ÔÄ»ÔÄ»ÔÄ»ÔÄ»ÔÄ»ÔÄ»ÔÄ»ÔÄ»ÔÄ»[74/275]ÔÄ»[22m[39m

[41m[1m FAIL [22m[49m app/__tests__/integration/config/theme-api.test.ts[2m > [22mTheme Configuration API Integration[2m > [22mAPI request format[2m > [22mshould include Content-Type header
[31m[1mAssertionError[22m: expected "vi.fn()" to be called with arguments: [ ObjectContaining{ÔÇª} ][90m

Number of calls: [1m0[22m
[31m[39m
[36m [2mÔØ»[22m app/__tests__/integration/config/theme-api.test.ts:[2m385:31[22m[39m
    [90m383| [39m      [35mawait[39m apiClient[33m.[39m[35mget[39m([32m"/config/app_theme"[39m)[33m;[39m
    [90m384| [39m
    [90m385| [39m      [34mexpect[39m(mockAxiosCreate)[33m.[39m[34mtoHaveBeenCalledWith[39m(
    [90m   | [39m                              [31m^[39m
    [90m386| [39m        expect[33m.[39m[34mobjectContaining[39m({
    [90m387| [39m          headers[33m:[39m expect[33m.[39m[34mobjectContaining[39m({

[31m[2mÔÄ»ÔÄ»ÔÄ»ÔÄ»ÔÄ»ÔÄ»ÔÄ»ÔÄ»ÔÄ»ÔÄ»ÔÄ»ÔÄ»ÔÄ»ÔÄ»ÔÄ»ÔÄ»ÔÄ»ÔÄ»ÔÄ»ÔÄ»ÔÄ»[75/275]ÔÄ»[22m[39m

[41m[1m FAIL [22m[49m app/features/files/hooks/__tests__/useFilePermissions.test.tsx[2m > [22museFilePermissions[2m > [22mshould use module-level permissions when user has files.view
[31m[1mAssertionError[22m: expected true to be false // Object.is equality[39m

[32m- Expected[39m
[31m+ Received[39m

[32m- false[39m
[31m+ true[39m

[36m [2mÔØ»[22m app/features/files/hooks/__tests__/useFilePermissions.test.tsx:[2m125:36[22m[39m
    [90m123| [39m    [34mexpect[39m(result[33m.[39mcurrent[33m.[39mcanView)[33m.[39m[34mtoBe[39m([35mtrue[39m)[33m;[39m
    [90m124| [39m    [34mexpect[39m(result[33m.[39mcurrent[33m.[39mcanDownload)[33m.[39m[34mtoBe[39m([35mtrue[39m)[33m;[39m
    [90m125| [39m    [34mexpect[39m(result[33m.[39mcurrent[33m.[39misOwner)[33m.[39m[34mtoBe[39m([35mfalse[39m)[33m;[39m
    [90m   | [39m                                   [31m^[39m
    [90m126| [39m  })[33m;[39m
    [90m127| [39m

[31m[2mÔÄ»ÔÄ»ÔÄ»ÔÄ»ÔÄ»ÔÄ»ÔÄ»ÔÄ»ÔÄ»ÔÄ»ÔÄ»ÔÄ»ÔÄ»ÔÄ»ÔÄ»ÔÄ»ÔÄ»ÔÄ»ÔÄ»ÔÄ»ÔÄ»[76/275]ÔÄ»[22m[39m

[41m[1m FAIL [22m[49m app/features/files/hooks/__tests__/useFilePermissions.test.tsx[2m > [22museFilePermissions[2m > [22mshould use file-specific permissions when available
[31m[1mAssertionError[22m: expected true to be false // Object.is equality[39m

[32m- Expected[39m
[31m+ Received[39m

[32m- false[39m
[31m+ true[39m

[36m [2mÔØ»[22m app/features/files/hooks/__tests__/useFilePermissions.test.tsx:[2m166:36[22m[39m
    [90m164| [39m    [34mexpect[39m(result[33m.[39mcurrent[33m.[39mcanView)[33m.[39m[34mtoBe[39m([35mtrue[39m)[33m;[39m
    [90m165| [39m    [34mexpect[39m(result[33m.[39mcurrent[33m.[39mcanDownload)[33m.[39m[34mtoBe[39m([35mtrue[39m)[33m;[39m
    [90m166| [39m    [34mexpect[39m(result[33m.[39mcurrent[33m.[39mcanEdit)[33m.[39m[34mtoBe[39m([35mfalse[39m)[33m;[39m
    [90m   | [39m                                   [31m^[39m
    [90m167| [39m    [34mexpect[39m(result[33m.[39mcurrent[33m.[39mcanDelete)[33m.[39m[34mtoBe[39m([35mfalse[39m)[33m;[39m
    [90m168| [39m    [34mexpect[39m(result[33m.[39mcurrent[33m.[39misOwner)[33m.[39m[34mtoBe[39m([35mfalse[39m)[33m;[39m

[31m[2mÔÄ»ÔÄ»ÔÄ»ÔÄ»ÔÄ»ÔÄ»ÔÄ»ÔÄ»ÔÄ»ÔÄ»ÔÄ»ÔÄ»ÔÄ»ÔÄ»ÔÄ»ÔÄ»ÔÄ»ÔÄ»ÔÄ»ÔÄ»ÔÄ»[77/275]ÔÄ»[22m[39m

[41m[1m FAIL [22m[49m app/features/files/hooks/__tests__/useFilePermissions.test.tsx[2m > [22museFilePermissions[2m > [22mshould handle errors gracefully
[31m[1mAssertionError[22m: expected true to be false // Object.is equality

Ignored nodes: comments, script, style
[36m<html>[31m
  [36m<head />[31m
  [36m<body />[31m
[36m</html>[31m[39m

[32m- Expected[39m
[31m+ Received[39m

[32m- false[39m
[31m+ true[39m

[36m [2mÔØ»[22m app/features/files/hooks/__tests__/useFilePermissions.test.tsx:[2m186:38[22m[39m
    [90m184| [39m
    [90m185| [39m    [35mawait[39m [34mwaitFor[39m(() [33m=>[39m {
    [90m186| [39m      [34mexpect[39m(result[33m.[39mcurrent[33m.[39mcanView)[33m.[39m[34mtoBe[39m([35mfalse[39m)[33m;[39m
    [90m   | [39m                                     [31m^[39m
    [90m187| [39m    })[33m;[39m
    [90m188| [39m
[90m [2mÔØ»[22m runWithExpensiveErrorDiagnosticsDisabled node_modules/@testing-library/dom/dist/config.js:[2m47:12[22m[39m
[90m [2mÔØ»[22m checkCallback node_modules/@testing-library/dom/dist/wait-for.js:[2m124:77[22m[39m
[90m [2mÔØ»[22m Timeout.checkRealTimersCallback node_modules/@testing-library/dom/dist/wait-for.js:[2m118:16[22m[39m

[31m[2mÔÄ»ÔÄ»ÔÄ»ÔÄ»ÔÄ»ÔÄ»ÔÄ»ÔÄ»ÔÄ»ÔÄ»ÔÄ»ÔÄ»ÔÄ»ÔÄ»ÔÄ»ÔÄ»ÔÄ»ÔÄ»ÔÄ»ÔÄ»ÔÄ»[78/275]ÔÄ»[22m[39m

[41m[1m FAIL [22m[49m app/features/files/hooks/__tests__/useFolderPermissions.test.tsx[2m > [22museFolderPermissions[2m > [22mshould use module-level permissions when user has folders.view
[31m[1mAssertionError[22m: expected true to be false // Object.is equality[39m

[32m- Expected[39m
[31m+ Received[39m

[32m- false[39m
[31m+ true[39m

[36m [2mÔØ»[22m app/features/files/hooks/__tests__/useFolderPermissions.test.tsx:[2m126:36[22m[39m
    [90m124| [39m
    [90m125| [39m    [34mexpect[39m(result[33m.[39mcurrent[33m.[39mcanView)[33m.[39m[34mtoBe[39m([35mtrue[39m)[33m;[39m
    [90m126| [39m    [34mexpect[39m(result[33m.[39mcurrent[33m.[39misOwner)[33m.[39m[34mtoBe[39m([35mfalse[39m)[33m;[39m
    [90m   | [39m                                   [31m^[39m
    [90m127| [39m  })[33m;[39m
    [90m128| [39m

[31m[2mÔÄ»ÔÄ»ÔÄ»ÔÄ»ÔÄ»ÔÄ»ÔÄ»ÔÄ»ÔÄ»ÔÄ»ÔÄ»ÔÄ»ÔÄ»ÔÄ»ÔÄ»ÔÄ»ÔÄ»ÔÄ»ÔÄ»ÔÄ»ÔÄ»[79/275]ÔÄ»[22m[39m

[41m[1m FAIL [22m[49m app/features/files/hooks/__tests__/useFolderPermissions.test.tsx[2m > [22museFolderPermissions[2m > [22mshould use folder-specific permissions when available
[31m[1mAssertionError[22m: expected true to be false // Object.is equality[39m

[32m- Expected[39m
[31m+ Received[39m

[32m- false[39m
[31m+ true[39m

[36m [2mÔØ»[22m app/features/files/hooks/__tests__/useFolderPermissions.test.tsx:[2m168:45[22m[39m
    [90m166| [39m    [34mexpect[39m(result[33m.[39mcurrent[33m.[39mcanView)[33m.[39m[34mtoBe[39m([35mtrue[39m)[33m;[39m
    [90m167| [39m    [34mexpect[39m(result[33m.[39mcurrent[33m.[39mcanCreateFiles)[33m.[39m[34mtoBe[39m([35mtrue[39m)[33m;[39m
    [90m168| [39m    [34mexpect[39m(result[33m.[39mcurrent[33m.[39mcanCreateFolders)[33m.[39m[34mtoBe[39m([35mfalse[39m)[33m;[39m
    [90m   | [39m                                            [31m^[39m
    [90m169| [39m    [34mexpect[39m(result[33m.[39mcurrent[33m.[39mcanEdit)[33m.[39m[34mtoBe[39m([35mfalse[39m)[33m;[39m
    [90m170| [39m    [34mexpect[39m(result[33m.[39mcurrent[33m.[39mcanDelete)[33m.[39m[34mtoBe[39m([35mfalse[39m)[33m;[39m

[31m[2mÔÄ»ÔÄ»ÔÄ»ÔÄ»ÔÄ»ÔÄ»ÔÄ»ÔÄ»ÔÄ»ÔÄ»ÔÄ»ÔÄ»ÔÄ»ÔÄ»ÔÄ»ÔÄ»ÔÄ»ÔÄ»ÔÄ»ÔÄ»ÔÄ»[80/275]ÔÄ»[22m[39m

[41m[1m FAIL [22m[49m app/features/files/hooks/__tests__/useFolderPermissions.test.tsx[2m > [22museFolderPermissions[2m > [22mshould handle errors gracefully
[31m[1mAssertionError[22m: expected true to be false // Object.is equality

Ignored nodes: comments, script, style
[36m<html>[31m
  [36m<head />[31m
  [36m<body />[31m
[36m</html>[31m[39m

[32m- Expected[39m
[31m+ Received[39m

[32m- false[39m
[31m+ true[39m

[36m [2mÔØ»[22m app/features/files/hooks/__tests__/useFolderPermissions.test.tsx:[2m189:38[22m[39m
    [90m187| [39m
    [90m188| [39m    [35mawait[39m [34mwaitFor[39m(() [33m=>[39m {
    [90m189| [39m      [34mexpect[39m(result[33m.[39mcurrent[33m.[39mcanView)[33m.[39m[34mtoBe[39m([35mfalse[39m)[33m;[39m
    [90m   | [39m                                     [31m^[39m
    [90m190| [39m    })[33m;[39m
    [90m191| [39m
[90m [2mÔØ»[22m runWithExpensiveErrorDiagnosticsDisabled node_modules/@testing-library/dom/dist/config.js:[2m47:12[22m[39m
[90m [2mÔØ»[22m checkCallback node_modules/@testing-library/dom/dist/wait-for.js:[2m124:77[22m[39m
[90m [2mÔØ»[22m Timeout.checkRealTimersCallback node_modules/@testing-library/dom/dist/wait-for.js:[2m118:16[22m[39m

[31m[2mÔÄ»ÔÄ»ÔÄ»ÔÄ»ÔÄ»ÔÄ»ÔÄ»ÔÄ»ÔÄ»ÔÄ»ÔÄ»ÔÄ»ÔÄ»ÔÄ»ÔÄ»ÔÄ»ÔÄ»ÔÄ»ÔÄ»ÔÄ»ÔÄ»[81/275]ÔÄ»[22m[39m

[41m[1m FAIL [22m[49m app/features/files/components/__tests__/FileDetail.test.tsx[2m > [22mFileDetail[2m > [22mshould render file details
[41m[1m FAIL [22m[49m app/features/files/components/__tests__/FileDetail.test.tsx[2m > [22mFileDetail[2m > [22mshould render tabs for preview, versions, permissions, and metadata
[31m[1mError[22m: [vitest] No "fileKeys" export is defined on the "../../hooks/useFiles" mock. Did you forget to return it from "vi.mock"?
If you need to partially mock a module, you can use "importOriginal" helper inside:
[39m
vi.mock(import("../../hooks/useFiles"), async (importOriginal) => {
  const actual = await importOriginal()
  return {
    ...actual,
    // your mocked methods
  }
})

[36m [2mÔØ»[22m useFileTags app/features/files/hooks/useFileTags.ts:[2m27:19[22m[39m
    [90m 25| [39m    refetch[33m,[39m
    [90m 26| [39m  } [33m=[39m [34museQuery[39m({
    [90m 27| [39m    queryKey[33m:[39m [[33m...[39mfileKeys[33m.[39m[34mdetail[39m(fileId)[33m,[39m [32m"tags"[39m][33m,[39m
    [90m   | [39m                  [31m^[39m
    [90m 28| [39m    queryFn[33m:[39m () [33m=>[39m [34mgetFileTags[39m(fileId)[33m,[39m
    [90m 29| [39m    enabled[33m:[39m [33m![39m[33m![39mfileId[33m,[39m
[90m [2mÔØ»[22m FileTags app/features/files/components/FileTags.tsx:[2m49:38[22m[39m
[90m [2mÔØ»[22m Object.react_stack_bottom_frame node_modules/react-dom/cjs/react-dom-client.development.js:[2m25904:20[22m[39m
[90m [2mÔØ»[22m renderWithHooks node_modules/react-dom/cjs/react-dom-client.development.js:[2m7662:22[22m[39m
[90m [2mÔØ»[22m updateFunctionComponent node_modules/react-dom/cjs/react-dom-client.development.js:[2m10166:19[22m[39m
[90m [2mÔØ»[22m beginWork node_modules/react-dom/cjs/react-dom-client.development.js:[2m11778:18[22m[39m
[90m [2mÔØ»[22m runWithFiberInDEV node_modules/react-dom/cjs/react-dom-client.development.js:[2m874:13[22m[39m
[90m [2mÔØ»[22m performUnitOfWork node_modules/react-dom/cjs/react-dom-client.development.js:[2m17641:22[22m[39m

[31m[2mÔÄ»ÔÄ»ÔÄ»ÔÄ»ÔÄ»ÔÄ»ÔÄ»ÔÄ»ÔÄ»ÔÄ»ÔÄ»ÔÄ»ÔÄ»ÔÄ»ÔÄ»ÔÄ»ÔÄ»ÔÄ»ÔÄ»ÔÄ»ÔÄ»[82/275]ÔÄ»[22m[39m

[41m[1m FAIL [22m[49m app/features/files/components/__tests__/FileList.test.tsx[2m > [22mFileList[2m > [22mshould render files list
[41m[1m FAIL [22m[49m app/features/files/components/__tests__/FileList.test.tsx[2m > [22mFileList[2m > [22mshould have delete functionality available
[41m[1m FAIL [22m[49m app/features/files/components/__tests__/FileList.test.tsx[2m > [22mFileList[2m > [22mshould have download functionality available
[41m[1m FAIL [22m[49m app/features/files/components/__tests__/FileList.test.tsx[2m > [22mFileList[2m > [22mshould display pagination when there are multiple pages
[31m[1mReferenceError[22m: setFilteredFiles is not defined[39m
[36m [2mÔØ»[22m FileList app/features/files/components/FileList.tsx:[2m309:27[22m[39m
    [90m307| [39m        [33m<[39m[33mFileFilters[39m
    [90m308| [39m          [33mfiles[39m[33m=[39m[33m{[39mfiles[33m}[39m
    [90m309| [39m          [33monFilterChange[39m[33m=[39m[33m{[39msetFilteredFiles[33m}[39m
    [90m   | [39m                          [31m^[39m
    [90m310| [39m          [33mavailableUsers[39m[33m=[39m[33m{[39mavailableUsers[33m}[39m
    [90m311| [39m          [33mselectedTags[39m[33m=[39m[33m{[39mselectedTags[33m}[39m
[90m [2mÔØ»[22m Object.react_stack_bottom_frame node_modules/react-dom/cjs/react-dom-client.development.js:[2m25904:20[22m[39m
[90m [2mÔØ»[22m renderWithHooks node_modules/react-dom/cjs/react-dom-client.development.js:[2m7662:22[22m[39m
[90m [2mÔØ»[22m updateFunctionComponent node_modules/react-dom/cjs/react-dom-client.development.js:[2m10166:19[22m[39m
[90m [2mÔØ»[22m beginWork node_modules/react-dom/cjs/react-dom-client.development.js:[2m11778:18[22m[39m
[90m [2mÔØ»[22m runWithFiberInDEV node_modules/react-dom/cjs/react-dom-client.development.js:[2m874:13[22m[39m
[90m [2mÔØ»[22m performUnitOfWork node_modules/react-dom/cjs/react-dom-client.development.js:[2m17641:22[22m[39m
[90m [2mÔØ»[22m workLoopSync node_modules/react-dom/cjs/react-dom-client.development.js:[2m17469:41[22m[39m
[90m [2mÔØ»[22m renderRootSync node_modules/react-dom/cjs/react-dom-client.development.js:[2m17450:11[22m[39m
[90m [2mÔØ»[22m performWorkOnRoot node_modules/react-dom/cjs/react-dom-client.development.js:[2m16583:35[22m[39m

[31m[2mÔÄ»ÔÄ»ÔÄ»ÔÄ»ÔÄ»ÔÄ»ÔÄ»ÔÄ»ÔÄ»ÔÄ»ÔÄ»ÔÄ»ÔÄ»ÔÄ»ÔÄ»ÔÄ»ÔÄ»ÔÄ»ÔÄ»ÔÄ»ÔÄ»[83/275]ÔÄ»[22m[39m

[41m[1m FAIL [22m[49m app/features/search/components/__tests__/SearchResultsList.test.tsx[2m > [22mSearchResultsList[2m > [22mcalls onSearch when search query changes
[31m[1mTestingLibraryElementError[22m[39m: Unable to find an accessible element with the role "textbox"

Here are the accessible roles:

  heading:

  Name "search.noResultsTitle":
  [36m<h3[39m
    [33mclass[39m=[32m"text-lg font-medium"[39m
  [36m/>[39m

  --------------------------------------------------
  paragraph:

  Name "":
  [36m<p[39m
    [33mclass[39m=[32m"text-muted-foreground mt-2 max-w-md text-center"[39m
  [36m/>[39m

  --------------------------------------------------listbox:

  Name "search.results":
  [36m<div[39m
    [33maria-label[39m=[32m"search.results"[39m
    [33mclass[39m=[32m"space-y-4"[39m
    [33mrole[39m=[32m"listbox"[39m
    [33mtabindex[39m=[32m"0"[39m
  [36m/>[39m

  --------------------------------------------------
  option:

  Name "Test Document search.types.document This is a test document 2 days ago ÔÇó 95% search.match author: Test User status: active":
  [36m<a[39m
    [33maria-selected[39m=[32m"false"[39m
    [33mclass[39m=[32m"block outline-none focus:ring-2 focus:ring-primary focus:ring-offset-2"[39m
    [33mdata-discover[39m=[32m"true"[39m
    [33mhref[39m=[32m"/documents/1"[39m
    [33mrole[39m=[32m"option"[39m
  [36m/>[39m

  Name "Test User search.types.user Test User Description 2 days ago ÔÇó 85% search.match role: Admin department: IT":
  [36m<a[39m
    [33maria-selected[39m=[32m"false"[39m
    [33mclass[39m=[32m"block outline-none focus:ring-2 focus:ring-primary focus:ring-offset-2"[39m
    [33mdata-discover[39m=[32m"true"[39m
    [33mhref[39m=[32m"/users/2"[39m
    [33mrole[39m=[32m"option"[39m
  [36m/>[39m

  --------------------------------------------------
  heading:

  Name "Test Document":
  [36m<h3[39m
    [33mclass[39m=[32m"tracking-tight text-lg font-medium leading-tight"[39m
  [36m/>[39m

  Name "Test User":
  [36m<h3[39m
    [33mclass[39m=[32m"tracking-tight text-lg font-medium leading-tight"[39m
  [36m/>[39m

  --------------------------------------------------
  paragraph:

  Name "":
  [36m<p[39m
    [33mclass[39m=[32m"text-muted-foreground mt-1 line-clamp-2 text-sm"[39m
  [36m/>[39m

  Name "":
  [36m<p[39m
    [33mclass[39m=[32m"text-muted-foreground mt-1 line-clamp-2 text-sm"[39m
  [36m/>[39m

  --------------------------------------------------listbox:

  Name "search.results":
  [36m<div[39m
    [33maria-label[39m=[32m"search.results"[39m
    [33mclass[39m=[32m"space-y-4"[39m
    [33mrole[39m=[32m"listbox"[39m
    [33mtabindex[39m=[32m"0"[39m
  [36m/>[39m

  --------------------------------------------------
  option:

  Name "Test Document search.types.document This is a test document 2 days ago ÔÇó 95% search.match author: Test User status: active":
  [36m<a[39m
    [33maria-selected[39m=[32m"false"[39m
    [33mclass[39m=[32m"block outline-none focus:ring-2 focus:ring-primary focus:ring-offset-2"[39m
    [33mdata-discover[39m=[32m"true"[39m
    [33mhref[39m=[32m"/documents/1"[39m
    [33mrole[39m=[32m"option"[39m
  [36m/>[39m

  Name "Test User search.types.user Test User Description 2 days ago ÔÇó 85% search.match role: Admin department: IT":
  [36m<a[39m
    [33maria-selected[39m=[32m"false"[39m
    [33mclass[39m=[32m"block outline-none focus:ring-2 focus:ring-primary focus:ring-offset-2"[39m
    [33mdata-discover[39m=[32m"true"[39m
    [33mhref[39m=[32m"/users/2"[39m
    [33mrole[39m=[32m"option"[39m
  [36m/>[39m

  --------------------------------------------------
  heading:

  Name "Test Document":
  [36m<h3[39m
    [33mclass[39m=[32m"tracking-tight text-lg font-medium leading-tight"[39m
  [36m/>[39m

  Name "Test User":
  [36m<h3[39m
    [33mclass[39m=[32m"tracking-tight text-lg font-medium leading-tight"[39m
  [36m/>[39m

  --------------------------------------------------
  paragraph:

  Name "":
  [36m<p[39m
    [33mclass[39m=[32m"text-muted-foreground mt-1 line-clamp-2 text-sm"[39m
  [36m/>[39m

  Name "":
  [36m<p[39m
    [33mclass[39m=[32m"text-muted-foreground mt-1 line-clamp-2 text-sm"[39m
  [36m/>[39m

  --------------------------------------------------
  button:

  Name "common.loadMore":
  [36m<button[39m
    [33mclass[39m=[32m"text-sm font-medium text-primary hover:underline focus:outline-none focus:ring-2 focus:ring-primary focus:ring-offset-2 px-2 py-1 rounded"[39m
    [33mdata-testid[39m=[32m"load-more-button"[39m
  [36m/>[39m

  --------------------------------------------------heading:

  Name "search.noResultsTitle":
  [36m<h3[39m
    [33mclass[39m=[32m"text-lg font-medium"[39m
  [36m/>[39m

  --------------------------------------------------
  paragraph:

  Name "":
  [36m<p[39m
    [33mclass[39m=[32m"text-muted-foreground mt-2 max-w-md text-center"[39m
  [36m/>[39m

  --------------------------------------------------

Ignored nodes: comments, script, style
[36m<body>[39m
  [36m<div>[39m
    [36m<div[39m
      [33mclass[39m=[32m"space-y-4"[39m
      [33mdata-testid[39m=[32m"search-results-loading"[39m
    [36m>[39m
      [36m<div[39m
        [33mclass[39m=[32m"rounded-lg border bg-[hsl(var(--card))] text-[hsl(var(--card-foreground))] shadow-sm overflow-hidden"[39m
      [36m>[39m
        [36m<div[39m
          [33mclass[39m=[32m"p-4"[39m
        [36m>[39m
          [36m<div[39m
            [33mclass[39m=[32m"flex items-start space-x-4"[39m
          [36m>[39m
            [36m<div[39m
              [33mclass[39m=[32m"animate-pulse bg-muted h-10 w-10 rounded-full"[39m
            [36m/>[39m
            [36m<div[39m
              [33mclass[39m=[32m"flex-1 space-y-2"[39m
            [36m>[39m
              [36m<div[39m
                [33mclass[39m=[32m"animate-pulse rounded-md bg-muted h-5 w-3/4"[39m
              [36m/>[39m
              [36m<div[39m
                [33mclass[39m=[32m"animate-pulse rounded-md bg-muted h-4 w-full"[39m
              [36m/>[39m
              [36m<div[39m
                [33mclass[39m=[32m"animate-pulse rounded-md bg-muted h-4 w-1/2"[39m
              [36m/>[39m
            [36m</div>[39m
          [36m</div>[39m
        [36m</div>[39m
      [36m</div>[39m
      [36m<div[39m
        [33mclass[39m=[32m"rounded-lg border bg-[hsl(var(--card))] text-[hsl(var(--card-foreground))] shadow-sm overflow-hidden"[39m
      [36m>[39m
        [36m<div[39m
          [33mclass[39m=[32m"p-4"[39m
        [36m>[39m
          [36m<div[39m
            [33mclass[39m=[32m"flex items-start space-x-4"[39m
          [36m>[39m
            [36m<div[39m
              [33mclass[39m=[32m"animate-pulse bg-muted h-10 w-10 rounded-full"[39m
            [36m/>[39m
            [36m<div[39m
              [33mclass[39m=[32m"flex-1 space-y-2"[39m
            [36m>[39m
              [36m<div[39m
                [33mclass[39m=[32m"animate-pulse rounded-md bg-muted h-5 w-3/4"[39m
              [36m/>[39m
              [36m<div[39m
                [33mclass[39m=[32m"animate-pulse rounded-md bg-muted h-4 w-full"[39m
              [36m/>[39m
              [36m<div[39m
                [33mclass[39m=[32m"animate-pulse rounded-md bg-muted h-4 w-1/2"[39m
              [36m/>[39m
            [36m</div>[39m
          [36m</div>[39m
        [36m</div>[39m
      [36m</div>[39m
      [36m<div[39m
        [33mclass[39m=[32m"rounded-lg border bg-[hsl(var(--card))] text-[hsl(var(--card-foreground))] shadow-sm overflow-hidden"[39m
      [36m>[39m
        [36m<div[39m
          [33mclass[39m=[32m"p-4"[39m
        [36m>[39m
          [36m<div[39m
            [33mclass[39m=[32m"flex items-start space-x-4"[39m
          [36m>[39m
            [36m<div[39m
              [33mclass[39m=[32m"animate-pulse bg-muted h-10 w-10 rounded-full"[39m
            [36m/>[39m
            [36m<div[39m
              [33mclass[39m=[32m"flex-1 space-y-2"[39m
            [36m>[39m
              [36m<div[39m
                [33mclass[39m=[32m"animate-pulse rounded-md bg-muted h-5 w-3/4"[39m
              [36m/>[39m
              [36m<div[39m
                [33mclass[39m=[32m"animate-pulse rounded-md bg-muted h-4 w-full"[39m
              [36m/>[39m
              [36m<div[39m
                [33mclass[39m=[32m"animate-pulse rounded-md bg-muted h-4 w-1/2"[39m
              [36m/>[39m
            [36m</div>[39m
          [36m</div>[39m
        [36m</div>[39m
      [36m</div>[39m
    [36m</div>[39m
  [36m</div>[39m
  [36m<div>[39m
    [36m<div[39m
      [33mclass[39m=[32m"flex flex-col items-center justify-center py-12 text-center"[39m
      [33mdata-testid[39m=[32m"no-results-message"[39m
    [36m>[39m
      [36m<div[39m
        [33mclass[39m=[32m"text-muted-foreground mb-4 text-4xl"[39m
      [36m>[39m
        [0m­ƒöì[0m
      [36m</div>[39m
      [36m<h3[39m
        [33mclass[39m=[32m"text-lg font-medium"[39m
      [36m>[39m
        [0msearch.noResultsTitle[0m
      [36m</h3>[39m
      [36m<p[39m
        [33mclass[39m=[32m"text-muted-foreground mt-2 max-w-md text-center"[39m
      [36m>[39m
        [0msearch.noResultsDescription[0m
      [36m</p>[39m
    [36m</div>[39m
  [36m</div>[39m
  [36m<div>[39m
    [36m<div[39m
      [33maria-label[39m=[32m"search.results"[39m
      [33mclass[39m=[32m"space-y-4"[39m
      [33mrole[39m=[32m"listbox"[39m
      [33mtabindex[39m=[32m"0"[39m
    [36m>[39m
      [36m<div[39m
        [33mclass[39m=[32m"rounded-lg border bg-[hsl(var(--card))] text-[hsl(var(--card-foreground))] shadow-sm overflow-hidden transition-shadow hover:shadow-md"[39m
      [36m>[39m
        [36m<a[39m
          [33maria-selected[39m=[32m"false"[39m
          [33mclass[39m=[32m"block outline-none focus:ring-2 focus:ring-primary focus:ring-offset-2"[39m
          [33mdata-discover[39m=[32m"true"[39m
          [33mhref[39m=[32m"/documents/1"[39m
          [33mrole[39m=[32m"option"[39m
        [36m>[39m
          [36m<div[39m
            [33mclass[39m=[32m"flex flex-col space-y-1.5 p-6 pb-2"[39m
          [36m>[39m
            [36m<div[39m
              [33mclass[39m=[32m"flex items-center justify-between"[39m
            [36m>[39m
              [36m<h3[39m
                [33mclass[39m=[32m"tracking-tight text-lg font-medium leading-tight"[39m
              [36m>[39m
                [0mTest Document[0m
              [36m</h3>[39m
              [36m<div[39m
                [33mclass[39m=[32m"inline-flex items-center rounded-full border px-2.5 py-0.5 text-xs font-semibold transition-colors focus:outline-none focus:ring-2 focus:ring-[hsl(var(--ring))] focus:ring-offset-2 
text-[hsl(var(--foreground))] ml-2"[39m
              [36m>[39m
                [0msearch.types.document[0m
              [36m</div>[39m
            [36m</div>[39m
            [36m<p[39m
              [33mclass[39m=[32m"text-muted-foreground mt-1 line-clamp-2 text-sm"[39m
            [36m>[39m
              [0mThis is a test document[0m
            [36m</p>[39m
            [36m<div[39m
              [33mclass[39m=[32m"mt-2 flex items-center text-xs text-muted-foreground"[39m
            [36m>[39m
              [36m<span[39m
                [33mclass[39m=[32m"mr-4"[39m
              [36m>[39m
                [0m2 days ago[0m
              [36m</span>[39m
              [36m<span[39m
                [33mclass[39m=[32m"flex items-center"[39m
              [36m>[39m
                [36m<span[39m
                  [33mclass[39m=[32m"mr-1"[39m
                [36m>[39m
                  [0mÔÇó[0m
                [36m</span>[39m
                [0m95[0m
                [0m% [0m
          ...
[90m [2mÔØ»[22m Object.getElementError node_modules/@testing-library/dom/dist/config.js:[2m37:19[22m[39m
[90m [2mÔØ»[22m node_modules/@testing-library/dom/dist/query-helpers.js:[2m76:38[22m[39m
[90m [2mÔØ»[22m node_modules/@testing-library/dom/dist/query-helpers.js:[2m52:17[22m[39m
[90m [2mÔØ»[22m node_modules/@testing-library/dom/dist/query-helpers.js:[2m95:19[22m[39m
[36m [2mÔØ»[22m app/features/search/components/__tests__/SearchResultsList.test.tsx:[2m147:32[22m[39m
    [90m145| [39m    )[33m;[39m
    [90m146| [39m    
    [90m147| [39m    [35mconst[39m searchInput [33m=[39m screen[33m.[39m[34mgetByRole[39m([32m'textbox'[39m)[33m;[39m
    [90m   | [39m                               [31m^[39m
    [90m148| [39m    fireEvent[33m.[39m[34mchange[39m(searchInput[33m,[39m { target[33m:[39m { value[33m:[39m [32m'new query'[39m } })[33m;[39m
    [90m149| [39m    

[31m[2mÔÄ»ÔÄ»ÔÄ»ÔÄ»ÔÄ»ÔÄ»ÔÄ»ÔÄ»ÔÄ»ÔÄ»ÔÄ»ÔÄ»ÔÄ»ÔÄ»ÔÄ»ÔÄ»ÔÄ»ÔÄ»ÔÄ»ÔÄ»ÔÄ»[84/275]ÔÄ»[22m[39m

[41m[1m FAIL [22m[49m app/features/search/components/__tests__/SearchResultsList.test.tsx[2m > [22mSearchResultsList[2m > [22mhandles keyboard navigation
[31m[1mError[22m: [2mexpect([22m[31melement[31m[2m).toHaveAttribute([22m[32m[32m"aria-selected"[32m[31m[2m, [22m[32m[32m"true"[32m[31m[2m) // element.getAttribute("aria-selected") === "true"[22m

Expected the element to have attribute:
[32m  aria-selected="true"[31m
Received:
[31m  aria-selected="false"[31m[39m
[36m [2mÔØ»[22m app/features/search/components/__tests__/SearchResultsList.test.tsx:[2m166:22[22m[39m
    [90m164| [39m    
    [90m165| [39m    [90m// First item should be focused by default[39m
    [90m166| [39m    [34mexpect[39m(items[[34m0[39m])[33m.[39m[34mtoHaveAttribute[39m([32m'aria-selected'[39m[33m,[39m [32m'true'[39m)[33m;[39m
    [90m   | [39m                     [31m^[39m
    [90m167| [39m    
    [90m168| [39m    [90m// Simulate down arrow key on the first item[39m

[31m[2mÔÄ»ÔÄ»ÔÄ»ÔÄ»ÔÄ»ÔÄ»ÔÄ»ÔÄ»ÔÄ»ÔÄ»ÔÄ»ÔÄ»ÔÄ»ÔÄ»ÔÄ»ÔÄ»ÔÄ»ÔÄ»ÔÄ»ÔÄ»ÔÄ»[85/275]ÔÄ»[22m[39m

[41m[1m FAIL [22m[49m app/features/search/components/__tests__/SearchResultsList.test.tsx[2m > [22mSearchResultsList[2m > [22mdisplays result metadata when available
[31m[1mTestingLibraryElementError[22m[39m: Unable to find an element with the text: author. This could be because the text is broken up by multiple elements. In this case, you can provide a function for your text matcher to make your 
matcher more flexible.

Ignored nodes: comments, script, style
[36m<body>[39m
  [36m<div>[39m
    [36m<div[39m
      [33maria-label[39m=[32m"search.results"[39m
      [33mclass[39m=[32m"space-y-4"[39m
      [33mrole[39m=[32m"listbox"[39m
      [33mtabindex[39m=[32m"0"[39m
    [36m>[39m
      [36m<div[39m
        [33mclass[39m=[32m"rounded-lg border bg-[hsl(var(--card))] text-[hsl(var(--card-foreground))] shadow-sm overflow-hidden transition-shadow hover:shadow-md"[39m
      [36m>[39m
        [36m<a[39m
          [33maria-selected[39m=[32m"false"[39m
          [33mclass[39m=[32m"block outline-none focus:ring-2 focus:ring-primary focus:ring-offset-2"[39m
          [33mdata-discover[39m=[32m"true"[39m
          [33mhref[39m=[32m"/documents/1"[39m
          [33mrole[39m=[32m"option"[39m
        [36m>[39m
          [36m<div[39m
            [33mclass[39m=[32m"flex flex-col space-y-1.5 p-6 pb-2"[39m
          [36m>[39m
            [36m<div[39m
              [33mclass[39m=[32m"flex items-center justify-between"[39m
            [36m>[39m
              [36m<h3[39m
                [33mclass[39m=[32m"tracking-tight text-lg font-medium leading-tight"[39m
              [36m>[39m
                [0mTest Document[0m
              [36m</h3>[39m
              [36m<div[39m
                [33mclass[39m=[32m"inline-flex items-center rounded-full border px-2.5 py-0.5 text-xs font-semibold transition-colors focus:outline-none focus:ring-2 focus:ring-[hsl(var(--ring))] focus:ring-offset-2 
text-[hsl(var(--foreground))] ml-2"[39m
              [36m>[39m
                [0msearch.types.document[0m
              [36m</div>[39m
            [36m</div>[39m
            [36m<p[39m
              [33mclass[39m=[32m"text-muted-foreground mt-1 line-clamp-2 text-sm"[39m
            [36m>[39m
              [0mThis is a test document[0m
            [36m</p>[39m
            [36m<div[39m
              [33mclass[39m=[32m"mt-2 flex items-center text-xs text-muted-foreground"[39m
            [36m>[39m
              [36m<span[39m
                [33mclass[39m=[32m"mr-4"[39m
              [36m>[39m
                [0m2 days ago[0m
              [36m</span>[39m
              [36m<span[39m
                [33mclass[39m=[32m"flex items-center"[39m
              [36m>[39m
                [36m<span[39m
                  [33mclass[39m=[32m"mr-1"[39m
                [36m>[39m
                  [0mÔÇó[0m
                [36m</span>[39m
                [0m95[0m
                [0m% [0m
                [0msearch.match[0m
              [36m</span>[39m
            [36m</div>[39m
          [36m</div>[39m
          [36m<div[39m
            [33mclass[39m=[32m"p-6 pt-0"[39m
          [36m>[39m
            [36m<div[39m
              [33mclass[39m=[32m"flex flex-wrap gap-2"[39m
            [36m>[39m
              [36m<div[39m
                [33mclass[39m=[32m"inline-flex items-center rounded-full border px-2.5 py-0.5 font-semibold transition-colors focus:outline-none focus:ring-2 focus:ring-[hsl(var(--ring))] focus:ring-offset-2 text-[hsl(var(--foreground))] 
text-xs"[39m
              [36m>[39m
                [0mauthor[0m
                [0m: [0m
                [0mTest User[0m
              [36m</div>[39m
              [36m<div[39m
                [33mclass[39m=[32m"inline-flex items-center rounded-full border px-2.5 py-0.5 font-semibold transition-colors focus:outline-none focus:ring-2 focus:ring-[hsl(var(--ring))] focus:ring-offset-2 text-[hsl(var(--foreground))] 
text-xs"[39m
              [36m>[39m
                [0mstatus[0m
                [0m: [0m
                [0mactive[0m
              [36m</div>[39m
            [36m</div>[39m
          [36m</div>[39m
        [36m</a>[39m
      [36m</div>[39m
      [36m<div[39m
        [33mclass[39m=[32m"rounded-lg border bg-[hsl(var(--card))] text-[hsl(var(--card-foreground))] shadow-sm overflow-hidden transition-shadow hover:shadow-md"[39m
      [36m>[39m
        [36m<a[39m
          [33maria-selected[39m=[32m"false"[39m
          [33mclass[39m=[32m"block outline-none focus:ring-2 focus:ring-primary focus:ring-offset-2"[39m
          [33mdata-discover[39m=[32m"true"[39m
          [33mhref[39m=[32m"/users/2"[39m
          [33mrole[39m=[32m"option"[39m
        [36m>[39m
          [36m<div[39m
            [33mclass[39m=[32m"flex flex-col space-y-1.5 p-6 pb-2"[39m
          [36m>[39m
            [36m<div[39m
              [33mclass[39m=[32m"flex items-center justify-between"[39m
            [36m>[39m
              [36m<h3[39m
                [33mclass[39m=[32m"tracking-tight text-lg font-medium leading-tight"[39m
              [36m>[39m
                [0mTest User[0m
              [36m</h3>[39m
              [36m<div[39m
                [33mclass[39m=[32m"inline-flex items-center rounded-full border px-2.5 py-0.5 text-xs font-semibold transition-colors focus:outline-none focus:ring-2 focus:ring-[hsl(var(--ring))] focus:ring-offset-2 
text-[hsl(var(--foreground))] ml-2"[39m
              [36m>[39m
                [0msearch.types.user[0m
              [36m</div>[39m
            [36m</div>[39m
            [36m<p[39m
              [33mclass[39m=[32m"text-muted-foreground mt-1 line-clamp-2 text-sm"[39m
            [36m>[39m
              [0mTest User Description[0m
            [36m</p>[39m
            [36m<div[39m
              [33mclass[39m=[32m"mt-2 flex items-center text-xs text-muted-foreground"[39m
            [36m>[39m
              [36m<span[39m
                [33mclass[39m=[32m"mr-4"[39m
              [36m>[39m
                [0m2 days ago[0m
              [36m</span>[39m
              [36m<span[39m
                [33mclass[39m=[32m"flex items-center"[39m
              [36m>[39m
                [36m<span[39m
                  [33mclass[39m=[32m"mr-1"[39m
                [36m>[39m
                  [0mÔÇó[0m
                [36m</span>[39m
                [0m85[0m
                [0m% [0m
                [0msearch.match[0m
              [36m</span>[39m
            [36m</div>[39m
          [36m</div>[39m
          [36m<div[39m
            [33mclass[39m=[32m"p-6 pt-0"[39m
          [36m>[39m
            [36m<div[39m
              [33mclass[39m=[32m"flex flex-wrap gap-2"[39m
            [36m>[39m
              [36m<div[39m
                [33mclass[39m=[32m"inline-flex items-center rounded-full border px-2.5 py-0.5 font-semibold transition-colors focus:outline-none focus:ring-2 focus:ring-[hsl(var(--ring))] focus:ring-offset-2 text-[hsl(var(--foreground))] 
text-xs"[39m
              [36m>[39m
                [0mrole[0m
                [0m: [0m
                [0mAdmin[0m
              [36m</div>[39m
              [36m<div[39m
                [33mclass[39m=[32m"inl...
[90m [2mÔØ»[22m Object.getElementError node_modules/@testing-library/dom/dist/config.js:[2m37:19[22m[39m
[90m [2mÔØ»[22m node_modules/@testing-library/dom/dist/query-helpers.js:[2m76:38[22m[39m
[90m [2mÔØ»[22m node_modules/@testing-library/dom/dist/query-helpers.js:[2m52:17[22m[39m
[90m [2mÔØ»[22m node_modules/@testing-library/dom/dist/query-helpers.js:[2m95:19[22m[39m
[36m [2mÔØ»[22m app/features/search/components/__tests__/SearchResultsList.test.tsx:[2m200:19[22m[39m
    [90m198| [39m    
    [90m199| [39m    [90m// Verificar que los metadatos est├®n presentes[39m
    [90m200| [39m    [34mexpect[39m(screen[33m.[39m[34mgetByText[39m([32m"author"[39m))[33m.[39m[34mtoBeInTheDocument[39m()[33m;[39m
    [90m   | [39m                  [31m^[39m
    [90m201| [39m    [34mexpect[39m(screen[33m.[39m[34mgetByText[39m([32m"Test User"[39m))[33m.[39m[34mtoBeInTheDocument[39m()[33m;[39m
    [90m202| [39m    [34mexpect[39m(screen[33m.[39m[34mgetByText[39m([32m"status"[39m))[33m.[39m[34mtoBeInTheDocument[39m()[33m;[39m

[31m[2mÔÄ»ÔÄ»ÔÄ»ÔÄ»ÔÄ»ÔÄ»ÔÄ»ÔÄ»ÔÄ»ÔÄ»ÔÄ»ÔÄ»ÔÄ»ÔÄ»ÔÄ»ÔÄ»ÔÄ»ÔÄ»ÔÄ»ÔÄ»ÔÄ»[86/275]ÔÄ»[22m[39m

[41m[1m FAIL [22m[49m app/features/search/components/__tests__/SearchResultsList.test.tsx[2m > [22mSearchResultsList[2m > [22mdisplays score when available
[31m[1mTestingLibraryElementError[22m[39m: Unable to find an element with the text: 95 % search.match. This could be because the text is broken up by multiple elements. In this case, you can provide a function for your text matcher to 
make your matcher more flexible.

Ignored nodes: comments, script, style
[36m<body>[39m
  [36m<div>[39m
    [36m<div[39m
      [33maria-label[39m=[32m"search.results"[39m
      [33mclass[39m=[32m"space-y-4"[39m
      [33mrole[39m=[32m"listbox"[39m
      [33mtabindex[39m=[32m"0"[39m
    [36m>[39m
      [36m<div[39m
        [33mclass[39m=[32m"rounded-lg border bg-[hsl(var(--card))] text-[hsl(var(--card-foreground))] shadow-sm overflow-hidden transition-shadow hover:shadow-md"[39m
      [36m>[39m
        [36m<a[39m
          [33maria-selected[39m=[32m"false"[39m
          [33mclass[39m=[32m"block outline-none focus:ring-2 focus:ring-primary focus:ring-offset-2"[39m
          [33mdata-discover[39m=[32m"true"[39m
          [33mhref[39m=[32m"/documents/1"[39m
          [33mrole[39m=[32m"option"[39m
        [36m>[39m
          [36m<div[39m
            [33mclass[39m=[32m"flex flex-col space-y-1.5 p-6 pb-2"[39m
          [36m>[39m
            [36m<div[39m
              [33mclass[39m=[32m"flex items-center justify-between"[39m
            [36m>[39m
              [36m<h3[39m
                [33mclass[39m=[32m"tracking-tight text-lg font-medium leading-tight"[39m
              [36m>[39m
                [0mTest Document[0m
              [36m</h3>[39m
              [36m<div[39m
                [33mclass[39m=[32m"inline-flex items-center rounded-full border px-2.5 py-0.5 text-xs font-semibold transition-colors focus:outline-none focus:ring-2 focus:ring-[hsl(var(--ring))] focus:ring-offset-2 
text-[hsl(var(--foreground))] ml-2"[39m
              [36m>[39m
                [0msearch.types.document[0m
              [36m</div>[39m
            [36m</div>[39m
            [36m<p[39m
              [33mclass[39m=[32m"text-muted-foreground mt-1 line-clamp-2 text-sm"[39m
            [36m>[39m
              [0mThis is a test document[0m
            [36m</p>[39m
            [36m<div[39m
              [33mclass[39m=[32m"mt-2 flex items-center text-xs text-muted-foreground"[39m
            [36m>[39m
              [36m<span[39m
                [33mclass[39m=[32m"mr-4"[39m
              [36m>[39m
                [0m2 days ago[0m
              [36m</span>[39m
              [36m<span[39m
                [33mclass[39m=[32m"flex items-center"[39m
              [36m>[39m
                [36m<span[39m
                  [33mclass[39m=[32m"mr-1"[39m
                [36m>[39m
                  [0mÔÇó[0m
                [36m</span>[39m
                [0m95[0m
                [0m% [0m
                [0msearch.match[0m
              [36m</span>[39m
            [36m</div>[39m
          [36m</div>[39m
          [36m<div[39m
            [33mclass[39m=[32m"p-6 pt-0"[39m
          [36m>[39m
            [36m<div[39m
              [33mclass[39m=[32m"flex flex-wrap gap-2"[39m
            [36m>[39m
              [36m<div[39m
                [33mclass[39m=[32m"inline-flex items-center rounded-full border px-2.5 py-0.5 font-semibold transition-colors focus:outline-none focus:ring-2 focus:ring-[hsl(var(--ring))] focus:ring-offset-2 text-[hsl(var(--foreground))] 
text-xs"[39m
              [36m>[39m
                [0mauthor[0m
                [0m: [0m
                [0mTest User[0m
              [36m</div>[39m
              [36m<div[39m
                [33mclass[39m=[32m"inline-flex items-center rounded-full border px-2.5 py-0.5 font-semibold transition-colors focus:outline-none focus:ring-2 focus:ring-[hsl(var(--ring))] focus:ring-offset-2 text-[hsl(var(--foreground))] 
text-xs"[39m
              [36m>[39m
                [0mstatus[0m
                [0m: [0m
                [0mactive[0m
              [36m</div>[39m
            [36m</div>[39m
          [36m</div>[39m
        [36m</a>[39m
      [36m</div>[39m
      [36m<div[39m
        [33mclass[39m=[32m"rounded-lg border bg-[hsl(var(--card))] text-[hsl(var(--card-foreground))] shadow-sm overflow-hidden transition-shadow hover:shadow-md"[39m
      [36m>[39m
        [36m<a[39m
          [33maria-selected[39m=[32m"false"[39m
          [33mclass[39m=[32m"block outline-none focus:ring-2 focus:ring-primary focus:ring-offset-2"[39m
          [33mdata-discover[39m=[32m"true"[39m
          [33mhref[39m=[32m"/users/2"[39m
          [33mrole[39m=[32m"option"[39m
        [36m>[39m
          [36m<div[39m
            [33mclass[39m=[32m"flex flex-col space-y-1.5 p-6 pb-2"[39m
          [36m>[39m
            [36m<div[39m
              [33mclass[39m=[32m"flex items-center justify-between"[39m
            [36m>[39m
              [36m<h3[39m
                [33mclass[39m=[32m"tracking-tight text-lg font-medium leading-tight"[39m
              [36m>[39m
                [0mTest User[0m
              [36m</h3>[39m
              [36m<div[39m
                [33mclass[39m=[32m"inline-flex items-center rounded-full border px-2.5 py-0.5 text-xs font-semibold transition-colors focus:outline-none focus:ring-2 focus:ring-[hsl(var(--ring))] focus:ring-offset-2 
text-[hsl(var(--foreground))] ml-2"[39m
              [36m>[39m
                [0msearch.types.user[0m
              [36m</div>[39m
            [36m</div>[39m
            [36m<p[39m
              [33mclass[39m=[32m"text-muted-foreground mt-1 line-clamp-2 text-sm"[39m
            [36m>[39m
              [0mTest User Description[0m
            [36m</p>[39m
            [36m<div[39m
              [33mclass[39m=[32m"mt-2 flex items-center text-xs text-muted-foreground"[39m
            [36m>[39m
              [36m<span[39m
                [33mclass[39m=[32m"mr-4"[39m
              [36m>[39m
                [0m2 days ago[0m
              [36m</span>[39m
              [36m<span[39m
                [33mclass[39m=[32m"flex items-center"[39m
              [36m>[39m
                [36m<span[39m
                  [33mclass[39m=[32m"mr-1"[39m
                [36m>[39m
                  [0mÔÇó[0m
                [36m</span>[39m
                [0m85[0m
                [0m% [0m
                [0msearch.match[0m
              [36m</span>[39m
            [36m</div>[39m
          [36m</div>[39m
          [36m<div[39m
            [33mclass[39m=[32m"p-6 pt-0"[39m
          [36m>[39m
            [36m<div[39m
              [33mclass[39m=[32m"flex flex-wrap gap-2"[39m
            [36m>[39m
              [36m<div[39m
                [33mclass[39m=[32m"inline-flex items-center rounded-full border px-2.5 py-0.5 font-semibold transition-colors focus:outline-none focus:ring-2 focus:ring-[hsl(var(--ring))] focus:ring-offset-2 text-[hsl(var(--foreground))] 
text-xs"[39m
              [36m>[39m
                [0mrole[0m
                [0m: [0m
                [0mAdmin[0m
              [36m</div>[39m
              [36m<div[39m
                [33mclass[39m=[32m"inl...
[90m [2mÔØ»[22m Object.getElementError node_modules/@testing-library/dom/dist/config.js:[2m37:19[22m[39m
[90m [2mÔØ»[22m node_modules/@testing-library/dom/dist/query-helpers.js:[2m76:38[22m[39m
[90m [2mÔØ»[22m node_modules/@testing-library/dom/dist/query-helpers.js:[2m52:17[22m[39m
[90m [2mÔØ»[22m node_modules/@testing-library/dom/dist/query-helpers.js:[2m95:19[22m[39m
[36m [2mÔØ»[22m app/features/search/components/__tests__/SearchResultsList.test.tsx:[2m218:19[22m[39m
    [90m216| [39m    [90m// Verificar que el puntaje est├® presente[39m
    [90m217| [39m    [90m// El formato real en el DOM es con un espacio despu├®s del %[39m
    [90m218| [39m    [34mexpect[39m(screen[33m.[39m[34mgetByText[39m([32m'95 % search.match'[39m))[33m.[39m[34mtoBeInTheDocument[39m()[33m;[39m
    [90m   | [39m                  [31m^[39m
    [90m219| [39m    
    [90m220| [39m    [90m// Verificar que el componente de puntuaci├│n est├® presente[39m

[31m[2mÔÄ»ÔÄ»ÔÄ»ÔÄ»ÔÄ»ÔÄ»ÔÄ»ÔÄ»ÔÄ»ÔÄ»ÔÄ»ÔÄ»ÔÄ»ÔÄ»ÔÄ»ÔÄ»ÔÄ»ÔÄ»ÔÄ»ÔÄ»ÔÄ»[87/275]ÔÄ»[22m[39m

[41m[1m FAIL [22m[49m app/features/users/hooks/__tests__/useUsers.test.ts[2m > [22museUsers[2m > [22museUsers[2m > [22mshould fetch users list
[31m[1mError[22m: No QueryClient set, use QueryClientProvider to set one[39m
[90m [2mÔØ»[22m useQueryClient node_modules/@tanstack/react-query/build/modern/QueryClientProvider.js:[2m15:11[22m[39m
[90m [2mÔØ»[22m useBaseQuery node_modules/@tanstack/react-query/build/modern/useBaseQuery.js:[2m30:18[22m[39m
[90m [2mÔØ»[22m useQuery node_modules/@tanstack/react-query/build/modern/useQuery.js:[2m7:10[22m[39m
[36m [2mÔØ»[22m Module.useUsers app/features/users/hooks/useUsers.ts:[2m46:7[22m[39m
    [90m 44| [39m    error[33m,[39m
    [90m 45| [39m    refetch[33m,[39m
    [90m 46| [39m  } [33m=[39m [34museQuery[39m({
    [90m   | [39m      [31m^[39m
    [90m 47| [39m    queryKey[33m:[39m userKeys[33m.[39m[34mlist[39m(params)[33m,[39m
    [90m 48| [39m    queryFn[33m:[39m () [33m=>[39m [34mlistUsers[39m(params)[33m,[39m
[90m [2mÔØ»[22m app/features/users/hooks/__tests__/useUsers.test.ts:[2m41:9[22m[39m
[90m [2mÔØ»[22m TestComponent node_modules/@testing-library/react/dist/pure.js:[2m331:27[22m[39m
[90m [2mÔØ»[22m Object.react_stack_bottom_frame node_modules/react-dom/cjs/react-dom-client.development.js:[2m25904:20[22m[39m
[90m [2mÔØ»[22m renderWithHooks node_modules/react-dom/cjs/react-dom-client.development.js:[2m7662:22[22m[39m
[90m [2mÔØ»[22m updateFunctionComponent node_modules/react-dom/cjs/react-dom-client.development.js:[2m10166:19[22m[39m
[90m [2mÔØ»[22m beginWork node_modules/react-dom/cjs/react-dom-client.development.js:[2m11778:18[22m[39m

[31m[2mÔÄ»ÔÄ»ÔÄ»ÔÄ»ÔÄ»ÔÄ»ÔÄ»ÔÄ»ÔÄ»ÔÄ»ÔÄ»ÔÄ»ÔÄ»ÔÄ»ÔÄ»ÔÄ»ÔÄ»ÔÄ»ÔÄ»ÔÄ»ÔÄ»[88/275]ÔÄ»[22m[39m

[41m[1m FAIL [22m[49m app/features/users/hooks/__tests__/useUsers.test.ts[2m > [22museUsers[2m > [22museUsers[2m > [22mshould handle errors
[31m[1mError[22m: No QueryClient set, use QueryClientProvider to set one[39m
[90m [2mÔØ»[22m useQueryClient node_modules/@tanstack/react-query/build/modern/QueryClientProvider.js:[2m15:11[22m[39m
[90m [2mÔØ»[22m useBaseQuery node_modules/@tanstack/react-query/build/modern/useBaseQuery.js:[2m30:18[22m[39m
[90m [2mÔØ»[22m useQuery node_modules/@tanstack/react-query/build/modern/useQuery.js:[2m7:10[22m[39m
[36m [2mÔØ»[22m Module.useUsers app/features/users/hooks/useUsers.ts:[2m46:7[22m[39m
    [90m 44| [39m    error[33m,[39m
    [90m 45| [39m    refetch[33m,[39m
    [90m 46| [39m  } [33m=[39m [34museQuery[39m({
    [90m   | [39m      [31m^[39m
    [90m 47| [39m    queryKey[33m:[39m userKeys[33m.[39m[34mlist[39m(params)[33m,[39m
    [90m 48| [39m    queryFn[33m:[39m () [33m=>[39m [34mlistUsers[39m(params)[33m,[39m
[90m [2mÔØ»[22m app/features/users/hooks/__tests__/useUsers.test.ts:[2m58:9[22m[39m
[90m [2mÔØ»[22m TestComponent node_modules/@testing-library/react/dist/pure.js:[2m331:27[22m[39m
[90m [2mÔØ»[22m Object.react_stack_bottom_frame node_modules/react-dom/cjs/react-dom-client.development.js:[2m25904:20[22m[39m
[90m [2mÔØ»[22m renderWithHooks node_modules/react-dom/cjs/react-dom-client.development.js:[2m7662:22[22m[39m
[90m [2mÔØ»[22m updateFunctionComponent node_modules/react-dom/cjs/react-dom-client.development.js:[2m10166:19[22m[39m
[90m [2mÔØ»[22m beginWork node_modules/react-dom/cjs/react-dom-client.development.js:[2m11778:18[22m[39m

[31m[2mÔÄ»ÔÄ»ÔÄ»ÔÄ»ÔÄ»ÔÄ»ÔÄ»ÔÄ»ÔÄ»ÔÄ»ÔÄ»ÔÄ»ÔÄ»ÔÄ»ÔÄ»ÔÄ»ÔÄ»ÔÄ»ÔÄ»ÔÄ»ÔÄ»[89/275]ÔÄ»[22m[39m

[41m[1m FAIL [22m[49m app/features/users/hooks/__tests__/useUsers.test.ts[2m > [22museUsers[2m > [22museUser[2m > [22mshould fetch single user
[31m[1mError[22m: No QueryClient set, use QueryClientProvider to set one[39m
[90m [2mÔØ»[22m useQueryClient node_modules/@tanstack/react-query/build/modern/QueryClientProvider.js:[2m15:11[22m[39m
[90m [2mÔØ»[22m useBaseQuery node_modules/@tanstack/react-query/build/modern/useBaseQuery.js:[2m30:18[22m[39m
[90m [2mÔØ»[22m useQuery node_modules/@tanstack/react-query/build/modern/useQuery.js:[2m7:10[22m[39m
[36m [2mÔØ»[22m Module.useUser app/features/users/hooks/useUsers.ts:[2m89:7[22m[39m
    [90m 87| [39m    error[33m,[39m
    [90m 88| [39m    refetch[33m,[39m
    [90m 89| [39m  } [33m=[39m [34museQuery[39m({
    [90m   | [39m      [31m^[39m
    [90m 90| [39m    queryKey[33m:[39m userKeys[33m.[39m[34mdetail[39m(userId [33m||[39m [32m""[39m)[33m,[39m
    [90m 91| [39m    queryFn[33m:[39m () [33m=>[39m {
[90m [2mÔØ»[22m app/features/users/hooks/__tests__/useUsers.test.ts:[2m83:43[22m[39m
[90m [2mÔØ»[22m TestComponent node_modules/@testing-library/react/dist/pure.js:[2m331:27[22m[39m
[90m [2mÔØ»[22m Object.react_stack_bottom_frame node_modules/react-dom/cjs/react-dom-client.development.js:[2m25904:20[22m[39m
[90m [2mÔØ»[22m renderWithHooks node_modules/react-dom/cjs/react-dom-client.development.js:[2m7662:22[22m[39m
[90m [2mÔØ»[22m updateFunctionComponent node_modules/react-dom/cjs/react-dom-client.development.js:[2m10166:19[22m[39m
[90m [2mÔØ»[22m beginWork node_modules/react-dom/cjs/react-dom-client.development.js:[2m11778:18[22m[39m

[31m[2mÔÄ»ÔÄ»ÔÄ»ÔÄ»ÔÄ»ÔÄ»ÔÄ»ÔÄ»ÔÄ»ÔÄ»ÔÄ»ÔÄ»ÔÄ»ÔÄ»ÔÄ»ÔÄ»ÔÄ»ÔÄ»ÔÄ»ÔÄ»ÔÄ»[90/275]ÔÄ»[22m[39m

[41m[1m FAIL [22m[49m app/features/users/hooks/__tests__/useUsers.test.ts[2m > [22museUsers[2m > [22museUser[2m > [22mshould return null for non-existent user
[31m[1mError[22m: No QueryClient set, use QueryClientProvider to set one[39m
[90m [2mÔØ»[22m useQueryClient node_modules/@tanstack/react-query/build/modern/QueryClientProvider.js:[2m15:11[22m[39m
[90m [2mÔØ»[22m useBaseQuery node_modules/@tanstack/react-query/build/modern/useBaseQuery.js:[2m30:18[22m[39m
[90m [2mÔØ»[22m useQuery node_modules/@tanstack/react-query/build/modern/useQuery.js:[2m7:10[22m[39m
[36m [2mÔØ»[22m Module.useUser app/features/users/hooks/useUsers.ts:[2m89:7[22m[39m
    [90m 87| [39m    error[33m,[39m
    [90m 88| [39m    refetch[33m,[39m
    [90m 89| [39m  } [33m=[39m [34museQuery[39m({
    [90m   | [39m      [31m^[39m
    [90m 90| [39m    queryKey[33m:[39m userKeys[33m.[39m[34mdetail[39m(userId [33m||[39m [32m""[39m)[33m,[39m
    [90m 91| [39m    queryFn[33m:[39m () [33m=>[39m {
[90m [2mÔØ»[22m app/features/users/hooks/__tests__/useUsers.test.ts:[2m97:43[22m[39m
[90m [2mÔØ»[22m TestComponent node_modules/@testing-library/react/dist/pure.js:[2m331:27[22m[39m
[90m [2mÔØ»[22m Object.react_stack_bottom_frame node_modules/react-dom/cjs/react-dom-client.development.js:[2m25904:20[22m[39m
[90m [2mÔØ»[22m renderWithHooks node_modules/react-dom/cjs/react-dom-client.development.js:[2m7662:22[22m[39m
[90m [2mÔØ»[22m updateFunctionComponent node_modules/react-dom/cjs/react-dom-client.development.js:[2m10166:19[22m[39m
[90m [2mÔØ»[22m beginWork node_modules/react-dom/cjs/react-dom-client.development.js:[2m11778:18[22m[39m

[31m[2mÔÄ»ÔÄ»ÔÄ»ÔÄ»ÔÄ»ÔÄ»ÔÄ»ÔÄ»ÔÄ»ÔÄ»ÔÄ»ÔÄ»ÔÄ»ÔÄ»ÔÄ»ÔÄ»ÔÄ»ÔÄ»ÔÄ»ÔÄ»ÔÄ»[91/275]ÔÄ»[22m[39m

[41m[1m FAIL [22m[49m app/features/views/hooks/__tests__/useFilterUrlSync.test.ts[2m > [22museFilterUrlSync[2m > [22mshould update filter ID in URL
[31m[1mAssertionError[22m: expected undefined to be 'filter-456' // Object.is equality

Ignored nodes: comments, script, style
[36m<html>[31m
  [36m<head />[31m
  [36m<body />[31m
[36m</html>[31m[39m

[32m- Expected:[39m 
"filter-456"

[31m+ Received:[39m 
undefined

[36m [2mÔØ»[22m timeout app/features/views/hooks/__tests__/useFilterUrlSync.test.ts:[2m106:41[22m[39m
    [90m104| [39m    [35mawait[39m [34mwaitFor[39m(
    [90m105| [39m      () [33m=>[39m {
    [90m106| [39m        [34mexpect[39m(updatedResult[33m?.[39mfilterId)[33m.[39m[34mtoBe[39m([32m"filter-456"[39m)[33m;[39m
    [90m   | [39m                                        [31m^[39m
    [90m107| [39m      }[33m,[39m
    [90m108| [39m      { timeout[33m:[39m [34m2000[39m }
[90m [2mÔØ»[22m runWithExpensiveErrorDiagnosticsDisabled node_modules/@testing-library/dom/dist/config.js:[2m47:12[22m[39m
[90m [2mÔØ»[22m checkCallback node_modules/@testing-library/dom/dist/wait-for.js:[2m124:77[22m[39m
[90m [2mÔØ»[22m Timeout.checkRealTimersCallback node_modules/@testing-library/dom/dist/wait-for.js:[2m118:16[22m[39m

[31m[2mÔÄ»ÔÄ»ÔÄ»ÔÄ»ÔÄ»ÔÄ»ÔÄ»ÔÄ»ÔÄ»ÔÄ»ÔÄ»ÔÄ»ÔÄ»ÔÄ»ÔÄ»ÔÄ»ÔÄ»ÔÄ»ÔÄ»ÔÄ»ÔÄ»[92/275]ÔÄ»[22m[39m

[41m[1m FAIL [22m[49m app/features/views/hooks/__tests__/useFilterUrlSync.test.ts[2m > [22museFilterUrlSync[2m > [22mshould clear filter ID from URL
[31m[1mAssertionError[22m: expected undefined to be null

Ignored nodes: comments, script, style
[36m<html>[31m
  [36m<head />[31m
  [36m<body />[31m
[36m</html>[31m[39m

[32m- Expected:[39m 
null

[31m+ Received:[39m 
undefined

[36m [2mÔØ»[22m timeout app/features/views/hooks/__tests__/useFilterUrlSync.test.ts:[2m139:41[22m[39m
    [90m137| [39m    [35mawait[39m [34mwaitFor[39m(
    [90m138| [39m      () [33m=>[39m {
    [90m139| [39m        [34mexpect[39m(updatedResult[33m?.[39mfilterId)[33m.[39m[34mtoBeNull[39m()[33m;[39m
    [90m   | [39m                                        [31m^[39m
    [90m140| [39m      }[33m,[39m
    [90m141| [39m      { timeout[33m:[39m [34m2000[39m }
[90m [2mÔØ»[22m runWithExpensiveErrorDiagnosticsDisabled node_modules/@testing-library/dom/dist/config.js:[2m47:12[22m[39m
[90m [2mÔØ»[22m checkCallback node_modules/@testing-library/dom/dist/wait-for.js:[2m124:77[22m[39m
[90m [2mÔØ»[22m Timeout.checkRealTimersCallback node_modules/@testing-library/dom/dist/wait-for.js:[2m118:16[22m[39m

[31m[2mÔÄ»ÔÄ»ÔÄ»ÔÄ»ÔÄ»ÔÄ»ÔÄ»ÔÄ»ÔÄ»ÔÄ»ÔÄ»ÔÄ»ÔÄ»ÔÄ»ÔÄ»ÔÄ»ÔÄ»ÔÄ»ÔÄ»ÔÄ»ÔÄ»[93/275]ÔÄ»[22m[39m

[41m[1m FAIL [22m[49m app/features/views/hooks/__tests__/useSavedFilters.test.ts[2m > [22museSavedFilters[2m > [22mshould create a filter
[31m[1mAssertionError[22m: expected "vi.fn()" to be called with arguments: [ { name: 'New Filter', ÔÇª(2) } ][90m

Number of calls: [1m0[22m
[31m[39m
[36m [2mÔØ»[22m app/features/views/hooks/__tests__/useSavedFilters.test.ts:[2m135:47[22m[39m
    [90m133| [39m
    [90m134| [39m    [34mexpect[39m(created)[33m.[39m[34mtoEqual[39m(mockFilter)[33m;[39m
    [90m135| [39m    expect(savedFiltersApi.createSavedFilter).toHaveBeenCalledWith(filÔÇª
    [90m   | [39m                                              [31m^[39m
    [90m136| [39m  })[33m;[39m
    [90m137| [39m

[31m[2mÔÄ»ÔÄ»ÔÄ»ÔÄ»ÔÄ»ÔÄ»ÔÄ»ÔÄ»ÔÄ»ÔÄ»ÔÄ»ÔÄ»ÔÄ»ÔÄ»ÔÄ»ÔÄ»ÔÄ»ÔÄ»ÔÄ»ÔÄ»ÔÄ»[94/275]ÔÄ»[22m[39m

[41m[1m FAIL [22m[49m app/features/views/hooks/__tests__/useSavedFilters.test.ts[2m > [22museSavedFilters[2m > [22mshould get my filters (not shared)
[31m[1mAssertionError[22m: expected true to be false // Object.is equality

Ignored nodes: comments, script, style
[36m<html>[31m
  [36m<head />[31m
  [36m<body />[31m
[36m</html>[31m[39m

[32m- Expected[39m
[31m+ Received[39m

[32m- false[39m
[31m+ true[39m

[36m [2mÔØ»[22m app/features/views/hooks/__tests__/useSavedFilters.test.ts:[2m234:38[22m[39m
    [90m232| [39m
    [90m233| [39m    [35mawait[39m [34mwaitFor[39m(() [33m=>[39m {
    [90m234| [39m      [34mexpect[39m(result[33m.[39mcurrent[33m.[39mloading)[33m.[39m[34mtoBe[39m([35mfalse[39m)[33m;[39m
    [90m   | [39m                                     [31m^[39m
    [90m235| [39m    })[33m;[39m
    [90m236| [39m
[90m [2mÔØ»[22m runWithExpensiveErrorDiagnosticsDisabled node_modules/@testing-library/dom/dist/config.js:[2m47:12[22m[39m
[90m [2mÔØ»[22m checkCallback node_modules/@testing-library/dom/dist/wait-for.js:[2m124:77[22m[39m
[90m [2mÔØ»[22m Timeout.checkRealTimersCallback node_modules/@testing-library/dom/dist/wait-for.js:[2m118:16[22m[39m

[31m[2mÔÄ»ÔÄ»ÔÄ»ÔÄ»ÔÄ»ÔÄ»ÔÄ»ÔÄ»ÔÄ»ÔÄ»ÔÄ»ÔÄ»ÔÄ»ÔÄ»ÔÄ»ÔÄ»ÔÄ»ÔÄ»ÔÄ»ÔÄ»ÔÄ»[95/275]ÔÄ»[22m[39m

[41m[1m FAIL [22m[49m app/features/files/components/previewers/__tests__/CodePreview.test.tsx[2m > [22mCodePreview[2m > [22mshould display code content
[41m[1m FAIL [22m[49m app/features/files/components/previewers/__tests__/CodePreview.test.tsx[2m > [22mCodePreview[2m > [22mshould detect language from file extension
[31m[1mError[22m: [vitest] No "Prism" export is defined on the "react-syntax-highlighter" mock. Did you forget to return it from "vi.mock"?
If you need to partially mock a module, you can use "importOriginal" helper inside:
[39m
vi.mock(import("react-syntax-highlighter"), async (importOriginal) => {
  const actual = await importOriginal()
  return {
    ...actual,
    // your mocked methods
  }
})

[36m [2mÔØ»[22m CodePreview app/features/files/components/previewers/CodePreview.tsx:[2m140:12[22m[39m
    [90m138| [39m      [33m<[39m[33mCardContent[39m [33mclassName[39m[33m=[39m[32m"p-6"[39m[33m>[39m
    [90m139| [39m        [33m<[39m[33mdiv[39m [33mclassName[39m[33m=[39m[32m"border rounded-md overflow-auto max-h-[600px]"[39m[33m>[39m
    [90m140| [39m          [33m<[39m[33mSyntaxHighlighter[39m
    [90m   | [39m           [31m^[39m
    [90m141| [39m            [33mlanguage[39m[33m=[39m[33m{[39mlanguage[33m}[39m
    [90m142| [39m            [33mstyle[39m[33m=[39m[33m{[39mvscDarkPlus[33m}[39m
[90m [2mÔØ»[22m Object.react_stack_bottom_frame node_modules/react-dom/cjs/react-dom-client.development.js:[2m25904:20[22m[39m
[90m [2mÔØ»[22m renderWithHooks node_modules/react-dom/cjs/react-dom-client.development.js:[2m7662:22[22m[39m
[90m [2mÔØ»[22m updateFunctionComponent node_modules/react-dom/cjs/react-dom-client.development.js:[2m10166:19[22m[39m
[90m [2mÔØ»[22m beginWork node_modules/react-dom/cjs/react-dom-client.development.js:[2m11778:18[22m[39m
[90m [2mÔØ»[22m runWithFiberInDEV node_modules/react-dom/cjs/react-dom-client.development.js:[2m874:13[22m[39m
[90m [2mÔØ»[22m performUnitOfWork node_modules/react-dom/cjs/react-dom-client.development.js:[2m17641:22[22m[39m
[90m [2mÔØ»[22m workLoopSync node_modules/react-dom/cjs/react-dom-client.development.js:[2m17469:41[22m[39m

[31m[2mÔÄ»ÔÄ»ÔÄ»ÔÄ»ÔÄ»ÔÄ»ÔÄ»ÔÄ»ÔÄ»ÔÄ»ÔÄ»ÔÄ»ÔÄ»ÔÄ»ÔÄ»ÔÄ»ÔÄ»ÔÄ»ÔÄ»ÔÄ»ÔÄ»[96/275]ÔÄ»[22m[39m

[41m[1m FAIL [22m[49m app/features/files/components/previewers/__tests__/CsvPreview.test.tsx[2m > [22mCsvPreview[2m > [22mshould display message when CSV is empty
[31m[1mTestingLibraryElementError[22m[39m: Unable to find an element with the text: No hay datos. This could be because the text is broken up by multiple elements. In this case, you can provide a function for your text matcher to make 
your matcher more flexible.

Ignored nodes: comments, script, style
[36m<body>[39m
  [36m<div>[39m
    [36m<div[39m
      [33mclass[39m=[32m"rounded-lg border bg-[hsl(var(--card))] text-[hsl(var(--card-foreground))] shadow-sm"[39m
    [36m>[39m
      [36m<div[39m
        [33mclass[39m=[32m"p-6 text-center"[39m
      [36m>[39m
        [36m<p>[39m
          [0mCargando...[0m
        [36m</p>[39m
      [36m</div>[39m
    [36m</div>[39m
  [36m</div>[39m
  [36m<div>[39m
    [36m<div[39m
      [33mclass[39m=[32m"rounded-lg border bg-[hsl(var(--card))] text-[hsl(var(--card-foreground))] shadow-sm"[39m
    [36m>[39m
      [36m<div[39m
        [33mclass[39m=[32m"p-6 text-center"[39m
      [36m>[39m
        [36m<p[39m
          [33mclass[39m=[32m"text-destructive"[39m
        [36m>[39m
          [0mError[0m
        [36m</p>[39m
      [36m</div>[39m
    [36m</div>[39m
  [36m</div>[39m
  [36m<div>[39m
    [36m<div[39m
      [33mclass[39m=[32m"rounded-lg border bg-[hsl(var(--card))] text-[hsl(var(--card-foreground))] shadow-sm"[39m
    [36m>[39m
      [36m<div[39m
        [33mclass[39m=[32m"p-6"[39m
      [36m>[39m
        [36m<div[39m
          [33mclass[39m=[32m"border rounded-md overflow-auto max-h-[600px]"[39m
        [36m>[39m
          [36m<div[39m
            [33mclass[39m=[32m"relative w-full overflow-auto"[39m
          [36m>[39m
            [36m<table[39m
              [33mclass[39m=[32m"w-full caption-bottom text-sm"[39m
            [36m>[39m
              [36m<thead[39m
                [33mclass[39m=[32m"[&_tr]:border-b"[39m
              [36m>[39m
                [36m<tr[39m
                  [33mclass[39m=[32m"border-b transition-colors hover:bg-muted/50 data-[state=selected]:bg-muted"[39m
                [36m>[39m
                  [36m<th[39m
                    [33mclass[39m=[32m"h-12 px-4 text-left align-middle font-medium text-muted-foreground [&:has([role=checkbox])]:pr-0"[39m
                  [36m>[39m
                    [0mName[0m
                  [36m</th>[39m
                  [36m<th[39m
                    [33mclass[39m=[32m"h-12 px-4 text-left align-middle font-medium text-muted-foreground [&:has([role=checkbox])]:pr-0"[39m
                  [36m>[39m
                    [0mAge[0m
                  [36m</th>[39m
                  [36m<th[39m
                    [33mclass[39m=[32m"h-12 px-4 text-left align-middle font-medium text-muted-foreground [&:has([role=checkbox])]:pr-0"[39m
                  [36m>[39m
                    [0mCity[0m
                  [36m</th>[39m
                [36m</tr>[39m
              [36m</thead>[39m
              [36m<tbody[39m
                [33mclass[39m=[32m"[&_tr:last-child]:border-0"[39m
              [36m>[39m
                [36m<tr[39m
                  [33mclass[39m=[32m"border-b transition-colors hover:bg-muted/50 data-[state=selected]:bg-muted"[39m
                [36m>[39m
                  [36m<td[39m
                    [33mclass[39m=[32m"p-4 align-middle [&:has([role=checkbox])]:pr-0"[39m
                  [36m>[39m
                    [0mJohn[0m
                  [36m</td>[39m
                  [36m<td[39m
                    [33mclass[39m=[32m"p-4 align-middle [&:has([role=checkbox])]:pr-0"[39m
                  [36m>[39m
                    [0m30[0m
                  [36m</td>[39m
                  [36m<td[39m
                    [33mclass[39m=[32m"p-4 align-middle [&:has([role=checkbox])]:pr-0"[39m
                  [36m>[39m
                    [0mNew York[0m
                  [36m</td>[39m
                [36m</tr>[39m
                [36m<tr[39m
                  [33mclass[39m=[32m"border-b transition-colors hover:bg-muted/50 data-[state=selected]:bg-muted"[39m
                [36m>[39m
                  [36m<td[39m
                    [33mclass[39m=[32m"p-4 align-middle [&:has([role=checkbox])]:pr-0"[39m
                  [36m>[39m
                    [0mJane[0m
                  [36m</td>[39m
                  [36m<td[39m
                    [33mclass[39m=[32m"p-4 align-middle [&:has([role=checkbox])]:pr-0"[39m
                  [36m>[39m
                    [0m25[0m
                  [36m</td>[39m
                  [36m<td[39m
                    [33mclass[39m=[32m"p-4 align-middle [&:has([role=checkbox])]:pr-0"[39m
                  [36m>[39m
                    [0mBoston[0m
                  [36m</td>[39m
                [36m</tr>[39m
              [36m</tbody>[39m
            [36m</table>[39m
          [36m</div>[39m
        [36m</div>[39m
      [36m</div>[39m
    [36m</div>[39m
  [36m</div>[39m
  [36m<div>[39m
    [36m<div[39m
      [33mclass[39m=[32m"rounded-lg border bg-[hsl(var(--card))] text-[hsl(var(--card-foreground))] shadow-sm"[39m
    [36m>[39m
      [36m<div[39m
        [33mclass[39m=[32m"p-6 text-center"[39m
      [36m>[39m
        [36m<p[39m
          [33mclass[39m=[32m"text-muted-foreground"[39m
        [36m>[39m
          [0mVista previa no disponible[0m
        [36m</p>[39m
      [36m</div>[39m
    [36m</div>[39m
  [36m</div>[39m
[36m</body>[39m
[90m [2mÔØ»[22m Object.getElementError node_modules/@testing-library/dom/dist/config.js:[2m37:19[22m[39m
[90m [2mÔØ»[22m node_modules/@testing-library/dom/dist/query-helpers.js:[2m76:38[22m[39m
[90m [2mÔØ»[22m node_modules/@testing-library/dom/dist/query-helpers.js:[2m52:17[22m[39m
[90m [2mÔØ»[22m node_modules/@testing-library/dom/dist/query-helpers.js:[2m95:19[22m[39m
[36m [2mÔØ»[22m app/features/files/components/previewers/__tests__/CsvPreview.test.tsx:[2m123:19[22m[39m
    [90m121| [39m    )[33m;[39m
    [90m122| [39m
    [90m123| [39m    [34mexpect[39m(screen[33m.[39m[34mgetByText[39m([32m"No hay datos"[39m))[33m.[39m[34mtoBeInTheDocument[39m()[33m;[39m
    [90m   | [39m                  [31m^[39m
    [90m124| [39m  })[33m;[39m
    [90m125| [39m})[33m;[39m

[31m[2mÔÄ»ÔÄ»ÔÄ»ÔÄ»ÔÄ»ÔÄ»ÔÄ»ÔÄ»ÔÄ»ÔÄ»ÔÄ»ÔÄ»ÔÄ»ÔÄ»ÔÄ»ÔÄ»ÔÄ»ÔÄ»ÔÄ»ÔÄ»ÔÄ»[97/275]ÔÄ»[22m[39m

[41m[1m FAIL [22m[49m app/features/files/components/previewers/__tests__/JsonPreview.test.tsx[2m > [22mJsonPreview[2m > [22mshould display valid JSON content
[31m[1mError[22m: [vitest] No "Prism" export is defined on the "react-syntax-highlighter" mock. Did you forget to return it from "vi.mock"?
If you need to partially mock a module, you can use "importOriginal" helper inside:
[39m
vi.mock(import("react-syntax-highlighter"), async (importOriginal) => {
  const actual = await importOriginal()
  return {
    ...actual,
    // your mocked methods
  }
})

[36m [2mÔØ»[22m JsonPreview app/features/files/components/previewers/JsonPreview.tsx:[2m86:14[22m[39m
    [90m 84| [39m        [33m<[39m[33mdiv[39m [33mclassName[39m[33m=[39m[32m"border rounded-md overflow-auto max-h-[600px]"[39m[33m>[39m
    [90m 85| [39m          [33m{[39misValidJson [33m?[39m (
    [90m 86| [39m            [33m<[39m[33mSyntaxHighlighter[39m
    [90m   | [39m             [31m^[39m
    [90m 87| [39m              [33mlanguage[39m[33m=[39m[32m"json"[39m
    [90m 88| [39m              [33mstyle[39m[33m=[39m[33m{[39mvscDarkPlus[33m}[39m
[90m [2mÔØ»[22m Object.react_stack_bottom_frame node_modules/react-dom/cjs/react-dom-client.development.js:[2m25904:20[22m[39m
[90m [2mÔØ»[22m renderWithHooks node_modules/react-dom/cjs/react-dom-client.development.js:[2m7662:22[22m[39m
[90m [2mÔØ»[22m updateFunctionComponent node_modules/react-dom/cjs/react-dom-client.development.js:[2m10166:19[22m[39m
[90m [2mÔØ»[22m beginWork node_modules/react-dom/cjs/react-dom-client.development.js:[2m11778:18[22m[39m
[90m [2mÔØ»[22m runWithFiberInDEV node_modules/react-dom/cjs/react-dom-client.development.js:[2m874:13[22m[39m
[90m [2mÔØ»[22m performUnitOfWork node_modules/react-dom/cjs/react-dom-client.development.js:[2m17641:22[22m[39m
[90m [2mÔØ»[22m workLoopSync node_modules/react-dom/cjs/react-dom-client.development.js:[2m17469:41[22m[39m

[31m[2mÔÄ»ÔÄ»ÔÄ»ÔÄ»ÔÄ»ÔÄ»ÔÄ»ÔÄ»ÔÄ»ÔÄ»ÔÄ»ÔÄ»ÔÄ»ÔÄ»ÔÄ»ÔÄ»ÔÄ»ÔÄ»ÔÄ»ÔÄ»ÔÄ»[98/275]ÔÄ»[22m[39m

[41m[1m FAIL [22m[49m app/features/files/components/previewers/__tests__/MarkdownPreview.test.tsx[2m > [22mMarkdownPreview[2m > [22mshould display loading state
[41m[1m FAIL [22m[49m app/features/files/components/previewers/__tests__/MarkdownPreview.test.tsx[2m > [22mMarkdownPreview[2m > [22mshould display error state
[41m[1m FAIL [22m[49m app/features/files/components/previewers/__tests__/MarkdownPreview.test.tsx[2m > [22mMarkdownPreview[2m > [22mshould display markdown content
[41m[1m FAIL [22m[49m app/features/files/components/previewers/__tests__/MarkdownPreview.test.tsx[2m > [22mMarkdownPreview[2m > [22mshould display file too large message for large files
[31m[1mError[22m: [vitest] No "default" export is defined on the "remark-gfm" mock. Did you forget to return it from "vi.mock"?
If you need to partially mock a module, you can use "importOriginal" helper inside:
[39m
vi.mock(import("remark-gfm"), async (importOriginal) => {
  const actual = await importOriginal()
  return {
    ...actual,
    // your mocked methods
  }
})

[36m [2mÔØ»[22m app/features/files/components/previewers/MarkdownPreview.tsx:[2m80:29[22m[39m
    [90m 78| [39m  [90m// Build remark plugins array (only include mermaid if loaded)[39m
    [90m 79| [39m  [35mconst[39m remarkPlugins [33m=[39m [34museMemo[39m(() [33m=>[39m {
    [90m 80| [39m    [35mconst[39m plugins[33m:[39m any[] [33m=[39m [remarkGfm][33m;[39m
    [90m   | [39m                            [31m^[39m
    [90m 81| [39m    [35mif[39m (mermaidPlugin) {
    [90m 82| [39m      plugins[33m.[39m[34mpush[39m(mermaidPlugin)[33m;[39m
[90m [2mÔØ»[22m mountMemo node_modules/react-dom/cjs/react-dom-client.development.js:[2m8777:23[22m[39m
[90m [2mÔØ»[22m Object.useMemo node_modules/react-dom/cjs/react-dom-client.development.js:[2m26216:18[22m[39m
[90m [2mÔØ»[22m process.env.NODE_ENV.exports.useMemo node_modules/react/cjs/react.development.js:[2m1251:34[22m[39m
[90m [2mÔØ»[22m MarkdownPreview app/features/files/components/previewers/MarkdownPreview.tsx:[2m79:25[22m[39m
[90m [2mÔØ»[22m Object.react_stack_bottom_frame node_modules/react-dom/cjs/react-dom-client.development.js:[2m25904:20[22m[39m
[90m [2mÔØ»[22m renderWithHooks node_modules/react-dom/cjs/react-dom-client.development.js:[2m7662:22[22m[39m
[90m [2mÔØ»[22m updateFunctionComponent node_modules/react-dom/cjs/react-dom-client.development.js:[2m10166:19[22m[39m

[31m[2mÔÄ»ÔÄ»ÔÄ»ÔÄ»ÔÄ»ÔÄ»ÔÄ»ÔÄ»ÔÄ»ÔÄ»ÔÄ»ÔÄ»ÔÄ»ÔÄ»ÔÄ»ÔÄ»ÔÄ»ÔÄ»ÔÄ»ÔÄ»ÔÄ»[99/275]ÔÄ»[22m[39m

[41m[1m FAIL [22m[49m app/features/files/components/previewers/__tests__/MermaidPreview.test.tsx[2m > [22mMermaidPreview[2m > [22mshould render Mermaid diagram
[31m[1mTestingLibraryElementError[22m: Unable to find an element with the text: /Start/. This could be because the text is broken up by multiple elements. In this case, you can provide a function for your text matcher to make your matcher 
more flexible.

Ignored nodes: comments, script, style
[36m<body />[31m

Ignored nodes: comments, script, style
[36m<html>[31m
  [36m<head />[31m
  [36m<body />[31m
[36m</html>[31m[39m
[90m [2mÔØ»[22m Proxy.waitForWrapper node_modules/@testing-library/dom/dist/wait-for.js:[2m163:27[22m[39m
[36m [2mÔØ»[22m app/features/files/components/previewers/__tests__/MermaidPreview.test.tsx:[2m110:11[22m[39m
    [90m108| [39m    )[33m;[39m
    [90m109| [39m
    [90m110| [39m    [35mawait[39m [34mwaitFor[39m(() [33m=>[39m {
    [90m   | [39m          [31m^[39m
    [90m111| [39m      [90m// Mermaid should render the diagram[39m
    [90m112| [39m      [34mexpect[39m(screen[33m.[39m[34mgetByText[39m([36m/Start/[39m))[33m.[39m[34mtoBeInTheDocument[39m()[33m;[39m

[31m[2mÔÄ»ÔÄ»ÔÄ»ÔÄ»ÔÄ»ÔÄ»ÔÄ»ÔÄ»ÔÄ»ÔÄ»ÔÄ»ÔÄ»ÔÄ»ÔÄ»ÔÄ»ÔÄ»ÔÄ»ÔÄ»ÔÄ»ÔÄ»[100/275]ÔÄ»[22m[39m

[31mÔÄ»ÔÄ»ÔÄ»ÔÄ»ÔÄ»ÔÄ»[39m[1m[41m Unhandled Errors [49m[22m[31mÔÄ»ÔÄ»ÔÄ»ÔÄ»ÔÄ»ÔÄ»[39m
[31m[1m
Vitest caught 8 unhandled errors during the test run.
This might cause false positive tests. Resolve unhandled errors to make sure your tests are not affected.[22m[39m

[31mÔÄ»ÔÄ»ÔÄ»ÔÄ»ÔÄ»[39m[1m[41m Uncaught Exception [49m[22m[31mÔÄ»ÔÄ»ÔÄ»ÔÄ»ÔÄ»[39m
[31m[1mTypeError[22m: Expected an element or document but got Object[39m
[90m [2mÔØ»[22m prettyDOM node_modules/@testing-library/dom/dist/pretty-dom.js:[2m74:11[22m[39m
[90m [2mÔØ»[22m Object.getElementError node_modules/@testing-library/dom/dist/config.js:[2m36:52[22m[39m
[90m [2mÔØ»[22m onTimeout node_modules/@testing-library/dom/dist/wait-for.js:[2m22:39[22m[39m
[90m [2mÔØ»[22m Timeout.handleTimeout [as _onTimeout] node_modules/@testing-library/dom/dist/wait-for.js:[2m156:14[22m[39m
[90m [2mÔØ»[22m listOnTimeout node:internal/timers:[2m588:17[22m[39m
[90m [2mÔØ»[22m processTimers node:internal/timers:[2m523:7[22m[39m

[31mThis error originated in "[1mapp/hooks/__tests__/useThemeConfig.test.ts[22m" test file. It doesn't mean the error was thrown inside the file itself, but while it was running.[39m

[31mÔÄ»ÔÄ»ÔÄ»ÔÄ»ÔÄ»[39m[1m[41m Uncaught Exception [49m[22m[31mÔÄ»ÔÄ»ÔÄ»ÔÄ»ÔÄ»[39m
[31m[1mTypeError[22m: Expected an element or document but got Object[39m
[90m [2mÔØ»[22m prettyDOM node_modules/@testing-library/dom/dist/pretty-dom.js:[2m74:11[22m[39m
[90m [2mÔØ»[22m Object.getElementError node_modules/@testing-library/dom/dist/config.js:[2m36:52[22m[39m
[90m [2mÔØ»[22m onTimeout node_modules/@testing-library/dom/dist/wait-for.js:[2m22:39[22m[39m
[90m [2mÔØ»[22m Timeout.handleTimeout [as _onTimeout] node_modules/@testing-library/dom/dist/wait-for.js:[2m156:14[22m[39m
[90m [2mÔØ»[22m listOnTimeout node:internal/timers:[2m588:17[22m[39m
[90m [2mÔØ»[22m processTimers node:internal/timers:[2m523:7[22m[39m

[31mThis error originated in "[1mapp/hooks/__tests__/useThemeConfig.test.ts[22m" test file. It doesn't mean the error was thrown inside the file itself, but while it was running.[39m

[31mÔÄ»ÔÄ»ÔÄ»ÔÄ»ÔÄ»[39m[1m[41m Uncaught Exception [49m[22m[31mÔÄ»ÔÄ»ÔÄ»ÔÄ»ÔÄ»[39m
[31m[1mTypeError[22m: Expected an element or document but got Object[39m
[90m [2mÔØ»[22m prettyDOM node_modules/@testing-library/dom/dist/pretty-dom.js:[2m74:11[22m[39m
[90m [2mÔØ»[22m Object.getElementError node_modules/@testing-library/dom/dist/config.js:[2m36:52[22m[39m
[90m [2mÔØ»[22m onTimeout node_modules/@testing-library/dom/dist/wait-for.js:[2m22:39[22m[39m
[90m [2mÔØ»[22m Timeout.handleTimeout [as _onTimeout] node_modules/@testing-library/dom/dist/wait-for.js:[2m156:14[22m[39m
[90m [2mÔØ»[22m listOnTimeout node:internal/timers:[2m588:17[22m[39m
[90m [2mÔØ»[22m processTimers node:internal/timers:[2m523:7[22m[39m

[31mThis error originated in "[1mapp/hooks/__tests__/useThemeConfig.test.ts[22m" test file. It doesn't mean the error was thrown inside the file itself, but while it was running.[39m

[31mÔÄ»ÔÄ»ÔÄ»ÔÄ»ÔÄ»[39m[1m[41m Uncaught Exception [49m[22m[31mÔÄ»ÔÄ»ÔÄ»ÔÄ»ÔÄ»[39m
[31m[1mTypeError[22m: Expected an element or document but got Object[39m
[90m [2mÔØ»[22m prettyDOM node_modules/@testing-library/dom/dist/pretty-dom.js:[2m74:11[22m[39m
[90m [2mÔØ»[22m Object.getElementError node_modules/@testing-library/dom/dist/config.js:[2m36:52[22m[39m
[90m [2mÔØ»[22m onTimeout node_modules/@testing-library/dom/dist/wait-for.js:[2m22:39[22m[39m
[90m [2mÔØ»[22m Timeout.handleTimeout [as _onTimeout] node_modules/@testing-library/dom/dist/wait-for.js:[2m156:14[22m[39m
[90m [2mÔØ»[22m listOnTimeout node:internal/timers:[2m588:17[22m[39m
[90m [2mÔØ»[22m processTimers node:internal/timers:[2m523:7[22m[39m

[31mThis error originated in "[1mapp/hooks/__tests__/useThemeConfig.test.ts[22m" test file. It doesn't mean the error was thrown inside the file itself, but while it was running.[39m

[31mÔÄ»ÔÄ»ÔÄ»ÔÄ»ÔÄ»[39m[1m[41m Uncaught Exception [49m[22m[31mÔÄ»ÔÄ»ÔÄ»ÔÄ»ÔÄ»[39m
[31m[1mTypeError[22m: Expected an element or document but got Object[39m
[90m [2mÔØ»[22m prettyDOM node_modules/@testing-library/dom/dist/pretty-dom.js:[2m74:11[22m[39m
[90m [2mÔØ»[22m Object.getElementError node_modules/@testing-library/dom/dist/config.js:[2m36:52[22m[39m
[90m [2mÔØ»[22m onTimeout node_modules/@testing-library/dom/dist/wait-for.js:[2m22:39[22m[39m
[90m [2mÔØ»[22m Timeout.handleTimeout [as _onTimeout] node_modules/@testing-library/dom/dist/wait-for.js:[2m156:14[22m[39m
[90m [2mÔØ»[22m listOnTimeout node:internal/timers:[2m588:17[22m[39m
[90m [2mÔØ»[22m processTimers node:internal/timers:[2m523:7[22m[39m

[31mThis error originated in "[1mapp/hooks/__tests__/useThemeConfig.test.ts[22m" test file. It doesn't mean the error was thrown inside the file itself, but while it was running.[39m

[31mÔÄ»ÔÄ»ÔÄ»ÔÄ»ÔÄ»[39m[1m[41m Uncaught Exception [49m[22m[31mÔÄ»ÔÄ»ÔÄ»ÔÄ»ÔÄ»[39m
[31m[1mTypeError[22m: Expected an element or document but got Object[39m
[90m [2mÔØ»[22m prettyDOM node_modules/@testing-library/dom/dist/pretty-dom.js:[2m74:11[22m[39m
[90m [2mÔØ»[22m Object.getElementError node_modules/@testing-library/dom/dist/config.js:[2m36:52[22m[39m

[90m [2mÔØ»[22m onTimeout node_modules/@testing-library/dom/dist/wait-for.js:[2m22:39[22m[39m
[90m [2mÔØ»[22m Timeout.handleTimeout [as _onTimeout] node_modules/@testing-library/dom/dist/wait-for.js:[2m156:14[22m[39m
[90m [2mÔØ»[22m listOnTimeout node:internal/timers:[2m588:17[22m[39m
[90m [2mÔØ»[22m processTimers node:internal/timers:[2m523:7[22m[39m

[31mThis error originated in "[1mapp/hooks/__tests__/useThemeConfig.test.ts[22m" test file. It doesn't mean the error was thrown inside the file itself, but while it was running.[39m

[31mÔÄ»ÔÄ»ÔÄ»ÔÄ»ÔÄ»ÔÄ»[39m[1m[41m Unhandled Error [49m[22m[31mÔÄ»ÔÄ»ÔÄ»ÔÄ»ÔÄ»ÔÄ»ÔÄ»[39m
[31m[1mError[22m: EMFILE: too many open files, open 'D:\Documents\Mis_proyectos\Proyectos_Actuales\aiutox_erp_core\frontend\node_modules\jsdom\lib\jsdom\living\helpers\traversal.js'[39m
[90m [2mÔØ»[22m Object.readFileSync node:fs:[2m441:20[22m[39m
[90m [2mÔØ»[22m defaultLoadImpl node:internal/modules/cjs/loader:[2m1124:17[22m[39m
[90m [2mÔØ»[22m loadSource node:internal/modules/cjs/loader:[2m1757:20[22m[39m
[90m [2mÔØ»[22m Object..js node:internal/modules/cjs/loader:[2m1889:44[22m[39m
[90m [2mÔØ»[22m Module.load node:internal/modules/cjs/loader:[2m1465:32[22m[39m
[90m [2mÔØ»[22m Function._load node:internal/modules/cjs/loader:[2m1282:12[22m[39m
[90m [2mÔØ»[22m TracingChannel.traceSync node:diagnostics_channel:[2m322:14[22m[39m
[90m [2mÔØ»[22m wrapModuleLoad node:internal/modules/cjs/loader:[2m235:24[22m[39m
[90m [2mÔØ»[22m Module.require node:internal/modules/cjs/loader:[2m1487:12[22m[39m
[90m [2mÔØ»[22m require node:internal/modules/helpers:[2m135:16[22m[39m

[31m[2mÔÄ»ÔÄ»ÔÄ»ÔÄ»ÔÄ»ÔÄ»ÔÄ»ÔÄ»ÔÄ»ÔÄ»ÔÄ»ÔÄ»ÔÄ»ÔÄ»ÔÄ»ÔÄ»ÔÄ»ÔÄ»ÔÄ»ÔÄ»ÔÄ»ÔÄ»ÔÄ»ÔÄ»ÔÄ»ÔÄ»ÔÄ»ÔÄ»ÔÄ»ÔÄ»[22m[39m
[31m[1mSerialized Error:[22m[39m [90m{ errno: -4066, code: 'EMFILE', syscall: 'open', path: 'D:\Documents\Mis_proyectos\Proyectos_Actuales\aiutox_erp_core\frontend\node_modules\jsdom\lib\jsdom\living\helpers\traversal.js' }[39m

[31mÔÄ»ÔÄ»ÔÄ»ÔÄ»ÔÄ»ÔÄ»[39m[1m[41m Unhandled Error [49m[22m[31mÔÄ»ÔÄ»ÔÄ»ÔÄ»ÔÄ»ÔÄ»ÔÄ»[39m
[31m[1mError[22m: EMFILE: too many open files, open 'D:\Documents\Mis_proyectos\Proyectos_Actuales\aiutox_erp_core\frontend\node_modules\jsdom\lib\jsdom\living\generated\HTMLButtonElement.js'[39m
[90m [2mÔØ»[22m Object.readFileSync node:fs:[2m441:20[22m[39m
[90m [2mÔØ»[22m defaultLoadImpl node:internal/modules/cjs/loader:[2m1124:17[22m[39m
[90m [2mÔØ»[22m loadSource node:internal/modules/cjs/loader:[2m1757:20[22m[39m
[90m [2mÔØ»[22m Object..js node:internal/modules/cjs/loader:[2m1889:44[22m[39m
[90m [2mÔØ»[22m Module.load node:internal/modules/cjs/loader:[2m1465:32[22m[39m
[90m [2mÔØ»[22m Function._load node:internal/modules/cjs/loader:[2m1282:12[22m[39m
[90m [2mÔØ»[22m TracingChannel.traceSync node:diagnostics_channel:[2m322:14[22m[39m
[90m [2mÔØ»[22m wrapModuleLoad node:internal/modules/cjs/loader:[2m235:24[22m[39m
[90m [2mÔØ»[22m Module.require node:internal/modules/cjs/loader:[2m1487:12[22m[39m
[90m [2mÔØ»[22m require node:internal/modules/helpers:[2m135:16[22m[39m

[31m[2mÔÄ»ÔÄ»ÔÄ»ÔÄ»ÔÄ»ÔÄ»ÔÄ»ÔÄ»ÔÄ»ÔÄ»ÔÄ»ÔÄ»ÔÄ»ÔÄ»ÔÄ»ÔÄ»ÔÄ»ÔÄ»ÔÄ»ÔÄ»ÔÄ»ÔÄ»ÔÄ»ÔÄ»ÔÄ»ÔÄ»ÔÄ»ÔÄ»ÔÄ»ÔÄ»[22m[39m
[31m[1mSerialized Error:[22m[39m [90m{ errno: -4066, code: 'EMFILE', syscall: 'open', path: 'D:\Documents\Mis_proyectos\Proyectos_Actuales\aiutox_erp_core\frontend\node_modules\jsdom\lib\jsdom\living\generated\HTMLButtonElement.js' }[39m
[31mÔÄ»ÔÄ»ÔÄ»ÔÄ»ÔÄ»ÔÄ»ÔÄ»ÔÄ»ÔÄ»ÔÄ»ÔÄ»ÔÄ»ÔÄ»ÔÄ»ÔÄ»ÔÄ»ÔÄ»ÔÄ»ÔÄ»ÔÄ»ÔÄ»ÔÄ»ÔÄ»ÔÄ»ÔÄ»ÔÄ»ÔÄ»ÔÄ»ÔÄ»ÔÄ»[39m

[2m Test Files [22m [1m[31m40 failed[39m[22m[2m | [22m[1m[32m27 passed[39m[22m[90m (67)[39m
[2m      Tests [22m [1m[31m267 failed[39m[22m[2m | [22m[1m[32m239 passed[39m[22m[90m (506)[39m
[2m     Errors [22m [1m[31m8 errors[39m[22m
[2m   Start at [22m 21:32:50
[2m   Duration [22m 63.67s[2m (transform 7.85s, setup 88.58s, import 93.81s, tests 41.87s, environment 182.53s)[22m

[1m[41m FAIL [49m[22m [31mTests failed. Watching for file changes...[39m
       [2mpress [22m[1mh[22m[2m to show help[22m[2m, [22m[2mpress [22m[1mq[22m[2m to quit[22m
[36m?[39m [1mInput filename pattern[22m ÔÇ║ [1G[J[36m?[39m [1mInput filename pattern[22m ÔÇ║ m test -- --passWithNoTests --testPathPattern="
Pattern matches 38 results
[2m ÔÇ║ app/hooks/__tests__/usePermissions.test.ts[22m
[2m ÔÇ║ app/hooks/__tests__/useThemeConfig.test.ts[22m
[2m ÔÇ║ app/hooks/__tests__/useThemeConfig.test.tsx[22m
[2m ÔÇ║ app/routes/__tests__/config.import-export.test.tsx[22m
[2m ÔÇ║ app/routes/__tests__/config.modules.test.tsx[22m
[2m ÔÇ║ app/routes/__tests__/config.theme.test.tsx[22m
[2m ÔÇ║ app/components/auth/__tests__/RequirePermission.test.tsx[22m
[2m ÔÇ║ app/components/auth/__tests__/RequireRole.test.tsx[22m
[2m ÔÇ║ app/components/common/__tests__/EmptyState.test.tsx[22m
[2m ÔÇ║ app/components/common/__tests__/ErrorState.test.tsx[22m
[2m   ...and 28 more results[22m[12A[75G[1G[J[36m?[39m [1mInput filename pattern[22m ÔÇ║ m test -- --passWithNoTests --testPathPattern="
Pattern matches no results[1A[75G[1G[J[36m?[39m [1mInput filename pattern[22m ÔÇ║ m test -- --passWithNoTests --testPathPattern="
Pattern matches no results[1A[75G[1G[J[36m?[39m [1mInput filename pattern[22m ÔÇ║ m test -- --passWithNoTests --testPathPattern="
Pattern matches no results[1A[75G[1G[J[36m?[39m [1mInput filename pattern[22m ÔÇ║ m test -- --passWithNoTests --testPathPattern="
Pattern matches no results[1A[75G[1G[J[36m?[39m [1mInput filename pattern[22m ÔÇ║ m test -- --passWithNoTests --testPathPattern="
Pattern matches no results[1A[75G[1G[J[36m?[39m [1mInput filename pattern[22m ÔÇ║ m test -- --passWithNoTests --testPathPattern="
Pattern matches no results[1A[75G[1G[J[36m?[39m [1mInput filename pattern[22m ÔÇ║ m test -- --passWithNoTests --testPathPattern="
Pattern matches no results[1A[75G[1G[J[36m?[39m [1mInput filename pattern[22m ÔÇ║ m test -- --passWithNoTests --testPathPattern="
Pattern matches no results[1A[75G[1G[J[36m?[39m [1mInput filename pattern[22m ÔÇ║ m test -- --passWithNoTests --testPathPattern="
Pattern matches no results[1A[75G[1G[J[36m?[39m [1mInput filename pattern[22m ÔÇ║ m test -- --passWithNoTests --testPathPattern="
Pattern matches no results[1A[75G[1G[J[36m?[39m [1mInput filename pattern[22m ÔÇ║ m test -- --passWithNoTests --testPathPattern="
Pattern matches no results[1A[75G[1G[J[36m?[39m [1mInput filename pattern[22m ÔÇ║ m test -- --passWithNoTests --testPathPattern="
Pattern matches no results[1A[75G[1G[J[36m?[39m [1mInput filename pattern[22m ÔÇ║ m test -- --passWithNoTests --testPathPattern="
Pattern matches no results[1A[75G[1G[J[36m?[39m [1mInput filename pattern[22m ÔÇ║ m test -- --passWithNoTests --testPathPattern="
Pattern matches no results[1A[75G[1G[J[36m?[39m [1mInput filename pattern[22m ÔÇ║ m test -- --passWithNoTests --testPathPattern="
Pattern matches no results[1A[75G[1G[J[36m?[39m [1mInput filename pattern[22m ÔÇ║ m test -- --passWithNoTests --testPathPattern="
Pattern matches no results[1A[75G[1G[J[36m?[39m [1mInput filename pattern[22m ÔÇ║ m test -- --passWithNoTests --testPathPattern="
Pattern matches no results[1A[75G[1G[J[36m?[39m [1mInput filename pattern[22m ÔÇ║ m test -- --passWithNoTests --testPathPattern="
Pattern matches no results[1A[75G[1G[J[36m?[39m [1mInput filename pattern[22m ÔÇ║ m test -- --passWithNoTests --testPathPattern="
Pattern matches no results[1A[75G[1G[J[36m?[39m [1mInput filename pattern[22m ÔÇ║ m test -- --passWithNoTests --testPathPattern="
Pattern matches no results[1A[75G[1G[J[36m?[39m [1mInput filename pattern[22m ÔÇ║ m test -- --passWithNoTests --testPathPattern="
Pattern matches no results[1A[75G[1G[J[36m?[39m [1mInput filename pattern[22m ÔÇ║ m test -- --passWithNoTests --testPathPattern="
Pattern matches no results[1A[75G[1G[J[36m?[39m [1mInput filename pattern[22m ÔÇ║ m test -- --passWithNoTests --testPathPattern="
Pattern matches no results[1A[75G[1G[J[36m?[39m [1mInput filename pattern[22m ÔÇ║ m test -- --passWithNoTests --testPathPattern="
Pattern matches no results[1A[75G[1G[J[36m?[39m [1mInput filename pattern[22m ÔÇ║ m test -- --passWithNoTests --testPathPattern="
Pattern matches no results[1A[75G[1G[J[36m?[39m [1mInput filename pattern[22m ÔÇ║ m test -- --passWithNoTests --testPathPattern="
Pattern matches no results[1A[75G[1G[J[36m?[39m [1mInput filename pattern[22m ÔÇ║ m test -- --passWithNoTests --testPathPattern="
Pattern matches no results[1A[75G[1G[J[36m?[39m [1mInput filename pattern[22m ÔÇ║ m test -- --passWithNoTests --testPathPattern="
Pattern matches no results[1A[75G[1G[J[36m?[39m [1mInput filename pattern[22m ÔÇ║ m test -- --passWithNoTests --testPathPattern="
Pattern matches no results[1A[75G[1G[J[36m?[39m [1mInput filename pattern[22m ÔÇ║ m test -- --passWithNoTests --testPathPattern="
Pattern matches no results[1A[75G[1G[J[36m?[39m [1mInput filename pattern[22m ÔÇ║ m test -- --passWithNoTests --testPathPattern="
Pattern matches no results[1A[75G[1G[J[36m?[39m [1mInput filename pattern[22m ÔÇ║ m test -- --passWithNoTests --testPathPattern="
Pattern matches no results[1A[75G[1G[J[36m?[39m [1mInput filename pattern[22m ÔÇ║ m test -- --passWithNoTests --testPathPattern="
Pattern matches no results[1A[75G[1G[J[36m?[39m [1mInput filename pattern[22m ÔÇ║ m test -- --passWithNoTests --testPathPattern="
Pattern matches no results[1A[75G[1G[J[36m?[39m [1mInput filename pattern[22m ÔÇ║ m test -- --passWithNoTests --testPathPattern="
Pattern matches no results[1A[75G[1G[J[36m?[39m [1mInput filename pattern[22m ÔÇ║ m test -- --passWithNoTests --testPathPattern="
Pattern matches no results[1A[75G[1G[J[36m?[39m [1mInput filename pattern[22m ÔÇ║ m test -- --passWithNoTests --testPathPattern="
Pattern matches no results[1A[75G[1G[J[36m?[39m [1mInput filename pattern[22m ÔÇ║ m test -- --passWithNoTests --testPathPattern="
Pattern matches no results[1A[75G[1G[J[36m?[39m [1mInput filename pattern[22m ÔÇ║ m test -- --passWithNoTests --testPathPattern="
Pattern matches no results[1A[75G[1G[J[36m?[39m [1mInput filename pattern[22m ÔÇ║ m test -- --passWithNoTests --testPathPattern="
Pattern matches no results[1A[75G[1G[J[36m?[39m [1mInput filename pattern[22m ÔÇ║ m test -- --passWithNoTests --testPathPattern="
Pattern matches no results[1A[75G[1G[J[36m?[39m [1mInput filename pattern[22m ÔÇ║ m test -- --passWithNoTests --testPathPattern="
Pattern matches no results[1A[75G[1G[J[36m?[39m [1mInput filename pattern[22m ÔÇ║ m test -- --passWithNoTests --testPathPattern="
Pattern matches no results[1A[75G[1G[J[36m?[39m [1mInput filename pattern[22m ÔÇ║ m test -- --passWithNoTests --testPathPattern="
Pattern matches no results[1A[75G[1G[J[36m?[39m [1mInput filename pattern[22m ÔÇ║ m test -- --passWithNoTests --testPathPattern="
Pattern matches no results[1A[75G[1G[J[36m?[39m [1mInput filename pattern[22m ÔÇ║ m test -- --passWithNoTests --testPathPattern="
Pattern matches no results[1A[75G[1G[J[36m?[39m [1mInput filename pattern[22m ÔÇ║ m test -- --passWithNoTests --testPathPattern="workflows" --no-coverage
Pattern matches no results[2A[99G[1G[J[36m?[39m [1mInput filename pattern[22m ÔÇ║ m test -- --passWithNoTests --testPathPattern="workflows" --no-coverage
Pattern matches no results[2A[99G[1G[J[36m?[39m [1mInput filename pattern[22m ÔÇ║ m test -- --passWithNoTests --testPathPattern="workflows" --no-coverage
Pattern matches no results[2A[99G[1G[J[36m?[39m [1mInput filename pattern[22m ÔÇ║ m test -- --passWithNoTests --testPathPattern="workflows" --no-coverage
Pattern matches no results[2A[99G[1G[J[36m?[39m [1mInput filename pattern[22m ÔÇ║ m test -- --passWithNoTests --testPathPattern="workflows" --no-coverage
Pattern matches no results[2A[99G[1G[J[36m?[39m [1mInput filename pattern[22m ÔÇ║ m test -- --passWithNoTests --testPathPattern="workflows" --no-coverage
Pattern matches no results[2A[99G[1G[J[36m?[39m [1mInput filename pattern[22m ÔÇ║ m test -- --passWithNoTests --testPathPattern="workflows" --no-coverage
Pattern matches no results[2A[99G[1G[J[36m?[39m [1mInput filename pattern[22m ÔÇ║ m test -- --passWithNoTests --testPathPattern="workflows" --no-coverage
Pattern matches no results[2A[99G[1G[J[36m?[39m [1mInput filename pattern[22m ÔÇ║ m test -- --passWithNoTests --testPathPattern="workflows" --no-coverage
Pattern matches no results[2A[99G[1G[J[36m?[39m [1mInput filename pattern[22m ÔÇ║ m test -- --passWithNoTests --testPathPattern="workflows" --no-coverage
Pattern matches no results[2A[99G[1G[J[36m?[39m [1mInput filename pattern[22m ÔÇ║ m test -- --passWithNoTests --testPathPattern="workflows" --no-coverage
Pattern matches no results[2A[99G[1G[J[36m?[39m [1mInput filename pattern[22m ÔÇ║ m test -- --passWithNoTests --testPathPattern="workflows" --no-coverage
Pattern matches no results[2A[99G[1G[J[36m?[39m [1mInput filename pattern[22m ÔÇ║ m test -- --passWithNoTests --testPathPattern="workflows" --no-coverage
Pattern matches no results[2A[99G[1G[J[36m?[39m [1mInput filename pattern[22m ÔÇ║ m test -- --passWithNoTests --testPathPattern="workflows" --no-coverage
Pattern matches no results[2A[99G[1G[J[36m?[39m [1mInput filename pattern[22m ÔÇ║ m test -- --passWithNoTests --testPathPattern="workflows" --no-coverage
Pattern matches no results[2A[99G[1G[J[36m?[39m [1mInput filename pattern[22m ÔÇ║ m test -- --passWithNoTests --testPathPattern="workflows" --no-coverage
Pattern matches no results[2A[99G[1G[J[36m?[39m [1mInput filename pattern[22m ÔÇ║ m test -- --passWithNoTests --testPathPattern="workflows" --no-coverage
Pattern matches no results[2A[99G[1G[J[36m?[39m [1mInput filename pattern[22m ÔÇ║ m test -- --passWithNoTests --testPathPattern="workflows" --no-coverage
Pattern matches no results[2A[99G[1G[J[36m?[39m [1mInput filename pattern[22m ÔÇ║ m test -- --passWithNoTests --testPathPattern="workflows" --no-coverage
Pattern matches no results[2A[99G[1G[J[36m?[39m [1mInput filename pattern[22m ÔÇ║ m test -- --passWithNoTests --testPathPattern="workflows" --no-coverage
Pattern matches no results[2A[99G[1G[J[36m?[39m [1mInput filename pattern[22m ÔÇ║ m test -- --passWithNoTests --testPathPattern="workflows" --no-coverage
Pattern matches no results[2A[99G[1G[J[36m?[39m [1mInput filename pattern[22m ÔÇ║ m test -- --passWithNoTests --testPathPattern="workflows" --no-coverage
Pattern matches no results[2A[99G[1G[J[36m?[39m [1mInput filename pattern[22m ÔÇ║ m test -- --passWithNoTests --testPathPattern="workflows" --no-coverage
Pattern matches no results[2A[99G[1G[J[36m?[39m [1mInput filename pattern[22m ÔÇ║ m test -- --passWithNoTests --testPathPattern="workflows" --no-coverage
Pattern matches no results[2A[99G[1G[0J[31mCancelling test run. Press CTRL+c again to exit forcefully.
[39m
close timed out after 10000ms
